Archive member included because of file (symbol)

/home/n00b/.arduino15/packages/arduino/hardware/sam/1.6.12/variants/arduino_due_x/libsam_sam3x8e_gcc_rel.a(pio.o)
                              /home/n00b/Code/Develop/Indoorino.3.0.6/build/build/temp-DUE/libraries/Wire/Wire.cpp.o (PIO_Configure)
/home/n00b/.arduino15/packages/arduino/hardware/sam/1.6.12/variants/arduino_due_x/libsam_sam3x8e_gcc_rel.a(pmc.o)
                              /home/n00b/Code/Develop/Indoorino.3.0.6/build/build/temp-DUE/libraries/Wire/Wire.cpp.o (pmc_enable_periph_clk)
/home/n00b/.arduino15/packages/arduino/hardware/sam/1.6.12/variants/arduino_due_x/libsam_sam3x8e_gcc_rel.a(twi.o)
                              /home/n00b/Code/Develop/Indoorino.3.0.6/build/build/temp-DUE/libraries/Wire/Wire.cpp.o (TWI_SetClock)
/home/n00b/.arduino15/packages/arduino/hardware/sam/1.6.12/variants/arduino_due_x/libsam_sam3x8e_gcc_rel.a(system_sam3xa.o)
                              /home/n00b/Code/Develop/Indoorino.3.0.6/build/build/temp-DUE/core/variant.cpp.o (SystemInit)
/home/n00b/.arduino15/packages/arduino/hardware/sam/1.6.12/variants/arduino_due_x/libsam_sam3x8e_gcc_rel.a(startup_sam3xa.o)
                              (Reset_Handler)
/home/n00b/.arduino15/packages/arduino/hardware/sam/1.6.12/variants/arduino_due_x/libsam_sam3x8e_gcc_rel.a(adc.o)
                              /home/n00b/Code/Develop/Indoorino.3.0.6/build/build/temp-DUE/core/variant.cpp.o (adc_init)
/home/n00b/.arduino15/packages/arduino/hardware/sam/1.6.12/variants/arduino_due_x/libsam_sam3x8e_gcc_rel.a(uotghs.o)
                              /home/n00b/.arduino15/packages/arduino/hardware/sam/1.6.12/variants/arduino_due_x/libsam_sam3x8e_gcc_rel.a(startup_sam3xa.o) (UOTGHS_Handler)
/home/n00b/Code/Develop/Indoorino.3.0.6/build/build/temp-DUE/core/core.a(WInterrupts.c.o)
                              /home/n00b/.arduino15/packages/arduino/hardware/sam/1.6.12/variants/arduino_due_x/libsam_sam3x8e_gcc_rel.a(startup_sam3xa.o) (PIOA_Handler)
/home/n00b/Code/Develop/Indoorino.3.0.6/build/build/temp-DUE/core/core.a(cortex_handlers.c.o)
                              /home/n00b/.arduino15/packages/arduino/hardware/sam/1.6.12/variants/arduino_due_x/libsam_sam3x8e_gcc_rel.a(startup_sam3xa.o) (NMI_Handler)
/home/n00b/Code/Develop/Indoorino.3.0.6/build/build/temp-DUE/core/core.a(hooks.c.o)
                              /home/n00b/Code/Develop/Indoorino.3.0.6/build/build/temp-DUE/core/core.a(cortex_handlers.c.o) (sysTickHook)
/home/n00b/Code/Develop/Indoorino.3.0.6/build/build/temp-DUE/core/core.a(syscalls_sam3.c.o)
                              (_sbrk)
/home/n00b/Code/Develop/Indoorino.3.0.6/build/build/temp-DUE/core/core.a(wiring.c.o)
                              /home/n00b/Code/Develop/Indoorino.3.0.6/build/build/temp-DUE/sketch/sampler.ino.cpp.o (millis)
/home/n00b/Code/Develop/Indoorino.3.0.6/build/build/temp-DUE/core/core.a(wiring_analog.c.o)
                              /home/n00b/Code/Develop/Indoorino.3.0.6/build/build/temp-DUE/core/variant.cpp.o (analogOutputInit)
/home/n00b/Code/Develop/Indoorino.3.0.6/build/build/temp-DUE/core/core.a(wiring_digital.c.o)
                              /home/n00b/Code/Develop/Indoorino.3.0.6/build/build/temp-DUE/libraries/devices/stddev.cpp.o (pinMode)
/home/n00b/Code/Develop/Indoorino.3.0.6/build/build/temp-DUE/core/core.a(Print.cpp.o)
                              /home/n00b/Code/Develop/Indoorino.3.0.6/build/build/temp-DUE/libraries/Wire/Wire.cpp.o (Print::write(unsigned char const*, unsigned int))
/home/n00b/Code/Develop/Indoorino.3.0.6/build/build/temp-DUE/core/core.a(Reset.cpp.o)
                              /home/n00b/Code/Develop/Indoorino.3.0.6/build/build/temp-DUE/core/core.a(cortex_handlers.c.o) (tickReset)
/home/n00b/Code/Develop/Indoorino.3.0.6/build/build/temp-DUE/core/core.a(RingBuffer.cpp.o)
                              /home/n00b/Code/Develop/Indoorino.3.0.6/build/build/temp-DUE/core/variant.cpp.o (RingBuffer::RingBuffer())
/home/n00b/Code/Develop/Indoorino.3.0.6/build/build/temp-DUE/core/core.a(Stream.cpp.o)
                              /home/n00b/Code/Develop/Indoorino.3.0.6/build/build/temp-DUE/libraries/indoorino/packetUtils.cpp.o (Stream::setTimeout(unsigned long))
/home/n00b/Code/Develop/Indoorino.3.0.6/build/build/temp-DUE/core/core.a(UARTClass.cpp.o)
                              /home/n00b/Code/Develop/Indoorino.3.0.6/build/build/temp-DUE/libraries/indoorino/packetUtils.cpp.o (UARTClass::available())
/home/n00b/Code/Develop/Indoorino.3.0.6/build/build/temp-DUE/core/core.a(USARTClass.cpp.o)
                              /home/n00b/Code/Develop/Indoorino.3.0.6/build/build/temp-DUE/sketch/sampler.ino.cpp.o (USARTClass::begin(unsigned long))
/home/n00b/Code/Develop/Indoorino.3.0.6/build/build/temp-DUE/core/core.a(WString.cpp.o)
                              /home/n00b/Code/Develop/Indoorino.3.0.6/build/build/temp-DUE/core/core.a(Stream.cpp.o) (String::String(char const*))
[...]
Memory Configuration

Name             Origin             Length             Attributes
rom              0x0000000000080000 0x0000000000080000 xr
sram0            0x0000000020000000 0x0000000000010000 xrw
sram1            0x0000000020080000 0x0000000000008000 xrw
ram              0x0000000020070000 0x0000000000018000 xrw
*default*        0x0000000000000000 0xffffffffffffffff

Linker script and memory map

LOAD /home/n00b/.arduino15/packages/arduino/tools/arm-none-eabi-gcc/4.8.3-2014q1/bin/../lib/gcc/arm-none-eabi/4.8.3/armv7-m/crti.o
LOAD /home/n00b/.arduino15/packages/arduino/tools/arm-none-eabi-gcc/4.8.3-2014q1/bin/../lib/gcc/arm-none-eabi/4.8.3/armv7-m/crtbegin.o
LOAD /home/n00b/.arduino15/packages/arduino/tools/arm-none-eabi-gcc/4.8.3-2014q1/bin/../lib/gcc/arm-none-eabi/4.8.3/../../../../arm-none-eabi/lib/armv7-m/crt0.o
START GROUP
LOAD /home/n00b/Code/Develop/Indoorino.3.0.6/build/build/temp-DUE/sketch/sampler.ino.cpp.o
LOAD /home/n00b/Code/Develop/Indoorino.3.0.6/build/build/temp-DUE/libraries/indoorino/benchmark.cpp.o
LOAD /home/n00b/Code/Develop/Indoorino.3.0.6/build/build/temp-DUE/libraries/indoorino/packeTemplate.cpp.o
LOAD /home/n00b/Code/Develop/Indoorino.3.0.6/build/build/temp-DUE/libraries/indoorino/packetParse.cpp.o
LOAD /home/n00b/Code/Develop/Indoorino.3.0.6/build/build/temp-DUE/libraries/indoorino/packetSend.cpp.o
LOAD /home/n00b/Code/Develop/Indoorino.3.0.6/build/build/temp-DUE/libraries/indoorino/packetStubs.cpp.o
LOAD /home/n00b/Code/Develop/Indoorino.3.0.6/build/build/temp-DUE/libraries/indoorino/packetUtils.cpp.o
LOAD /home/n00b/Code/Develop/Indoorino.3.0.6/build/build/temp-DUE/libraries/indoorino/utils.cpp.o
LOAD /home/n00b/Code/Develop/Indoorino.3.0.6/build/build/temp-DUE/libraries/RTC/RTClib.cpp.o
LOAD /home/n00b/Code/Develop/Indoorino.3.0.6/build/build/temp-DUE/libraries/devices/stddev.cpp.o
LOAD /home/n00b/Code/Develop/Indoorino.3.0.6/build/build/temp-DUE/libraries/DHT/DHT.cpp.o
LOAD /home/n00b/Code/Develop/Indoorino.3.0.6/build/build/temp-DUE/libraries/Wire/Wire.cpp.o
LOAD /home/n00b/Code/Develop/Indoorino.3.0.6/build/build/temp-DUE/libraries/OneWire/OneWire.cpp.o
LOAD /home/n00b/Code/Develop/Indoorino.3.0.6/build/build/temp-DUE/libraries/DallasTemperature/DallasTemperature.cpp.o
LOAD /home/n00b/Code/Develop/Indoorino.3.0.6/build/build/temp-DUE/core/variant.cpp.o
LOAD /home/n00b/.arduino15/packages/arduino/hardware/sam/1.6.12/variants/arduino_due_x/libsam_sam3x8e_gcc_rel.a
LOAD /home/n00b/Code/Develop/Indoorino.3.0.6/build/build/temp-DUE/core/core.a
END GROUP
LOAD /home/n00b/.arduino15/packages/arduino/tools/arm-none-eabi-gcc/4.8.3-2014q1/bin/../lib/gcc/arm-none-eabi/4.8.3/../../../../arm-none-eabi/lib/armv7-m/libm.a
LOAD /home/n00b/.arduino15/packages/arduino/tools/arm-none-eabi-gcc/4.8.3-2014q1/bin/../lib/gcc/arm-none-eabi/4.8.3/armv7-m/libgcc.a
START GROUP
LOAD /home/n00b/.arduino15/packages/arduino/tools/arm-none-eabi-gcc/4.8.3-2014q1/bin/../lib/gcc/arm-none-eabi/4.8.3/armv7-m/libgcc.a
LOAD /home/n00b/.arduino15/packages/arduino/tools/arm-none-eabi-gcc/4.8.3-2014q1/bin/../lib/gcc/arm-none-eabi/4.8.3/../../../../arm-none-eabi/lib/armv7-m/libc.a
END GROUP
LOAD /home/n00b/.arduino15/packages/arduino/tools/arm-none-eabi-gcc/4.8.3-2014q1/bin/../lib/gcc/arm-none-eabi/4.8.3/armv7-m/crtend.o
LOAD /home/n00b/.arduino15/packages/arduino/tools/arm-none-eabi-gcc/4.8.3-2014q1/bin/../lib/gcc/arm-none-eabi/4.8.3/armv7-m/crtn.o

.text           0x0000000000080000     0xbb9c
                0x0000000000080000                . = ALIGN (0x4)
                0x0000000000080000                _sfixed = .
 *(.vectors .vectors.*)
 .vectors       0x0000000000080000       0xf4 /home/n00b/.arduino15/packages/arduino/hardware/sam/1.6.12/variants/arduino_due_x/libsam_sam3x8e_gcc_rel.a(startup_sam3xa.o)
                0x0000000000080000                exception_table
 *(.text .text.* .gnu.linkonce.t.*)
 .text          0x00000000000800f4       0x54 /home/n00b/.arduino15/packages/arduino/tools/arm-none-eabi-gcc/4.8.3-2014q1/bin/../lib/gcc/arm-none-eabi/4.8.3/armv7-m/crtbegin.o
 .text.startup._GLOBAL__sub_I_blinker
                0x0000000000080148       0x44 /home/n00b/Code/Develop/Indoorino.3.0.6/build/build/temp-DUE/sketch/sampler.ino.cpp.o
 .text.setup    0x000000000008018c       0x88 /home/n00b/Code/Develop/Indoorino.3.0.6/build/build/temp-DUE/sketch/sampler.ino.cpp.o
                0x000000000008018c                setup
 .text.loop     0x0000000000080214       0x4c /home/n00b/Code/Develop/Indoorino.3.0.6/build/build/temp-DUE/sketch/sampler.ino.cpp.o
                0x0000000000080214                loop
 .text._ZN7ipacket7commandEv
                0x0000000000080260       0x28 /home/n00b/Code/Develop/Indoorino.3.0.6/build/build/temp-DUE/libraries/indoorino/packeTemplate.cpp.o
                0x0000000000080260                ipacket::command()
 .text._ZN7ipacket5labelEv
                0x0000000000080288        0x6 /home/n00b/Code/Develop/Indoorino.3.0.6/build/build/temp-DUE/libraries/indoorino/packeTemplate.cpp.o
                0x0000000000080288                ipacket::label()
 *fill*         0x000000000008028e        0x2 
 .text._ZN7ipacket9data_sizeEv
                0x0000000000080290       0x5c /home/n00b/Code/Develop/Indoorino.3.0.6/build/build/temp-DUE/libraries/indoorino/packeTemplate.cpp.o
                0x0000000000080290                ipacket::data_size()
 .text._ZN7ipacketC2Et
                0x00000000000802ec       0x68 /home/n00b/Code/Develop/Indoorino.3.0.6/build/build/temp-DUE/libraries/indoorino/packeTemplate.cpp.o
                0x00000000000802ec                ipacket::ipacket(unsigned short)
                0x00000000000802ec                ipacket::ipacket(unsigned short)
 .text._ZN7ipacket9full_sizeEv
                0x0000000000080354        0xc /home/n00b/Code/Develop/Indoorino.3.0.6/build/build/temp-DUE/libraries/indoorino/packeTemplate.cpp.o
                0x0000000000080354                ipacket::full_size()
 .text._ZN7ipacket5forgeEPcPKc
                0x0000000000080360       0x94 /home/n00b/Code/Develop/Indoorino.3.0.6/build/build/temp-DUE/libraries/indoorino/packeTemplate.cpp.o
                0x0000000000080360                ipacket::forge(char*, char const*)
 .text._ZN7ipacket5clearEv
                0x00000000000803f4       0x1a /home/n00b/Code/Develop/Indoorino.3.0.6/build/build/temp-DUE/libraries/indoorino/packeTemplate.cpp.o
                0x00000000000803f4                ipacket::clear()
 .text._ZN7ipacket6appendEh
                0x000000000008040e       0x24 /home/n00b/Code/Develop/Indoorino.3.0.6/build/build/temp-DUE/libraries/indoorino/packeTemplate.cpp.o
                0x000000000008040e                ipacket::append(unsigned char)
 *fill*         0x0000000000080432        0x2 
 .text._ZN11packetParse5beginEv
                0x0000000000080434       0x40 /home/n00b/Code/Develop/Indoorino.3.0.6/build/build/temp-DUE/libraries/indoorino/packetParse.cpp.o
                0x0000000000080434                packetParse::begin()
 .text._ZN11packetParse4loopEv
                0x0000000000080474       0x18 /home/n00b/Code/Develop/Indoorino.3.0.6/build/build/temp-DUE/libraries/indoorino/packetParse.cpp.o
                0x0000000000080474                packetParse::loop()
 .text._ZN11packetParseD2Ev
                0x000000000008048c       0x34 /home/n00b/Code/Develop/Indoorino.3.0.6/build/build/temp-DUE/libraries/indoorino/packetParse.cpp.o
                0x000000000008048c                packetParse::~packetParse()
                0x000000000008048c                packetParse::~packetParse()
 .text._ZN11packetParseD0Ev
                0x00000000000804c0       0x12 /home/n00b/Code/Develop/Indoorino.3.0.6/build/build/temp-DUE/libraries/indoorino/packetParse.cpp.o
                0x00000000000804c0                packetParse::~packetParse()
 *fill*         0x00000000000804d2        0x2 
 .text._ZN11packetParseC2Eb
                0x00000000000804d4       0x2c /home/n00b/Code/Develop/Indoorino.3.0.6/build/build/temp-DUE/libraries/indoorino/packetParse.cpp.o
                0x00000000000804d4                packetParse::packetParse(bool)
                0x00000000000804d4                packetParse::packetParse(bool)
 .text._ZN11packetParse6packetEv
                0x0000000000080500       0x14 /home/n00b/Code/Develop/Indoorino.3.0.6/build/build/temp-DUE/libraries/indoorino/packetParse.cpp.o
                0x0000000000080500                packetParse::packet()
 .text._ZN11packetParse14parse_preambleEh
                0x0000000000080514       0x4c /home/n00b/Code/Develop/Indoorino.3.0.6/build/build/temp-DUE/libraries/indoorino/packetParse.cpp.o
                0x0000000000080514                packetParse::parse_preamble(unsigned char)
 .text._ZN11packetParse10parse_nameEh
                0x0000000000080560       0xa8 /home/n00b/Code/Develop/Indoorino.3.0.6/build/build/temp-DUE/libraries/indoorino/packetParse.cpp.o
                0x0000000000080560                packetParse::parse_name(unsigned char)
 .text._ZN11packetParse14parse_commbyteEh
                0x0000000000080608       0x70 /home/n00b/Code/Develop/Indoorino.3.0.6/build/build/temp-DUE/libraries/indoorino/packetParse.cpp.o
                0x0000000000080608                packetParse::parse_commbyte(unsigned char)
 .text._ZN11packetParse12parse_plbyteEh
                0x0000000000080678       0x88 /home/n00b/Code/Develop/Indoorino.3.0.6/build/build/temp-DUE/libraries/indoorino/packetParse.cpp.o
                0x0000000000080678                packetParse::parse_plbyte(unsigned char)
 .text._ZN11packetParse6appendEh
                0x0000000000080700       0x1c /home/n00b/Code/Develop/Indoorino.3.0.6/build/build/temp-DUE/libraries/indoorino/packetParse.cpp.o
                0x0000000000080700                packetParse::append(unsigned char)
 .text._ZN14packetTransmit10sendSerialEP7ipacketPKc
                0x000000000008071c       0x3a /home/n00b/Code/Develop/Indoorino.3.0.6/build/build/temp-DUE/libraries/indoorino/packetSend.cpp.o
                0x000000000008071c                packetTransmit::sendSerial(ipacket*, char const*)
 .text._ZN14packetTransmit4sendEP7ipacketPKc
                0x0000000000080756       0x10 /home/n00b/Code/Develop/Indoorino.3.0.6/build/build/temp-DUE/libraries/indoorino/packetSend.cpp.o
                0x0000000000080756                packetTransmit::send(ipacket*, char const*)
 *fill*         0x0000000000080766        0x2 
 .text._ZN14packetTransmit4sendEP7ipacket
                0x0000000000080768       0x24 /home/n00b/Code/Develop/Indoorino.3.0.6/build/build/temp-DUE/libraries/indoorino/packetSend.cpp.o
                0x0000000000080768                packetTransmit::send(ipacket*)
 .text._ZN7ipacket9p_messageEv
                0x000000000008078c       0x12 /home/n00b/Code/Develop/Indoorino.3.0.6/build/build/temp-DUE/libraries/indoorino/packetStubs.cpp.o
                0x000000000008078c                ipacket::p_message()
 .text._ZN7ipacket6p_nameEv
                0x000000000008079e       0x3c /home/n00b/Code/Develop/Indoorino.3.0.6/build/build/temp-DUE/libraries/indoorino/packetStubs.cpp.o
                0x000000000008079e                ipacket::p_name()
 .text._ZN7ipacket7p_epochEv
                0x00000000000807da       0x54 /home/n00b/Code/Develop/Indoorino.3.0.6/build/build/temp-DUE/libraries/indoorino/packetStubs.cpp.o
                0x00000000000807da                ipacket::p_epoch()
 .text._ZN7ipacket7p_levelEv
                0x000000000008082e       0x4c /home/n00b/Code/Develop/Indoorino.3.0.6/build/build/temp-DUE/libraries/indoorino/packetStubs.cpp.o
                0x000000000008082e                ipacket::p_level()
 .text._ZN7ipacketD2Ev
                0x000000000008087a       0x10 /home/n00b/Code/Develop/Indoorino.3.0.6/build/build/temp-DUE/libraries/indoorino/packetUtils.cpp.o
                0x000000000008087a                ipacket::~ipacket()
                0x000000000008087a                ipacket::~ipacket()
 .text._ZN7BoardIOC2Eb
                0x000000000008088a       0x2a /home/n00b/Code/Develop/Indoorino.3.0.6/build/build/temp-DUE/libraries/indoorino/packetUtils.cpp.o
                0x000000000008088a                BoardIO::BoardIO(bool)
                0x000000000008088a                BoardIO::BoardIO(bool)
 .text._Z11_sendreporthPKcS0_St9__va_list
                0x00000000000808b4       0x88 /home/n00b/Code/Develop/Indoorino.3.0.6/build/build/temp-DUE/libraries/indoorino/packetUtils.cpp.o
                0x00000000000808b4                _sendreport(unsigned char, char const*, char const*, std::__va_list)
 .text._Z10sendReporthPK19__FlashStringHelperS1_z
                0x000000000008093c       0x2c /home/n00b/Code/Develop/Indoorino.3.0.6/build/build/temp-DUE/libraries/indoorino/packetUtils.cpp.o
                0x000000000008093c                sendReport(unsigned char, __FlashStringHelper const*, __FlashStringHelper const*, ...)
 .text._Z13reallocPacketP7ipackett
                0x0000000000080968       0x44 /home/n00b/Code/Develop/Indoorino.3.0.6/build/build/temp-DUE/libraries/indoorino/packetUtils.cpp.o
                0x0000000000080968                reallocPacket(ipacket*, unsigned short)
 .text._ZN7BoardIO5beginEv
                0x00000000000809ac       0x28 /home/n00b/Code/Develop/Indoorino.3.0.6/build/build/temp-DUE/libraries/indoorino/packetUtils.cpp.o
                0x00000000000809ac                BoardIO::begin()
 .text._ZN7BoardIO4loopEv
                0x00000000000809d4       0x34 /home/n00b/Code/Develop/Indoorino.3.0.6/build/build/temp-DUE/libraries/indoorino/packetUtils.cpp.o
                0x00000000000809d4                BoardIO::loop()
 .text._Z11debughelperPK19__FlashStringHelperz
                0x0000000000080a08       0x40 /home/n00b/Code/Develop/Indoorino.3.0.6/build/build/temp-DUE/libraries/indoorino/utils.cpp.o
                0x0000000000080a08                debughelper(__FlashStringHelper const*, ...)
 .text._Z11time_stringPcm
                0x0000000000080a48       0x24 /home/n00b/Code/Develop/Indoorino.3.0.6/build/build/temp-DUE/libraries/indoorino/utils.cpp.o
                0x0000000000080a48                time_string(char*, unsigned long)
 .text._Z17is_string_devnamePKchh
                0x0000000000080a6c       0x4a /home/n00b/Code/Develop/Indoorino.3.0.6/build/build/temp-DUE/libraries/indoorino/utils.cpp.o
                0x0000000000080a6c                is_string_devname(char const*, unsigned char, unsigned char)
 *fill*         0x0000000000080ab6        0x2 
 .text._Z11serialwritePct
                0x0000000000080ab8       0x38 /home/n00b/Code/Develop/Indoorino.3.0.6/build/build/temp-DUE/libraries/indoorino/utils.cpp.o
                0x0000000000080ab8                serialwrite(char*, unsigned short)
 .text._ZL9date2daysthh
                0x0000000000080af0       0x50 /home/n00b/Code/Develop/Indoorino.3.0.6/build/build/temp-DUE/libraries/RTC/RTClib.cpp.o
 .text._ZL6conv2dPKc
                0x0000000000080b40       0x1c /home/n00b/Code/Develop/Indoorino.3.0.6/build/build/temp-DUE/libraries/RTC/RTClib.cpp.o
 .text._ZN8DateTimeC2Em
                0x0000000000080b5c       0x88 /home/n00b/Code/Develop/Indoorino.3.0.6/build/build/temp-DUE/libraries/RTC/RTClib.cpp.o
                0x0000000000080b5c                DateTime::DateTime(unsigned long)
                0x0000000000080b5c                DateTime::DateTime(unsigned long)
 .text._ZN8DateTimeC2EPK19__FlashStringHelperS2_
                0x0000000000080be4       0xc2 /home/n00b/Code/Develop/Indoorino.3.0.6/build/build/temp-DUE/libraries/RTC/RTClib.cpp.o
                0x0000000000080be4                DateTime::DateTime(__FlashStringHelper const*, __FlashStringHelper const*)
                0x0000000000080be4                DateTime::DateTime(__FlashStringHelper const*, __FlashStringHelper const*)
 *fill*         0x0000000000080ca6        0x2 
 .text._ZNK8DateTime8unixtimeEv
                0x0000000000080ca8       0x30 /home/n00b/Code/Develop/Indoorino.3.0.6/build/build/temp-DUE/libraries/RTC/RTClib.cpp.o
                0x0000000000080ca8                DateTime::unixtime() const
 .text._ZNK8DateTime7isValidEv
                0x0000000000080cd8       0x5c /home/n00b/Code/Develop/Indoorino.3.0.6/build/build/temp-DUE/libraries/RTC/RTClib.cpp.o
                0x0000000000080cd8                DateTime::isValid() const
 .text._ZN8DateTime9timestampEPcNS_12timestampOptE
                0x0000000000080d34       0x58 /home/n00b/Code/Develop/Indoorino.3.0.6/build/build/temp-DUE/libraries/RTC/RTClib.cpp.o
                0x0000000000080d34                DateTime::timestamp(char*, DateTime::timestampOpt)
 .text._ZN10RTC_Millis6adjustERK8DateTime
                0x0000000000080d8c       0x20 /home/n00b/Code/Develop/Indoorino.3.0.6/build/build/temp-DUE/libraries/RTC/RTClib.cpp.o
                0x0000000000080d8c                RTC_Millis::adjust(DateTime const&)
 .text._ZN10RTC_Millis3nowEv
                0x0000000000080dac       0x38 /home/n00b/Code/Develop/Indoorino.3.0.6/build/build/temp-DUE/libraries/RTC/RTClib.cpp.o
                0x0000000000080dac                RTC_Millis::now()
 .text._ZN10RTC_DS32315beginEv
                0x0000000000080de4       0x28 /home/n00b/Code/Develop/Indoorino.3.0.6/build/build/temp-DUE/libraries/RTC/RTClib.cpp.o
                0x0000000000080de4                RTC_DS3231::begin()
 .text._ZL18write_i2c_registerhhh.constprop.6
                0x0000000000080e0c       0x30 /home/n00b/Code/Develop/Indoorino.3.0.6/build/build/temp-DUE/libraries/RTC/RTClib.cpp.o
 .text._ZN10RTC_DS32313nowEv
                0x0000000000080e3c       0xc8 /home/n00b/Code/Develop/Indoorino.3.0.6/build/build/temp-DUE/libraries/RTC/RTClib.cpp.o
                0x0000000000080e3c                RTC_DS3231::now()
 .text._ZL17read_i2c_registerhh.constprop.7
                0x0000000000080f04       0x34 /home/n00b/Code/Develop/Indoorino.3.0.6/build/build/temp-DUE/libraries/RTC/RTClib.cpp.o
 .text._ZN10RTC_DS32316adjustERK8DateTime
                0x0000000000080f38       0xc4 /home/n00b/Code/Develop/Indoorino.3.0.6/build/build/temp-DUE/libraries/RTC/RTClib.cpp.o
                0x0000000000080f38                RTC_DS3231::adjust(DateTime const&)
 .text._ZN10RTC_DS32319lostPowerEv
                0x0000000000080ffc        0xe /home/n00b/Code/Develop/Indoorino.3.0.6/build/build/temp-DUE/libraries/RTC/RTClib.cpp.o
                0x0000000000080ffc                RTC_DS3231::lostPower()
 *fill*         0x000000000008100a        0x2 
 .text._ZN7rtclockD2Ev
                0x000000000008100c        0xc /home/n00b/Code/Develop/Indoorino.3.0.6/build/build/temp-DUE/libraries/devices/stddev.cpp.o
                0x000000000008100c                rtclock::~rtclock()
                0x000000000008100c                rtclock::~rtclock()
 .text._ZN11ClockDS32315epochEv
                0x0000000000081018        0x4 /home/n00b/Code/Develop/Indoorino.3.0.6/build/build/temp-DUE/libraries/devices/stddev.cpp.o
                0x0000000000081018                ClockDS3231::epoch()
 .text._ZN11ClockDS32316statusEv
                0x000000000008101c        0x4 /home/n00b/Code/Develop/Indoorino.3.0.6/build/build/temp-DUE/libraries/devices/stddev.cpp.o
                0x000000000008101c                ClockDS3231::status()
 .text._ZN7rtclockD0Ev
                0x0000000000081020       0x14 /home/n00b/Code/Develop/Indoorino.3.0.6/build/build/temp-DUE/libraries/devices/stddev.cpp.o
                0x0000000000081020                rtclock::~rtclock()
 .text._ZN11ClockDS3231D2Ev
                0x0000000000081034       0x20 /home/n00b/Code/Develop/Indoorino.3.0.6/build/build/temp-DUE/libraries/devices/stddev.cpp.o
                0x0000000000081034                ClockDS3231::~ClockDS3231()
                0x0000000000081034                ClockDS3231::~ClockDS3231()
 .text._ZN11ClockDS3231D0Ev
                0x0000000000081054       0x12 /home/n00b/Code/Develop/Indoorino.3.0.6/build/build/temp-DUE/libraries/devices/stddev.cpp.o
                0x0000000000081054                ClockDS3231::~ClockDS3231()
 .text._ZN11ClockDS32313setE8DateTime
                0x0000000000081066        0xe /home/n00b/Code/Develop/Indoorino.3.0.6/build/build/temp-DUE/libraries/devices/stddev.cpp.o
                0x0000000000081066                ClockDS3231::set(DateTime)
 .text._ZN11blinkingLed5beginEh
                0x0000000000081074       0x36 /home/n00b/Code/Develop/Indoorino.3.0.6/build/build/temp-DUE/libraries/devices/stddev.cpp.o
                0x0000000000081074                blinkingLed::begin(unsigned char)
 .text._ZN11blinkingLed5startEh
                0x00000000000810aa        0x8 /home/n00b/Code/Develop/Indoorino.3.0.6/build/build/temp-DUE/libraries/devices/stddev.cpp.o
                0x00000000000810aa                blinkingLed::start(unsigned char)
 .text._ZN11blinkingLed4stopEv
                0x00000000000810b2        0x8 /home/n00b/Code/Develop/Indoorino.3.0.6/build/build/temp-DUE/libraries/devices/stddev.cpp.o
                0x00000000000810b2                blinkingLed::stop()
 .text._ZN11blinkingLed4loopEv
                0x00000000000810ba       0x58 /home/n00b/Code/Develop/Indoorino.3.0.6/build/build/temp-DUE/libraries/devices/stddev.cpp.o
                0x00000000000810ba                blinkingLed::loop()
 *fill*         0x0000000000081112        0x2 
 .text._ZN11ClockDS3231C2Ev
                0x0000000000081114       0x4c /home/n00b/Code/Develop/Indoorino.3.0.6/build/build/temp-DUE/libraries/devices/stddev.cpp.o
                0x0000000000081114                ClockDS3231::ClockDS3231()
                0x0000000000081114                ClockDS3231::ClockDS3231()
 .text._ZN11ClockDS323112request_timeEv
                0x0000000000081160       0x90 /home/n00b/Code/Develop/Indoorino.3.0.6/build/build/temp-DUE/libraries/devices/stddev.cpp.o
                0x0000000000081160                ClockDS3231::request_time()
 .text._ZN11ClockDS32315beginEv
                0x00000000000811f0      0x128 /home/n00b/Code/Develop/Indoorino.3.0.6/build/build/temp-DUE/libraries/devices/stddev.cpp.o
                0x00000000000811f0                ClockDS3231::begin()
 .text._ZN11ClockDS32314loopEv
                0x0000000000081318       0x40 /home/n00b/Code/Develop/Indoorino.3.0.6/build/build/temp-DUE/libraries/devices/stddev.cpp.o
                0x0000000000081318                ClockDS3231::loop()
 .text._ZN7TwoWire5writeEPKhj
                0x0000000000081358       0x50 /home/n00b/Code/Develop/Indoorino.3.0.6/build/build/temp-DUE/libraries/Wire/Wire.cpp.o
                0x0000000000081358                TwoWire::write(unsigned char const*, unsigned int)
 .text._ZN7TwoWire9availableEv
                0x00000000000813a8        0xc /home/n00b/Code/Develop/Indoorino.3.0.6/build/build/temp-DUE/libraries/Wire/Wire.cpp.o
                0x00000000000813a8                TwoWire::available()
 .text._ZN7TwoWire4readEv
                0x00000000000813b4       0x1e /home/n00b/Code/Develop/Indoorino.3.0.6/build/build/temp-DUE/libraries/Wire/Wire.cpp.o
                0x00000000000813b4                TwoWire::read()
 .text._ZN7TwoWire4peekEv
                0x00000000000813d2       0x16 /home/n00b/Code/Develop/Indoorino.3.0.6/build/build/temp-DUE/libraries/Wire/Wire.cpp.o
                0x00000000000813d2                TwoWire::peek()
 .text._ZN7TwoWire5flushEv
                0x00000000000813e8        0x2 /home/n00b/Code/Develop/Indoorino.3.0.6/build/build/temp-DUE/libraries/Wire/Wire.cpp.o
                0x00000000000813e8                TwoWire::flush()
 .text._ZN7TwoWire5writeEh
                0x00000000000813ea       0x3a /home/n00b/Code/Develop/Indoorino.3.0.6/build/build/temp-DUE/libraries/Wire/Wire.cpp.o
                0x00000000000813ea                TwoWire::write(unsigned char)
 .text._ZL16TWI_WaitByteSentP3Twim.constprop.3
                0x0000000000081424       0x2c /home/n00b/Code/Develop/Indoorino.3.0.6/build/build/temp-DUE/libraries/Wire/Wire.cpp.o
 .text._ZL24TWI_WaitTransferCompleteP3Twim.constprop.4
                0x0000000000081450       0x2c /home/n00b/Code/Develop/Indoorino.3.0.6/build/build/temp-DUE/libraries/Wire/Wire.cpp.o
 .text._ZL9Wire_Initv
                0x000000000008147c       0x54 /home/n00b/Code/Develop/Indoorino.3.0.6/build/build/temp-DUE/libraries/Wire/Wire.cpp.o
 .text._ZL12Wire1_Deinitv
                0x00000000000814d0       0x18 /home/n00b/Code/Develop/Indoorino.3.0.6/build/build/temp-DUE/libraries/Wire/Wire.cpp.o
 .text._ZL11Wire_Deinitv
                0x00000000000814e8       0x18 /home/n00b/Code/Develop/Indoorino.3.0.6/build/build/temp-DUE/libraries/Wire/Wire.cpp.o
 .text._ZL10Wire1_Initv
                0x0000000000081500       0x54 /home/n00b/Code/Develop/Indoorino.3.0.6/build/build/temp-DUE/libraries/Wire/Wire.cpp.o
 .text._ZN7TwoWireC2EP3TwiPFvvES3_
                0x0000000000081554       0x48 /home/n00b/Code/Develop/Indoorino.3.0.6/build/build/temp-DUE/libraries/Wire/Wire.cpp.o
                0x0000000000081554                TwoWire::TwoWire(Twi*, void (*)(), void (*)())
                0x0000000000081554                TwoWire::TwoWire(Twi*, void (*)(), void (*)())
 .text._ZN7TwoWire5beginEv
                0x000000000008159c       0x30 /home/n00b/Code/Develop/Indoorino.3.0.6/build/build/temp-DUE/libraries/Wire/Wire.cpp.o
                0x000000000008159c                TwoWire::begin()
 .text._ZN7TwoWire11requestFromEhhmhh
                0x00000000000815cc       0x78 /home/n00b/Code/Develop/Indoorino.3.0.6/build/build/temp-DUE/libraries/Wire/Wire.cpp.o
                0x00000000000815cc                TwoWire::requestFrom(unsigned char, unsigned char, unsigned long, unsigned char, unsigned char)
 .text._ZN7TwoWire11requestFromEhhh
                0x0000000000081644       0x12 /home/n00b/Code/Develop/Indoorino.3.0.6/build/build/temp-DUE/libraries/Wire/Wire.cpp.o
                0x0000000000081644                TwoWire::requestFrom(unsigned char, unsigned char, unsigned char)
 .text._ZN7TwoWire11requestFromEhh
                0x0000000000081656        0x6 /home/n00b/Code/Develop/Indoorino.3.0.6/build/build/temp-DUE/libraries/Wire/Wire.cpp.o
                0x0000000000081656                TwoWire::requestFrom(unsigned char, unsigned char)
 .text._ZN7TwoWire11requestFromEii
                0x000000000008165c        0xa /home/n00b/Code/Develop/Indoorino.3.0.6/build/build/temp-DUE/libraries/Wire/Wire.cpp.o
                0x000000000008165c                TwoWire::requestFrom(int, int)
 .text._ZN7TwoWire17beginTransmissionEh
                0x0000000000081666       0x12 /home/n00b/Code/Develop/Indoorino.3.0.6/build/build/temp-DUE/libraries/Wire/Wire.cpp.o
                0x0000000000081666                TwoWire::beginTransmission(unsigned char)
 .text._ZN7TwoWire17beginTransmissionEi
                0x0000000000081678       0x12 /home/n00b/Code/Develop/Indoorino.3.0.6/build/build/temp-DUE/libraries/Wire/Wire.cpp.o
                0x0000000000081678                TwoWire::beginTransmission(int)
 .text._ZN7TwoWire15endTransmissionEh
                0x000000000008168a       0x82 /home/n00b/Code/Develop/Indoorino.3.0.6/build/build/temp-DUE/libraries/Wire/Wire.cpp.o
                0x000000000008168a                TwoWire::endTransmission(unsigned char)
 .text._ZN7TwoWire15endTransmissionEv
                0x000000000008170c        0x6 /home/n00b/Code/Develop/Indoorino.3.0.6/build/build/temp-DUE/libraries/Wire/Wire.cpp.o
                0x000000000008170c                TwoWire::endTransmission()
 .text._ZN7TwoWire9onServiceEv
                0x0000000000081712      0x118 /home/n00b/Code/Develop/Indoorino.3.0.6/build/build/temp-DUE/libraries/Wire/Wire.cpp.o
                0x0000000000081712                TwoWire::onService()
 *fill*         0x000000000008182a        0x2 
 .text.TWI1_Handler
                0x000000000008182c        0xc /home/n00b/Code/Develop/Indoorino.3.0.6/build/build/temp-DUE/libraries/Wire/Wire.cpp.o
                0x000000000008182c                TWI1_Handler
 .text.TWI0_Handler
                0x0000000000081838        0xc /home/n00b/Code/Develop/Indoorino.3.0.6/build/build/temp-DUE/libraries/Wire/Wire.cpp.o
                0x0000000000081838                TWI0_Handler
 .text.startup._GLOBAL__sub_I__ZN7TwoWireC2EP3TwiPFvvES3_
                0x0000000000081844       0x40 /home/n00b/Code/Develop/Indoorino.3.0.6/build/build/temp-DUE/libraries/Wire/Wire.cpp.o
 .text._Z11serialEventv
                0x0000000000081884        0x2 /home/n00b/Code/Develop/Indoorino.3.0.6/build/build/temp-DUE/core/variant.cpp.o
                0x0000000000081884                serialEvent()
 *fill*         0x0000000000081886        0x2 
 .text.UART_Handler
                0x0000000000081888        0xc /home/n00b/Code/Develop/Indoorino.3.0.6/build/build/temp-DUE/core/variant.cpp.o
                0x0000000000081888                UART_Handler
 .text._Z12serialEvent1v
                0x0000000000081894        0x2 /home/n00b/Code/Develop/Indoorino.3.0.6/build/build/temp-DUE/core/variant.cpp.o
                0x0000000000081894                serialEvent1()
 .text._Z12serialEvent2v
                0x0000000000081896        0x2 /home/n00b/Code/Develop/Indoorino.3.0.6/build/build/temp-DUE/core/variant.cpp.o
                0x0000000000081896                serialEvent2()
 .text._Z12serialEvent3v
                0x0000000000081898        0x2 /home/n00b/Code/Develop/Indoorino.3.0.6/build/build/temp-DUE/core/variant.cpp.o
                0x0000000000081898                serialEvent3()
 *fill*         0x000000000008189a        0x2 
 .text.USART0_Handler
                0x000000000008189c        0xc /home/n00b/Code/Develop/Indoorino.3.0.6/build/build/temp-DUE/core/variant.cpp.o
                0x000000000008189c                USART0_Handler
 .text.USART1_Handler
                0x00000000000818a8        0xc /home/n00b/Code/Develop/Indoorino.3.0.6/build/build/temp-DUE/core/variant.cpp.o
                0x00000000000818a8                USART1_Handler
 .text.USART3_Handler
                0x00000000000818b4        0xc /home/n00b/Code/Develop/Indoorino.3.0.6/build/build/temp-DUE/core/variant.cpp.o
                0x00000000000818b4                USART3_Handler
 .text.init     0x00000000000818c0      0x128 /home/n00b/Code/Develop/Indoorino.3.0.6/build/build/temp-DUE/core/variant.cpp.o
                0x00000000000818c0                init
 .text.startup._GLOBAL__sub_I_g_APinDescription
                0x00000000000819e8       0xd4 /home/n00b/Code/Develop/Indoorino.3.0.6/build/build/temp-DUE/core/variant.cpp.o
 .text._Z14serialEventRunv
                0x0000000000081abc       0x44 /home/n00b/Code/Develop/Indoorino.3.0.6/build/build/temp-DUE/core/variant.cpp.o
                0x0000000000081abc                serialEventRun()
 .text.PIO_PullUp
                0x0000000000081b00        0xa /home/n00b/.arduino15/packages/arduino/hardware/sam/1.6.12/variants/arduino_due_x/libsam_sam3x8e_gcc_rel.a(pio.o)
                0x0000000000081b00                PIO_PullUp
 .text.PIO_SetPeripheral
                0x0000000000081b0a       0x26 /home/n00b/.arduino15/packages/arduino/hardware/sam/1.6.12/variants/arduino_due_x/libsam_sam3x8e_gcc_rel.a(pio.o)
                0x0000000000081b0a                PIO_SetPeripheral
 .text.PIO_SetInput
                0x0000000000081b30       0x26 /home/n00b/.arduino15/packages/arduino/hardware/sam/1.6.12/variants/arduino_due_x/libsam_sam3x8e_gcc_rel.a(pio.o)
                0x0000000000081b30                PIO_SetInput
 .text.PIO_SetOutput
                0x0000000000081b56       0x24 /home/n00b/.arduino15/packages/arduino/hardware/sam/1.6.12/variants/arduino_due_x/libsam_sam3x8e_gcc_rel.a(pio.o)
                0x0000000000081b56                PIO_SetOutput
 *fill*         0x0000000000081b7a        0x2 
 .text.PIO_Configure
                0x0000000000081b7c       0x64 /home/n00b/.arduino15/packages/arduino/hardware/sam/1.6.12/variants/arduino_due_x/libsam_sam3x8e_gcc_rel.a(pio.o)
                0x0000000000081b7c                PIO_Configure
 .text.PIO_GetOutputDataStatus
                0x0000000000081be0       0x14 /home/n00b/.arduino15/packages/arduino/hardware/sam/1.6.12/variants/arduino_due_x/libsam_sam3x8e_gcc_rel.a(pio.o)
                0x0000000000081be0                PIO_GetOutputDataStatus
 .text.pmc_enable_upll_clock
                0x0000000000081bf4       0x14 /home/n00b/.arduino15/packages/arduino/hardware/sam/1.6.12/variants/arduino_due_x/libsam_sam3x8e_gcc_rel.a(pmc.o)
                0x0000000000081bf4                pmc_enable_upll_clock
 .text.pmc_enable_periph_clk
                0x0000000000081c08       0x44 /home/n00b/.arduino15/packages/arduino/hardware/sam/1.6.12/variants/arduino_due_x/libsam_sam3x8e_gcc_rel.a(pmc.o)
                0x0000000000081c08                pmc_enable_periph_clk
 .text.pmc_disable_periph_clk
                0x0000000000081c4c       0x40 /home/n00b/.arduino15/packages/arduino/hardware/sam/1.6.12/variants/arduino_due_x/libsam_sam3x8e_gcc_rel.a(pmc.o)
                0x0000000000081c4c                pmc_disable_periph_clk
 .text.pmc_switch_udpck_to_upllck
                0x0000000000081c8c       0x14 /home/n00b/.arduino15/packages/arduino/hardware/sam/1.6.12/variants/arduino_due_x/libsam_sam3x8e_gcc_rel.a(pmc.o)
                0x0000000000081c8c                pmc_switch_udpck_to_upllck
 .text.pmc_enable_udpck
                0x0000000000081ca0        0xc /home/n00b/.arduino15/packages/arduino/hardware/sam/1.6.12/variants/arduino_due_x/libsam_sam3x8e_gcc_rel.a(pmc.o)
                0x0000000000081ca0                pmc_enable_udpck
 .text.TWI_SetClock
                0x0000000000081cac       0x58 /home/n00b/.arduino15/packages/arduino/hardware/sam/1.6.12/variants/arduino_due_x/libsam_sam3x8e_gcc_rel.a(twi.o)
                0x0000000000081cac                TWI_SetClock
 .text.TWI_Disable
                0x0000000000081d04       0x2c /home/n00b/.arduino15/packages/arduino/hardware/sam/1.6.12/variants/arduino_due_x/libsam_sam3x8e_gcc_rel.a(twi.o)
                0x0000000000081d04                TWI_Disable
 .text.TWI_ConfigureMaster
                0x0000000000081d30       0x48 /home/n00b/.arduino15/packages/arduino/hardware/sam/1.6.12/variants/arduino_due_x/libsam_sam3x8e_gcc_rel.a(twi.o)
                0x0000000000081d30                TWI_ConfigureMaster
 .text.TWI_Stop
                0x0000000000081d78       0x28 /home/n00b/.arduino15/packages/arduino/hardware/sam/1.6.12/variants/arduino_due_x/libsam_sam3x8e_gcc_rel.a(twi.o)
                0x0000000000081d78                TWI_Stop
 .text.TWI_StartRead
                0x0000000000081da0       0x70 /home/n00b/.arduino15/packages/arduino/hardware/sam/1.6.12/variants/arduino_due_x/libsam_sam3x8e_gcc_rel.a(twi.o)
                0x0000000000081da0                TWI_StartRead
 .text.TWI_ReadByte
                0x0000000000081e10       0x28 /home/n00b/.arduino15/packages/arduino/hardware/sam/1.6.12/variants/arduino_due_x/libsam_sam3x8e_gcc_rel.a(twi.o)
                0x0000000000081e10                TWI_ReadByte
 .text.TWI_WriteByte
                0x0000000000081e38       0x24 /home/n00b/.arduino15/packages/arduino/hardware/sam/1.6.12/variants/arduino_due_x/libsam_sam3x8e_gcc_rel.a(twi.o)
                0x0000000000081e38                TWI_WriteByte
 .text.TWI_StartWrite
                0x0000000000081e5c       0x7c /home/n00b/.arduino15/packages/arduino/hardware/sam/1.6.12/variants/arduino_due_x/libsam_sam3x8e_gcc_rel.a(twi.o)
                0x0000000000081e5c                TWI_StartWrite
 .text.TWI_EnableIt
                0x0000000000081ed8       0x40 /home/n00b/.arduino15/packages/arduino/hardware/sam/1.6.12/variants/arduino_due_x/libsam_sam3x8e_gcc_rel.a(twi.o)
                0x0000000000081ed8                TWI_EnableIt
 .text.TWI_DisableIt
                0x0000000000081f18       0x40 /home/n00b/.arduino15/packages/arduino/hardware/sam/1.6.12/variants/arduino_due_x/libsam_sam3x8e_gcc_rel.a(twi.o)
                0x0000000000081f18                TWI_DisableIt
 .text.TWI_GetStatus
                0x0000000000081f58       0x28 /home/n00b/.arduino15/packages/arduino/hardware/sam/1.6.12/variants/arduino_due_x/libsam_sam3x8e_gcc_rel.a(twi.o)
                0x0000000000081f58                TWI_GetStatus
 .text.TWI_SendSTOPCondition
                0x0000000000081f80       0x2c /home/n00b/.arduino15/packages/arduino/hardware/sam/1.6.12/variants/arduino_due_x/libsam_sam3x8e_gcc_rel.a(twi.o)
                0x0000000000081f80                TWI_SendSTOPCondition
 .text.SystemInit
                0x0000000000081fac       0x88 /home/n00b/.arduino15/packages/arduino/hardware/sam/1.6.12/variants/arduino_due_x/libsam_sam3x8e_gcc_rel.a(system_sam3xa.o)
                0x0000000000081fac                SystemInit
 .text.Reset_Handler
                0x0000000000082034       0x78 /home/n00b/.arduino15/packages/arduino/hardware/sam/1.6.12/variants/arduino_due_x/libsam_sam3x8e_gcc_rel.a(startup_sam3xa.o)
                0x0000000000082034                Reset_Handler
 .text.adc_init
                0x00000000000820ac       0x98 /home/n00b/.arduino15/packages/arduino/hardware/sam/1.6.12/variants/arduino_due_x/libsam_sam3x8e_gcc_rel.a(adc.o)
                0x00000000000820ac                adc_init
 .text.adc_configure_trigger
                0x0000000000082144        0xe /home/n00b/.arduino15/packages/arduino/hardware/sam/1.6.12/variants/arduino_due_x/libsam_sam3x8e_gcc_rel.a(adc.o)
                0x0000000000082144                adc_configure_trigger
 .text.adc_configure_timing
                0x0000000000082152       0x1a /home/n00b/.arduino15/packages/arduino/hardware/sam/1.6.12/variants/arduino_due_x/libsam_sam3x8e_gcc_rel.a(adc.o)
                0x0000000000082152                adc_configure_timing
 .text.adc_disable_channel
                0x000000000008216c        0xa /home/n00b/.arduino15/packages/arduino/hardware/sam/1.6.12/variants/arduino_due_x/libsam_sam3x8e_gcc_rel.a(adc.o)
                0x000000000008216c                adc_disable_channel
 .text.adc_disable_all_channel
                0x0000000000082176        0x8 /home/n00b/.arduino15/packages/arduino/hardware/sam/1.6.12/variants/arduino_due_x/libsam_sam3x8e_gcc_rel.a(adc.o)
                0x0000000000082176                adc_disable_all_channel
 .text.adc_disable_interrupt
                0x000000000008217e        0x4 /home/n00b/.arduino15/packages/arduino/hardware/sam/1.6.12/variants/arduino_due_x/libsam_sam3x8e_gcc_rel.a(adc.o)
                0x000000000008217e                adc_disable_interrupt
 *fill*         0x0000000000082182        0x2 
 .text.UOTGHS_Handler
                0x0000000000082184       0x10 /home/n00b/.arduino15/packages/arduino/hardware/sam/1.6.12/variants/arduino_due_x/libsam_sam3x8e_gcc_rel.a(uotghs.o)
                0x0000000000082184                UOTGHS_Handler
 .text.PIOA_Handler
                0x0000000000082194       0x38 /home/n00b/Code/Develop/Indoorino.3.0.6/build/build/temp-DUE/core/core.a(WInterrupts.c.o)
                0x0000000000082194                PIOA_Handler
 .text.PIOB_Handler
                0x00000000000821cc       0x38 /home/n00b/Code/Develop/Indoorino.3.0.6/build/build/temp-DUE/core/core.a(WInterrupts.c.o)
                0x00000000000821cc                PIOB_Handler
 .text.PIOC_Handler
                0x0000000000082204       0x38 /home/n00b/Code/Develop/Indoorino.3.0.6/build/build/temp-DUE/core/core.a(WInterrupts.c.o)
                0x0000000000082204                PIOC_Handler
 .text.PIOD_Handler
                0x000000000008223c       0x38 /home/n00b/Code/Develop/Indoorino.3.0.6/build/build/temp-DUE/core/core.a(WInterrupts.c.o)
                0x000000000008223c                PIOD_Handler
 .text.__halt   0x0000000000082274        0x2 /home/n00b/Code/Develop/Indoorino.3.0.6/build/build/temp-DUE/core/core.a(cortex_handlers.c.o)
                0x0000000000082274                DACC_Handler
                0x0000000000082274                DebugMon_Handler
                0x0000000000082274                DMAC_Handler
                0x0000000000082274                TRNG_Handler
                0x0000000000082274                HardFault_Handler
                0x0000000000082274                TC2_Handler
                0x0000000000082274                NMI_Handler
                0x0000000000082274                TC7_Handler
                0x0000000000082274                ADC_Handler
                0x0000000000082274                SMC_Handler
                0x0000000000082274                RTT_Handler
                0x0000000000082274                EFC1_Handler
                0x0000000000082274                RTC_Handler
                0x0000000000082274                UsageFault_Handler
                0x0000000000082274                TC6_Handler
                0x0000000000082274                WDT_Handler
                0x0000000000082274                CAN0_Handler
                0x0000000000082274                TC4_Handler
                0x0000000000082274                TC1_Handler
                0x0000000000082274                HSMCI_Handler
                0x0000000000082274                TC3_Handler
                0x0000000000082274                SSC_Handler
                0x0000000000082274                EFC0_Handler
                0x0000000000082274                PMC_Handler
                0x0000000000082274                PWM_Handler
                0x0000000000082274                CAN1_Handler
                0x0000000000082274                MemManage_Handler
                0x0000000000082274                SUPC_Handler
                0x0000000000082274                TC8_Handler
                0x0000000000082274                USART2_Handler
                0x0000000000082274                EMAC_Handler
                0x0000000000082274                BusFault_Handler
                0x0000000000082274                RSTC_Handler
                0x0000000000082274                TC0_Handler
                0x0000000000082274                TC5_Handler
                0x0000000000082274                SPI0_Handler
 .text.SVC_Handler
                0x0000000000082276        0x4 /home/n00b/Code/Develop/Indoorino.3.0.6/build/build/temp-DUE/core/core.a(cortex_handlers.c.o)
                0x0000000000082276                SVC_Handler
 .text.PendSV_Handler
                0x000000000008227a        0x4 /home/n00b/Code/Develop/Indoorino.3.0.6/build/build/temp-DUE/core/core.a(cortex_handlers.c.o)
                0x000000000008227a                PendSV_Handler
 .text.SysTick_Handler
                0x000000000008227e       0x16 /home/n00b/Code/Develop/Indoorino.3.0.6/build/build/temp-DUE/core/core.a(cortex_handlers.c.o)
                0x000000000008227e                SysTick_Handler
 .text.__empty  0x0000000000082294        0x2 /home/n00b/Code/Develop/Indoorino.3.0.6/build/build/temp-DUE/core/core.a(hooks.c.o)
                0x0000000000082294                yield
 .text.__false  0x0000000000082296        0x4 /home/n00b/Code/Develop/Indoorino.3.0.6/build/build/temp-DUE/core/core.a(hooks.c.o)
                0x0000000000082296                sysTickHook
 .text.__halt   0x000000000008229a        0x2 /home/n00b/Code/Develop/Indoorino.3.0.6/build/build/temp-DUE/core/core.a(hooks.c.o)
                0x000000000008229a                pendSVHook
                0x000000000008229a                svcHook
 .text._sbrk    0x000000000008229c       0x1c /home/n00b/Code/Develop/Indoorino.3.0.6/build/build/temp-DUE/core/core.a(syscalls_sam3.c.o)
                0x000000000008229c                _sbrk
 .text.link     0x00000000000822b8        0x6 /home/n00b/Code/Develop/Indoorino.3.0.6/build/build/temp-DUE/core/core.a(syscalls_sam3.c.o)
                0x00000000000822b8                link
 .text._close   0x00000000000822be        0x6 /home/n00b/Code/Develop/Indoorino.3.0.6/build/build/temp-DUE/core/core.a(syscalls_sam3.c.o)
                0x00000000000822be                _close
 .text._fstat   0x00000000000822c4        0xa /home/n00b/Code/Develop/Indoorino.3.0.6/build/build/temp-DUE/core/core.a(syscalls_sam3.c.o)
                0x00000000000822c4                _fstat
 .text._isatty  0x00000000000822ce        0x4 /home/n00b/Code/Develop/Indoorino.3.0.6/build/build/temp-DUE/core/core.a(syscalls_sam3.c.o)
                0x00000000000822ce                _isatty
 .text._lseek   0x00000000000822d2        0x4 /home/n00b/Code/Develop/Indoorino.3.0.6/build/build/temp-DUE/core/core.a(syscalls_sam3.c.o)
                0x00000000000822d2                _lseek
 .text._read    0x00000000000822d6        0x4 /home/n00b/Code/Develop/Indoorino.3.0.6/build/build/temp-DUE/core/core.a(syscalls_sam3.c.o)
                0x00000000000822d6                _read
 *fill*         0x00000000000822da        0x2 
 .text._write   0x00000000000822dc       0x24 /home/n00b/Code/Develop/Indoorino.3.0.6/build/build/temp-DUE/core/core.a(syscalls_sam3.c.o)
                0x00000000000822dc                _write
 .text._exit    0x0000000000082300        0x2 /home/n00b/Code/Develop/Indoorino.3.0.6/build/build/temp-DUE/core/core.a(syscalls_sam3.c.o)
                0x0000000000082300                _exit
 .text._kill    0x0000000000082302        0x2 /home/n00b/Code/Develop/Indoorino.3.0.6/build/build/temp-DUE/core/core.a(syscalls_sam3.c.o)
                0x0000000000082302                _kill
 .text._getpid  0x0000000000082304        0x6 /home/n00b/Code/Develop/Indoorino.3.0.6/build/build/temp-DUE/core/core.a(syscalls_sam3.c.o)
                0x0000000000082304                _getpid
 .text.millis   0x000000000008230a        0x4 /home/n00b/Code/Develop/Indoorino.3.0.6/build/build/temp-DUE/core/core.a(wiring.c.o)
                0x000000000008230a                millis
 *fill*         0x000000000008230e        0x2 
 .text.micros   0x0000000000082310       0x74 /home/n00b/Code/Develop/Indoorino.3.0.6/build/build/temp-DUE/core/core.a(wiring.c.o)
                0x0000000000082310                micros
 .text.delay    0x0000000000082384       0x1c /home/n00b/Code/Develop/Indoorino.3.0.6/build/build/temp-DUE/core/core.a(wiring.c.o)
                0x0000000000082384                delay
 .text.analogOutputInit
                0x00000000000823a0        0x2 /home/n00b/Code/Develop/Indoorino.3.0.6/build/build/temp-DUE/core/core.a(wiring_analog.c.o)
                0x00000000000823a0                analogOutputInit
 *fill*         0x00000000000823a2        0x2 
 .text.pinMode  0x00000000000823a4      0x108 /home/n00b/Code/Develop/Indoorino.3.0.6/build/build/temp-DUE/core/core.a(wiring_digital.c.o)
                0x00000000000823a4                pinMode
 .text.digitalWrite
                0x00000000000824ac       0x70 /home/n00b/Code/Develop/Indoorino.3.0.6/build/build/temp-DUE/core/core.a(wiring_digital.c.o)
                0x00000000000824ac                digitalWrite
 .text._ZN5Print5writeEPKhj
                0x000000000008251c       0x22 /home/n00b/Code/Develop/Indoorino.3.0.6/build/build/temp-DUE/core/core.a(Print.cpp.o)
                0x000000000008251c                Print::write(unsigned char const*, unsigned int)
 .text._ZN5Print5writeEPKc
                0x000000000008253e       0x1e /home/n00b/Code/Develop/Indoorino.3.0.6/build/build/temp-DUE/core/core.a(Print.cpp.o)
                0x000000000008253e                Print::write(char const*)
 .text._ZN5Print5printEPKc
                0x000000000008255c        0x8 /home/n00b/Code/Develop/Indoorino.3.0.6/build/build/temp-DUE/core/core.a(Print.cpp.o)
                0x000000000008255c                Print::print(char const*)
 .text.initiateReset
                0x0000000000082564        0xc /home/n00b/Code/Develop/Indoorino.3.0.6/build/build/temp-DUE/core/core.a(Reset.cpp.o)
                0x0000000000082564                initiateReset
 .text.cancelReset
                0x0000000000082570       0x10 /home/n00b/Code/Develop/Indoorino.3.0.6/build/build/temp-DUE/core/core.a(Reset.cpp.o)
                0x0000000000082570                cancelReset
 .text.tickReset
                0x0000000000082580       0x20 /home/n00b/Code/Develop/Indoorino.3.0.6/build/build/temp-DUE/core/core.a(Reset.cpp.o)
                0x0000000000082580                tickReset
 .text._ZN10RingBufferC2Ev
                0x00000000000825a0       0x1a /home/n00b/Code/Develop/Indoorino.3.0.6/build/build/temp-DUE/core/core.a(RingBuffer.cpp.o)
                0x00000000000825a0                RingBuffer::RingBuffer()
                0x00000000000825a0                RingBuffer::RingBuffer()
 .text._ZN10RingBuffer10store_charEh
                0x00000000000825ba       0x1e /home/n00b/Code/Develop/Indoorino.3.0.6/build/build/temp-DUE/core/core.a(RingBuffer.cpp.o)
                0x00000000000825ba                RingBuffer::store_char(unsigned char)
 .text._ZN6Stream10setTimeoutEm
                0x00000000000825d8        0x4 /home/n00b/Code/Develop/Indoorino.3.0.6/build/build/temp-DUE/core/core.a(Stream.cpp.o)
                0x00000000000825d8                Stream::setTimeout(unsigned long)
 .text._ZN9UARTClasscvbEv
                0x00000000000825dc        0x4 /home/n00b/Code/Develop/Indoorino.3.0.6/build/build/temp-DUE/core/core.a(UARTClass.cpp.o)
                0x00000000000825dc                UARTClass::operator bool()
 .text._ZN9UARTClass9availableEv
                0x00000000000825e0       0x12 /home/n00b/Code/Develop/Indoorino.3.0.6/build/build/temp-DUE/core/core.a(UARTClass.cpp.o)
                0x00000000000825e0                UARTClass::available()
 .text._ZN9UARTClass4peekEv
                0x00000000000825f2       0x1c /home/n00b/Code/Develop/Indoorino.3.0.6/build/build/temp-DUE/core/core.a(UARTClass.cpp.o)
                0x00000000000825f2                UARTClass::peek()
 .text._ZN9UARTClass4readEv
                0x000000000008260e       0x2a /home/n00b/Code/Develop/Indoorino.3.0.6/build/build/temp-DUE/core/core.a(UARTClass.cpp.o)
                0x000000000008260e                UARTClass::read()
 .text._ZN9UARTClass5flushEv
                0x0000000000082638       0x18 /home/n00b/Code/Develop/Indoorino.3.0.6/build/build/temp-DUE/core/core.a(UARTClass.cpp.o)
                0x0000000000082638                UARTClass::flush()
 .text._ZN9UARTClass5writeEh
                0x0000000000082650       0x54 /home/n00b/Code/Develop/Indoorino.3.0.6/build/build/temp-DUE/core/core.a(UARTClass.cpp.o)
                0x0000000000082650                UARTClass::write(unsigned char)
 .text._ZN9UARTClass3endEv
                0x00000000000826a4       0x3c /home/n00b/Code/Develop/Indoorino.3.0.6/build/build/temp-DUE/core/core.a(UARTClass.cpp.o)
                0x00000000000826a4                UARTClass::end()
 .text._ZN9UARTClassC2EP4Uart4IRQnmP10RingBufferS4_
                0x00000000000826e0       0x24 /home/n00b/Code/Develop/Indoorino.3.0.6/build/build/temp-DUE/core/core.a(UARTClass.cpp.o)
                0x00000000000826e0                UARTClass::UARTClass(Uart*, IRQn, unsigned long, RingBuffer*, RingBuffer*)
                0x00000000000826e0                UARTClass::UARTClass(Uart*, IRQn, unsigned long, RingBuffer*, RingBuffer*)
 .text._ZN9UARTClass4initEmm
                0x0000000000082704       0x70 /home/n00b/Code/Develop/Indoorino.3.0.6/build/build/temp-DUE/core/core.a(UARTClass.cpp.o)
                0x0000000000082704                UARTClass::init(unsigned long, unsigned long)
 .text._ZN9UARTClass5beginEm
                0x0000000000082774        0x8 /home/n00b/Code/Develop/Indoorino.3.0.6/build/build/temp-DUE/core/core.a(UARTClass.cpp.o)
                0x0000000000082774                UARTClass::begin(unsigned long)
 .text._ZN9UARTClass17availableForWriteEv
                0x000000000008277c       0x1e /home/n00b/Code/Develop/Indoorino.3.0.6/build/build/temp-DUE/core/core.a(UARTClass.cpp.o)
                0x000000000008277c                UARTClass::availableForWrite()
 .text._ZN9UARTClass10IrqHandlerEv
                0x000000000008279a       0x5a /home/n00b/Code/Develop/Indoorino.3.0.6/build/build/temp-DUE/core/core.a(UARTClass.cpp.o)
                0x000000000008279a                UARTClass::IrqHandler()
 .text._ZN10USARTClass5beginEm
                0x00000000000827f4        0x8 /home/n00b/Code/Develop/Indoorino.3.0.6/build/build/temp-DUE/core/core.a(USARTClass.cpp.o)
                0x00000000000827f4                USARTClass::begin(unsigned long)
 .text._ZN10USARTClassC2EP5Usart4IRQnmP10RingBufferS4_
                0x00000000000827fc       0x24 /home/n00b/Code/Develop/Indoorino.3.0.6/build/build/temp-DUE/core/core.a(USARTClass.cpp.o)
                0x00000000000827fc                USARTClass::USARTClass(Usart*, IRQn, unsigned long, RingBuffer*, RingBuffer*)
                0x00000000000827fc                USARTClass::USARTClass(Usart*, IRQn, unsigned long, RingBuffer*, RingBuffer*)
 .text.__cxa_pure_virtual
                0x0000000000082820        0x2 /home/n00b/Code/Develop/Indoorino.3.0.6/build/build/temp-DUE/core/core.a(abi.cpp.o)
                0x0000000000082820                __cxa_pure_virtual
 .text.initVariant
                0x0000000000082822        0x2 /home/n00b/Code/Develop/Indoorino.3.0.6/build/build/temp-DUE/core/core.a(main.cpp.o)
                0x0000000000082822                initVariant
 .text.startup.main
                0x0000000000082824       0x38 /home/n00b/Code/Develop/Indoorino.3.0.6/build/build/temp-DUE/core/core.a(main.cpp.o)
                0x0000000000082824                main
 .text._Znwj    0x000000000008285c        0x4 /home/n00b/Code/Develop/Indoorino.3.0.6/build/build/temp-DUE/core/core.a(new.cpp.o)
                0x000000000008285c                operator new(unsigned int)
 .text._ZdlPv   0x0000000000082860        0x4 /home/n00b/Code/Develop/Indoorino.3.0.6/build/build/temp-DUE/core/core.a(new.cpp.o)
                0x0000000000082860                operator delete(void*)
 .text._watchdogDefaultSetup
                0x0000000000082864        0xc /home/n00b/Code/Develop/Indoorino.3.0.6/build/build/temp-DUE/core/core.a(watchdog.cpp.o)
                0x0000000000082864                watchdogSetup()
                0x0000000000082864                _watchdogDefaultSetup
 .text.unlikely._ZL11USB_SendZlpv
                0x0000000000082870       0x20 /home/n00b/Code/Develop/Indoorino.3.0.6/build/build/temp-DUE/core/core.a(USBCore.cpp.o)
 .text._Z14USBD_Availablem
                0x0000000000082890       0x2c /home/n00b/Code/Develop/Indoorino.3.0.6/build/build/temp-DUE/core/core.a(USBCore.cpp.o)
                0x0000000000082890                USBD_Available(unsigned long)
 .text._Z9USBD_RecvmPvm
                0x00000000000828bc       0x7c /home/n00b/Code/Develop/Indoorino.3.0.6/build/build/temp-DUE/core/core.a(USBCore.cpp.o)
                0x00000000000828bc                USBD_Recv(unsigned long, void*, unsigned long)
 .text._Z9USBD_Recvm
                0x0000000000082938       0x22 /home/n00b/Code/Develop/Indoorino.3.0.6/build/build/temp-DUE/core/core.a(USBCore.cpp.o)
                0x0000000000082938                USBD_Recv(unsigned long)
 *fill*         0x000000000008295a        0x2 
 .text._Z9USBD_SendmPKvm
                0x000000000008295c       0x4c /home/n00b/Code/Develop/Indoorino.3.0.6/build/build/temp-DUE/core/core.a(USBCore.cpp.o)
                0x000000000008295c                USBD_Send(unsigned long, void const*, unsigned long)
 .text._Z16USBD_SendControlhPKvm
                0x00000000000829a8       0x40 /home/n00b/Code/Develop/Indoorino.3.0.6/build/build/temp-DUE/core/core.a(USBCore.cpp.o)
                0x00000000000829a8                USBD_SendControl(unsigned char, void const*, unsigned long)
 .text.unlikely._ZL24USB_SendStringDescriptorPKhi
                0x00000000000829e8       0x64 /home/n00b/Code/Develop/Indoorino.3.0.6/build/build/temp-DUE/core/core.a(USBCore.cpp.o)
 .text._Z16USBD_RecvControlPvm
                0x0000000000082a4c       0x1c /home/n00b/Code/Develop/Indoorino.3.0.6/build/build/temp-DUE/core/core.a(USBCore.cpp.o)
                0x0000000000082a4c                USBD_RecvControl(void*, unsigned long)
 .text._Z26USBD_ClassInterfaceRequestR8USBSetup
                0x0000000000082a68       0x1e /home/n00b/Code/Develop/Indoorino.3.0.6/build/build/temp-DUE/core/core.a(USBCore.cpp.o)
                0x0000000000082a68                USBD_ClassInterfaceRequest(USBSetup&)
 .text._Z19USBD_SendInterfacesv
                0x0000000000082a86       0x22 /home/n00b/Code/Develop/Indoorino.3.0.6/build/build/temp-DUE/core/core.a(USBCore.cpp.o)
                0x0000000000082a86                USBD_SendInterfaces()
 .text._Z24USBD_SendOtherInterfacesv
                0x0000000000082aa8       0x22 /home/n00b/Code/Develop/Indoorino.3.0.6/build/build/temp-DUE/core/core.a(USBCore.cpp.o)
                0x0000000000082aa8                USBD_SendOtherInterfaces()
 .text._Z10USBD_Flushm
                0x0000000000082aca       0x16 /home/n00b/Code/Develop/Indoorino.3.0.6/build/build/temp-DUE/core/core.a(USBCore.cpp.o)
                0x0000000000082aca                USBD_Flush(unsigned long)
 .text._ZN10USBDevice_C2Ev
                0x0000000000082ae0       0x24 /home/n00b/Code/Develop/Indoorino.3.0.6/build/build/temp-DUE/core/core.a(USBCore.cpp.o)
                0x0000000000082ae0                USBDevice_::USBDevice_()
                0x0000000000082ae0                USBDevice_::USBDevice_()
 .text._ZN10USBDevice_6attachEv
                0x0000000000082b04       0x20 /home/n00b/Code/Develop/Indoorino.3.0.6/build/build/temp-DUE/core/core.a(USBCore.cpp.o)
                0x0000000000082b04                USBDevice_::attach()
 .text.startup._GLOBAL__sub_I_EndPoints
                0x0000000000082b24        0xc /home/n00b/Code/Develop/Indoorino.3.0.6/build/build/temp-DUE/core/core.a(USBCore.cpp.o)
 .text._ZL7USB_ISRv
                0x0000000000082b30      0x454 /home/n00b/Code/Develop/Indoorino.3.0.6/build/build/temp-DUE/core/core.a(USBCore.cpp.o)
 .text._ZN7Serial_9availableEv
                0x0000000000082f84       0x18 /home/n00b/Code/Develop/Indoorino.3.0.6/build/build/temp-DUE/core/core.a(CDC.cpp.o)
                0x0000000000082f84                Serial_::available()
 .text._ZN7Serial_17availableForWriteEv
                0x0000000000082f9c        0x6 /home/n00b/Code/Develop/Indoorino.3.0.6/build/build/temp-DUE/core/core.a(CDC.cpp.o)
                0x0000000000082f9c                Serial_::availableForWrite()
 *fill*         0x0000000000082fa2        0x2 
 .text._ZN7Serial_4peekEv
                0x0000000000082fa4       0x20 /home/n00b/Code/Develop/Indoorino.3.0.6/build/build/temp-DUE/core/core.a(CDC.cpp.o)
                0x0000000000082fa4                Serial_::peek()
 .text._ZN7Serial_5writeEh
                0x0000000000082fc4       0x16 /home/n00b/Code/Develop/Indoorino.3.0.6/build/build/temp-DUE/core/core.a(CDC.cpp.o)
                0x0000000000082fc4                Serial_::write(unsigned char)
 *fill*         0x0000000000082fda        0x2 
 .text._ZN7Serial_4readEv
                0x0000000000082fdc       0x44 /home/n00b/Code/Develop/Indoorino.3.0.6/build/build/temp-DUE/core/core.a(CDC.cpp.o)
                0x0000000000082fdc                Serial_::read()
 .text._ZN7Serial_5flushEv
                0x0000000000083020        0x6 /home/n00b/Code/Develop/Indoorino.3.0.6/build/build/temp-DUE/core/core.a(CDC.cpp.o)
                0x0000000000083020                Serial_::flush()
 *fill*         0x0000000000083026        0x2 
 .text._ZN7Serial_6acceptEv
                0x0000000000083028       0x70 /home/n00b/Code/Develop/Indoorino.3.0.6/build/build/temp-DUE/core/core.a(CDC.cpp.o)
                0x0000000000083028                Serial_::accept()
 .text._ZN7Serial_5writeEPKhj
                0x0000000000083098       0x2c /home/n00b/Code/Develop/Indoorino.3.0.6/build/build/temp-DUE/core/core.a(CDC.cpp.o)
                0x0000000000083098                Serial_::write(unsigned char const*, unsigned int)
 .text._Z16CDC_GetInterfacePh
                0x00000000000830c4       0x14 /home/n00b/Code/Develop/Indoorino.3.0.6/build/build/temp-DUE/core/core.a(CDC.cpp.o)
                0x00000000000830c4                CDC_GetInterface(unsigned char*)
 .text._Z21CDC_GetOtherInterfacePh
                0x00000000000830d8       0x14 /home/n00b/Code/Develop/Indoorino.3.0.6/build/build/temp-DUE/core/core.a(CDC.cpp.o)
                0x00000000000830d8                CDC_GetOtherInterface(unsigned char*)
 .text._Z9CDC_SetupR8USBSetup
                0x00000000000830ec       0x78 /home/n00b/Code/Develop/Indoorino.3.0.6/build/build/temp-DUE/core/core.a(CDC.cpp.o)
                0x00000000000830ec                CDC_Setup(USBSetup&)
 .text.startup._GLOBAL__sub_I_cdc_rx_buffer
                0x0000000000083164       0x1c /home/n00b/Code/Develop/Indoorino.3.0.6/build/build/temp-DUE/core/core.a(CDC.cpp.o)
 .text._ZN13PluggableUSB_12getInterfaceEPh
                0x0000000000083180       0x28 /home/n00b/Code/Develop/Indoorino.3.0.6/build/build/temp-DUE/core/core.a(PluggableUSB.cpp.o)
                0x0000000000083180                PluggableUSB_::getInterface(unsigned char*)
 .text._ZN13PluggableUSB_13getDescriptorER8USBSetup
                0x00000000000831a8       0x1c /home/n00b/Code/Develop/Indoorino.3.0.6/build/build/temp-DUE/core/core.a(PluggableUSB.cpp.o)
                0x00000000000831a8                PluggableUSB_::getDescriptor(USBSetup&)
 .text._ZN13PluggableUSB_12getShortNameEPc
                0x00000000000831c4       0x1c /home/n00b/Code/Develop/Indoorino.3.0.6/build/build/temp-DUE/core/core.a(PluggableUSB.cpp.o)
                0x00000000000831c4                PluggableUSB_::getShortName(char*)
 .text._ZN13PluggableUSB_5setupER8USBSetup
                0x00000000000831e0       0x20 /home/n00b/Code/Develop/Indoorino.3.0.6/build/build/temp-DUE/core/core.a(PluggableUSB.cpp.o)
                0x00000000000831e0                PluggableUSB_::setup(USBSetup&)
 .text._Z12PluggableUSBv
                0x0000000000083200       0x28 /home/n00b/Code/Develop/Indoorino.3.0.6/build/build/temp-DUE/core/core.a(PluggableUSB.cpp.o)
                0x0000000000083200                PluggableUSB()
 .text.TimeTick_Increment
                0x0000000000083228       0x10 /home/n00b/.arduino15/packages/arduino/hardware/sam/1.6.12/variants/arduino_due_x/libsam_sam3x8e_gcc_rel.a(timetick.o)
                0x0000000000083228                TimeTick_Increment
 .text.GetTickCount
                0x0000000000083238        0xc /home/n00b/.arduino15/packages/arduino/hardware/sam/1.6.12/variants/arduino_due_x/libsam_sam3x8e_gcc_rel.a(timetick.o)
                0x0000000000083238                GetTickCount
 .text.WDT_Disable
                0x0000000000083244        0x8 /home/n00b/.arduino15/packages/arduino/hardware/sam/1.6.12/variants/arduino_due_x/libsam_sam3x8e_gcc_rel.a(wdt.o)
                0x0000000000083244                WDT_Disable
 .text.UDD_SetStack
                0x000000000008324c        0xc /home/n00b/.arduino15/packages/arduino/hardware/sam/1.6.12/variants/arduino_due_x/libsam_sam3x8e_gcc_rel.a(uotghs_device.o)
                0x000000000008324c                UDD_SetStack
 .text.UDD_Init
                0x0000000000083258       0xd0 /home/n00b/.arduino15/packages/arduino/hardware/sam/1.6.12/variants/arduino_due_x/libsam_sam3x8e_gcc_rel.a(uotghs_device.o)
                0x0000000000083258                UDD_Init
 .text.UDD_Attach
                0x0000000000083328       0x50 /home/n00b/.arduino15/packages/arduino/hardware/sam/1.6.12/variants/arduino_due_x/libsam_sam3x8e_gcc_rel.a(uotghs_device.o)
                0x0000000000083328                UDD_Attach
 .text.UDD_InitEP
                0x0000000000083378       0x2c /home/n00b/.arduino15/packages/arduino/hardware/sam/1.6.12/variants/arduino_due_x/libsam_sam3x8e_gcc_rel.a(uotghs_device.o)
                0x0000000000083378                UDD_InitEP
 .text.UDD_InitEndpoints
                0x00000000000833a4       0x3c /home/n00b/.arduino15/packages/arduino/hardware/sam/1.6.12/variants/arduino_due_x/libsam_sam3x8e_gcc_rel.a(uotghs_device.o)
                0x00000000000833a4                UDD_InitEndpoints
 .text.UDD_WaitIN
                0x00000000000833e0       0x10 /home/n00b/.arduino15/packages/arduino/hardware/sam/1.6.12/variants/arduino_due_x/libsam_sam3x8e_gcc_rel.a(uotghs_device.o)
                0x00000000000833e0                UDD_WaitIN
 .text.UDD_WaitOUT
                0x00000000000833f0       0x10 /home/n00b/.arduino15/packages/arduino/hardware/sam/1.6.12/variants/arduino_due_x/libsam_sam3x8e_gcc_rel.a(uotghs_device.o)
                0x00000000000833f0                UDD_WaitOUT
 .text.UDD_ClearIN
                0x0000000000083400       0x18 /home/n00b/.arduino15/packages/arduino/hardware/sam/1.6.12/variants/arduino_due_x/libsam_sam3x8e_gcc_rel.a(uotghs_device.o)
                0x0000000000083400                UDD_ClearIN
 .text.UDD_ClearOUT
                0x0000000000083418       0x18 /home/n00b/.arduino15/packages/arduino/hardware/sam/1.6.12/variants/arduino_due_x/libsam_sam3x8e_gcc_rel.a(uotghs_device.o)
                0x0000000000083418                UDD_ClearOUT
 .text.UDD_ReceivedSetupInt
                0x0000000000083430       0x10 /home/n00b/.arduino15/packages/arduino/hardware/sam/1.6.12/variants/arduino_due_x/libsam_sam3x8e_gcc_rel.a(uotghs_device.o)
                0x0000000000083430                UDD_ReceivedSetupInt
 .text.UDD_ClearSetupInt
                0x0000000000083440       0x10 /home/n00b/.arduino15/packages/arduino/hardware/sam/1.6.12/variants/arduino_due_x/libsam_sam3x8e_gcc_rel.a(uotghs_device.o)
                0x0000000000083440                UDD_ClearSetupInt
 .text.UDD_Send
                0x0000000000083450       0x88 /home/n00b/.arduino15/packages/arduino/hardware/sam/1.6.12/variants/arduino_due_x/libsam_sam3x8e_gcc_rel.a(uotghs_device.o)
                0x0000000000083450                UDD_Send
 .text.UDD_Send8
                0x00000000000834d8       0x24 /home/n00b/.arduino15/packages/arduino/hardware/sam/1.6.12/variants/arduino_due_x/libsam_sam3x8e_gcc_rel.a(uotghs_device.o)
                0x00000000000834d8                UDD_Send8
 .text.UDD_Recv8
                0x00000000000834fc       0x28 /home/n00b/.arduino15/packages/arduino/hardware/sam/1.6.12/variants/arduino_due_x/libsam_sam3x8e_gcc_rel.a(uotghs_device.o)
                0x00000000000834fc                UDD_Recv8
 .text.UDD_Recv
                0x0000000000083524       0x34 /home/n00b/.arduino15/packages/arduino/hardware/sam/1.6.12/variants/arduino_due_x/libsam_sam3x8e_gcc_rel.a(uotghs_device.o)
                0x0000000000083524                UDD_Recv
 .text.UDD_Stall
                0x0000000000083558       0x14 /home/n00b/.arduino15/packages/arduino/hardware/sam/1.6.12/variants/arduino_due_x/libsam_sam3x8e_gcc_rel.a(uotghs_device.o)
                0x0000000000083558                UDD_Stall
 .text.UDD_FifoByteCount
                0x000000000008356c       0x14 /home/n00b/.arduino15/packages/arduino/hardware/sam/1.6.12/variants/arduino_due_x/libsam_sam3x8e_gcc_rel.a(uotghs_device.o)
                0x000000000008356c                UDD_FifoByteCount
 .text.UDD_ReleaseRX
                0x0000000000083580       0x28 /home/n00b/.arduino15/packages/arduino/hardware/sam/1.6.12/variants/arduino_due_x/libsam_sam3x8e_gcc_rel.a(uotghs_device.o)
                0x0000000000083580                UDD_ReleaseRX
 .text.UDD_ReleaseTX
                0x00000000000835a8       0x28 /home/n00b/.arduino15/packages/arduino/hardware/sam/1.6.12/variants/arduino_due_x/libsam_sam3x8e_gcc_rel.a(uotghs_device.o)
                0x00000000000835a8                UDD_ReleaseTX
 .text.UDD_SetAddress
                0x00000000000835d0       0x20 /home/n00b/.arduino15/packages/arduino/hardware/sam/1.6.12/variants/arduino_due_x/libsam_sam3x8e_gcc_rel.a(uotghs_device.o)
                0x00000000000835d0                UDD_SetAddress
 .text.__fpclassifyd
                0x00000000000835f0       0x50 /home/n00b/.arduino15/packages/arduino/tools/arm-none-eabi-gcc/4.8.3-2014q1/bin/../lib/gcc/arm-none-eabi/4.8.3/../../../../arm-none-eabi/lib/armv7-m/libm.a(lib_a-s_fpclassify.o)
                0x00000000000835f0                __fpclassifyd
 .text          0x0000000000083640      0x370 /home/n00b/.arduino15/packages/arduino/tools/arm-none-eabi-gcc/4.8.3-2014q1/bin/../lib/gcc/arm-none-eabi/4.8.3/armv7-m/libgcc.a(_arm_addsubdf3.o)
                0x0000000000083640                __aeabi_drsub
                0x0000000000083648                __aeabi_dsub
                0x0000000000083648                __subdf3
                0x000000000008364c                __adddf3
                0x000000000008364c                __aeabi_dadd
                0x00000000000838c4                __aeabi_ui2d
                0x00000000000838c4                __floatunsidf
                0x00000000000838e4                __floatsidf
                0x00000000000838e4                __aeabi_i2d
                0x0000000000083908                __extendsfdf2
                0x0000000000083908                __aeabi_f2d
                0x0000000000083944                __aeabi_ul2d
                0x0000000000083944                __floatundidf
                0x0000000000083954                __floatdidf
                0x0000000000083954                __aeabi_l2d
 .text          0x00000000000839b0      0x424 /home/n00b/.arduino15/packages/arduino/tools/arm-none-eabi-gcc/4.8.3-2014q1/bin/../lib/gcc/arm-none-eabi/4.8.3/armv7-m/libgcc.a(_arm_muldivdf3.o)
                0x00000000000839b0                __aeabi_dmul
                0x00000000000839b0                __muldf3
                0x0000000000083c04                __aeabi_ddiv
                0x0000000000083c04                __divdf3
 .text          0x0000000000083dd4      0x110 /home/n00b/.arduino15/packages/arduino/tools/arm-none-eabi-gcc/4.8.3-2014q1/bin/../lib/gcc/arm-none-eabi/4.8.3/armv7-m/libgcc.a(_arm_cmpdf2.o)
                0x0000000000083dd4                __gtdf2
                0x0000000000083dd4                __gedf2
                0x0000000000083ddc                __ltdf2
                0x0000000000083ddc                __ledf2
                0x0000000000083de4                __cmpdf2
                0x0000000000083de4                __eqdf2
                0x0000000000083de4                __nedf2
                0x0000000000083e60                __aeabi_cdrcmple
                0x0000000000083e70                __aeabi_cdcmple
                0x0000000000083e70                __aeabi_cdcmpeq
                0x0000000000083e80                __aeabi_dcmpeq
                0x0000000000083e94                __aeabi_dcmplt
                0x0000000000083ea8                __aeabi_dcmple
                0x0000000000083ebc                __aeabi_dcmpge
                0x0000000000083ed0                __aeabi_dcmpgt
 .text.__aeabi_atexit
                0x0000000000083ee4        0xc /home/n00b/.arduino15/packages/arduino/tools/arm-none-eabi-gcc/4.8.3-2014q1/bin/../lib/gcc/arm-none-eabi/4.8.3/../../../../arm-none-eabi/lib/armv7-m/libc.a(lib_a-aeabi_atexit.o)
                0x0000000000083ee4                __aeabi_atexit
 .text.__assert_func
                0x0000000000083ef0       0x3c /home/n00b/.arduino15/packages/arduino/tools/arm-none-eabi-gcc/4.8.3-2014q1/bin/../lib/gcc/arm-none-eabi/4.8.3/../../../../arm-none-eabi/lib/armv7-m/libc.a(lib_a-assert.o)
                0x0000000000083ef0                __assert_func
 .text.calloc   0x0000000000083f2c       0x10 /home/n00b/.arduino15/packages/arduino/tools/arm-none-eabi-gcc/4.8.3-2014q1/bin/../lib/gcc/arm-none-eabi/4.8.3/../../../../arm-none-eabi/lib/armv7-m/libc.a(lib_a-calloc.o)
                0x0000000000083f2c                calloc
 .text._calloc_r
                0x0000000000083f3c       0x60 /home/n00b/.arduino15/packages/arduino/tools/arm-none-eabi-gcc/4.8.3-2014q1/bin/../lib/gcc/arm-none-eabi/4.8.3/../../../../arm-none-eabi/lib/armv7-m/libc.a(lib_a-callocr.o)
                0x0000000000083f3c                _calloc_r
 .text.__cxa_atexit
                0x0000000000083f9c       0x14 /home/n00b/.arduino15/packages/arduino/tools/arm-none-eabi-gcc/4.8.3-2014q1/bin/../lib/gcc/arm-none-eabi/4.8.3/../../../../arm-none-eabi/lib/armv7-m/libc.a(lib_a-cxa_atexit.o)
                0x0000000000083f9c                __cxa_atexit
 .text.__sflush_r
                0x0000000000083fb0      0x148 /home/n00b/.arduino15/packages/arduino/tools/arm-none-eabi-gcc/4.8.3-2014q1/bin/../lib/gcc/arm-none-eabi/4.8.3/../../../../arm-none-eabi/lib/armv7-m/libc.a(lib_a-fflush.o)
                0x0000000000083fb0                __sflush_r
 .text._fflush_r
                0x00000000000840f8       0x2c /home/n00b/.arduino15/packages/arduino/tools/arm-none-eabi-gcc/4.8.3-2014q1/bin/../lib/gcc/arm-none-eabi/4.8.3/../../../../arm-none-eabi/lib/armv7-m/libc.a(lib_a-fflush.o)
                0x00000000000840f8                _fflush_r
 .text._cleanup_r
                0x0000000000084124        0xc /home/n00b/.arduino15/packages/arduino/tools/arm-none-eabi-gcc/4.8.3-2014q1/bin/../lib/gcc/arm-none-eabi/4.8.3/../../../../arm-none-eabi/lib/armv7-m/libc.a(lib_a-findfp.o)
                0x0000000000084124                _cleanup_r
 .text.__sinit  0x0000000000084130       0xf4 /home/n00b/.arduino15/packages/arduino/tools/arm-none-eabi-gcc/4.8.3-2014q1/bin/../lib/gcc/arm-none-eabi/4.8.3/../../../../arm-none-eabi/lib/armv7-m/libc.a(lib_a-findfp.o)
                0x0000000000084130                __sinit
 .text.__sfp_lock_acquire
                0x0000000000084224        0x4 /home/n00b/.arduino15/packages/arduino/tools/arm-none-eabi-gcc/4.8.3-2014q1/bin/../lib/gcc/arm-none-eabi/4.8.3/../../../../arm-none-eabi/lib/armv7-m/libc.a(lib_a-findfp.o)
                0x0000000000084224                __sfp_lock_acquire
 .text.__sfp_lock_release
                0x0000000000084228        0x4 /home/n00b/.arduino15/packages/arduino/tools/arm-none-eabi-gcc/4.8.3-2014q1/bin/../lib/gcc/arm-none-eabi/4.8.3/../../../../arm-none-eabi/lib/armv7-m/libc.a(lib_a-findfp.o)
                0x0000000000084228                __sfp_lock_release
 .text.fiprintf
                0x000000000008422c       0x28 /home/n00b/.arduino15/packages/arduino/tools/arm-none-eabi-gcc/4.8.3-2014q1/bin/../lib/gcc/arm-none-eabi/4.8.3/../../../../arm-none-eabi/lib/armv7-m/libc.a(lib_a-fiprintf.o)
                0x000000000008422c                fiprintf
 .text._malloc_trim_r
                0x0000000000084254       0x9c /home/n00b/.arduino15/packages/arduino/tools/arm-none-eabi-gcc/4.8.3-2014q1/bin/../lib/gcc/arm-none-eabi/4.8.3/../../../../arm-none-eabi/lib/armv7-m/libc.a(lib_a-freer.o)
                0x0000000000084254                _malloc_trim_r
 .text._free_r  0x00000000000842f0      0x198 /home/n00b/.arduino15/packages/arduino/tools/arm-none-eabi-gcc/4.8.3-2014q1/bin/../lib/gcc/arm-none-eabi/4.8.3/../../../../arm-none-eabi/lib/armv7-m/libc.a(lib_a-freer.o)
                0x00000000000842f0                _free_r
 .text._fwalk   0x0000000000084488       0x48 /home/n00b/.arduino15/packages/arduino/tools/arm-none-eabi-gcc/4.8.3-2014q1/bin/../lib/gcc/arm-none-eabi/4.8.3/../../../../arm-none-eabi/lib/armv7-m/libc.a(lib_a-fwalk.o)
                0x0000000000084488                _fwalk
 .text.__libc_init_array
                0x00000000000844d0       0x50 /home/n00b/.arduino15/packages/arduino/tools/arm-none-eabi-gcc/4.8.3-2014q1/bin/../lib/gcc/arm-none-eabi/4.8.3/../../../../arm-none-eabi/lib/armv7-m/libc.a(lib_a-init.o)
                0x00000000000844d0                __libc_init_array
 .text.isalpha  0x0000000000084520       0x14 /home/n00b/.arduino15/packages/arduino/tools/arm-none-eabi-gcc/4.8.3-2014q1/bin/../lib/gcc/arm-none-eabi/4.8.3/../../../../arm-none-eabi/lib/armv7-m/libc.a(lib_a-isalpha.o)
                0x0000000000084520                isalpha
 .text.malloc   0x0000000000084534       0x10 /home/n00b/.arduino15/packages/arduino/tools/arm-none-eabi-gcc/4.8.3-2014q1/bin/../lib/gcc/arm-none-eabi/4.8.3/../../../../arm-none-eabi/lib/armv7-m/libc.a(lib_a-malloc.o)
                0x0000000000084534                malloc
 .text.free     0x0000000000084544       0x10 /home/n00b/.arduino15/packages/arduino/tools/arm-none-eabi-gcc/4.8.3-2014q1/bin/../lib/gcc/arm-none-eabi/4.8.3/../../../../arm-none-eabi/lib/armv7-m/libc.a(lib_a-malloc.o)
                0x0000000000084544                free
 .text._malloc_r
                0x0000000000084554      0x538 /home/n00b/.arduino15/packages/arduino/tools/arm-none-eabi-gcc/4.8.3-2014q1/bin/../lib/gcc/arm-none-eabi/4.8.3/../../../../arm-none-eabi/lib/armv7-m/libc.a(lib_a-mallocr.o)
                0x0000000000084554                _malloc_r
 .text.memcmp   0x0000000000084a8c       0x68 /home/n00b/.arduino15/packages/arduino/tools/arm-none-eabi-gcc/4.8.3-2014q1/bin/../lib/gcc/arm-none-eabi/4.8.3/../../../../arm-none-eabi/lib/armv7-m/libc.a(lib_a-memcmp.o)
                0x0000000000084a8c                memcmp
 .text          0x0000000000084af4       0xec /home/n00b/.arduino15/packages/arduino/tools/arm-none-eabi-gcc/4.8.3-2014q1/bin/../lib/gcc/arm-none-eabi/4.8.3/../../../../arm-none-eabi/lib/armv7-m/libc.a(lib_a-memcpy.o)
                0x0000000000084af4                memcpy
 .text.memmove  0x0000000000084be0       0xcc /home/n00b/.arduino15/packages/arduino/tools/arm-none-eabi-gcc/4.8.3-2014q1/bin/../lib/gcc/arm-none-eabi/4.8.3/../../../../arm-none-eabi/lib/armv7-m/libc.a(lib_a-memmove.o)
                0x0000000000084be0                memmove
 .text.memset   0x0000000000084cac       0x94 /home/n00b/.arduino15/packages/arduino/tools/arm-none-eabi-gcc/4.8.3-2014q1/bin/../lib/gcc/arm-none-eabi/4.8.3/../../../../arm-none-eabi/lib/armv7-m/libc.a(lib_a-memset.o)
                0x0000000000084cac                memset
 .text.__malloc_lock
                0x0000000000084d40        0x4 /home/n00b/.arduino15/packages/arduino/tools/arm-none-eabi-gcc/4.8.3-2014q1/bin/../lib/gcc/arm-none-eabi/4.8.3/../../../../arm-none-eabi/lib/armv7-m/libc.a(lib_a-mlock.o)
                0x0000000000084d40                __malloc_lock
 .text.__malloc_unlock
                0x0000000000084d44        0x4 /home/n00b/.arduino15/packages/arduino/tools/arm-none-eabi-gcc/4.8.3-2014q1/bin/../lib/gcc/arm-none-eabi/4.8.3/../../../../arm-none-eabi/lib/armv7-m/libc.a(lib_a-mlock.o)
                0x0000000000084d44                __malloc_unlock
 .text._realloc_r
                0x0000000000084d48      0x3c0 /home/n00b/.arduino15/packages/arduino/tools/arm-none-eabi-gcc/4.8.3-2014q1/bin/../lib/gcc/arm-none-eabi/4.8.3/../../../../arm-none-eabi/lib/armv7-m/libc.a(lib_a-reallocr.o)
                0x0000000000084d48                _realloc_r
 .text._sbrk_r  0x0000000000085108       0x24 /home/n00b/.arduino15/packages/arduino/tools/arm-none-eabi-gcc/4.8.3-2014q1/bin/../lib/gcc/arm-none-eabi/4.8.3/../../../../arm-none-eabi/lib/armv7-m/libc.a(lib_a-sbrkr.o)
                0x0000000000085108                _sbrk_r
 .text.sprintf  0x000000000008512c       0x4c /home/n00b/.arduino15/packages/arduino/tools/arm-none-eabi-gcc/4.8.3-2014q1/bin/../lib/gcc/arm-none-eabi/4.8.3/../../../../arm-none-eabi/lib/armv7-m/libc.a(lib_a-sprintf.o)
                0x000000000008512c                sprintf
 .text.__sread  0x0000000000085178       0x24 /home/n00b/.arduino15/packages/arduino/tools/arm-none-eabi-gcc/4.8.3-2014q1/bin/../lib/gcc/arm-none-eabi/4.8.3/../../../../arm-none-eabi/lib/armv7-m/libc.a(lib_a-stdio.o)
                0x0000000000085178                __sread
 .text.__swrite
                0x000000000008519c       0x38 /home/n00b/.arduino15/packages/arduino/tools/arm-none-eabi-gcc/4.8.3-2014q1/bin/../lib/gcc/arm-none-eabi/4.8.3/../../../../arm-none-eabi/lib/armv7-m/libc.a(lib_a-stdio.o)
                0x000000000008519c                __swrite
 .text.__sseek  0x00000000000851d4       0x20 /home/n00b/.arduino15/packages/arduino/tools/arm-none-eabi-gcc/4.8.3-2014q1/bin/../lib/gcc/arm-none-eabi/4.8.3/../../../../arm-none-eabi/lib/armv7-m/libc.a(lib_a-stdio.o)
                0x00000000000851d4                __sseek
 .text.__sclose
                0x00000000000851f4        0x8 /home/n00b/.arduino15/packages/arduino/tools/arm-none-eabi-gcc/4.8.3-2014q1/bin/../lib/gcc/arm-none-eabi/4.8.3/../../../../arm-none-eabi/lib/armv7-m/libc.a(lib_a-stdio.o)
                0x00000000000851f4                __sclose
 .text.strcpy   0x00000000000851fc       0xbc /home/n00b/.arduino15/packages/arduino/tools/arm-none-eabi-gcc/4.8.3-2014q1/bin/../lib/gcc/arm-none-eabi/4.8.3/../../../../arm-none-eabi/lib/armv7-m/libc.a(lib_a-strcpy.o)
                0x00000000000851fc                strcpy
 .text.strlen   0x00000000000852b8       0x60 /home/n00b/.arduino15/packages/arduino/tools/arm-none-eabi-gcc/4.8.3-2014q1/bin/../lib/gcc/arm-none-eabi/4.8.3/../../../../arm-none-eabi/lib/armv7-m/libc.a(lib_a-strlen.o)
                0x00000000000852b8                strlen
 .text.strncmp  0x0000000000085318       0xb4 /home/n00b/.arduino15/packages/arduino/tools/arm-none-eabi-gcc/4.8.3-2014q1/bin/../lib/gcc/arm-none-eabi/4.8.3/../../../../arm-none-eabi/lib/armv7-m/libc.a(lib_a-strncmp.o)
                0x0000000000085318                strncmp
 .text._svfprintf_r
                0x00000000000853cc     0x14e0 /home/n00b/.arduino15/packages/arduino/tools/arm-none-eabi-gcc/4.8.3-2014q1/bin/../lib/gcc/arm-none-eabi/4.8.3/../../../../arm-none-eabi/lib/armv7-m/libc.a(lib_a-svfprintf.o)
                0x00000000000853cc                _svfprintf_r
 .text.kill     0x00000000000868ac       0x10 /home/n00b/.arduino15/packages/arduino/tools/arm-none-eabi-gcc/4.8.3-2014q1/bin/../lib/gcc/arm-none-eabi/4.8.3/../../../../arm-none-eabi/lib/armv7-m/libc.a(lib_a-syskill.o)
                0x00000000000868ac                kill
 .text.__sprint_r.part.0
                0x00000000000868bc       0x78 /home/n00b/.arduino15/packages/arduino/tools/arm-none-eabi-gcc/4.8.3-2014q1/bin/../lib/gcc/arm-none-eabi/4.8.3/../../../../arm-none-eabi/lib/armv7-m/libc.a(lib_a-vfiprintf.o)
 .text._vfiprintf_r
                0x0000000000086934      0xc54 /home/n00b/.arduino15/packages/arduino/tools/arm-none-eabi-gcc/4.8.3-2014q1/bin/../lib/gcc/arm-none-eabi/4.8.3/../../../../arm-none-eabi/lib/armv7-m/libc.a(lib_a-vfiprintf.o)
                0x0000000000086934                _vfiprintf_r
 .text.__sbprintf
                0x0000000000087588       0x7c /home/n00b/.arduino15/packages/arduino/tools/arm-none-eabi-gcc/4.8.3-2014q1/bin/../lib/gcc/arm-none-eabi/4.8.3/../../../../arm-none-eabi/lib/armv7-m/libc.a(lib_a-vfiprintf.o)
 .text._vsnprintf_r
                0x0000000000087604       0x54 /home/n00b/.arduino15/packages/arduino/tools/arm-none-eabi-gcc/4.8.3-2014q1/bin/../lib/gcc/arm-none-eabi/4.8.3/../../../../arm-none-eabi/lib/armv7-m/libc.a(lib_a-vsnprintf.o)
                0x0000000000087604                _vsnprintf_r
 .text.vsnprintf
                0x0000000000087658       0x24 /home/n00b/.arduino15/packages/arduino/tools/arm-none-eabi-gcc/4.8.3-2014q1/bin/../lib/gcc/arm-none-eabi/4.8.3/../../../../arm-none-eabi/lib/armv7-m/libc.a(lib_a-vsnprintf.o)
                0x0000000000087658                vsnprintf
 .text._write_r
                0x000000000008767c       0x28 /home/n00b/.arduino15/packages/arduino/tools/arm-none-eabi-gcc/4.8.3-2014q1/bin/../lib/gcc/arm-none-eabi/4.8.3/../../../../arm-none-eabi/lib/armv7-m/libc.a(lib_a-writer.o)
                0x000000000008767c                _write_r
 .text.__swsetup_r
                0x00000000000876a4       0xc4 /home/n00b/.arduino15/packages/arduino/tools/arm-none-eabi-gcc/4.8.3-2014q1/bin/../lib/gcc/arm-none-eabi/4.8.3/../../../../arm-none-eabi/lib/armv7-m/libc.a(lib_a-wsetup.o)
                0x00000000000876a4                __swsetup_r
 .text.__register_exitproc
                0x0000000000087768       0xa8 /home/n00b/.arduino15/packages/arduino/tools/arm-none-eabi-gcc/4.8.3-2014q1/bin/../lib/gcc/arm-none-eabi/4.8.3/../../../../arm-none-eabi/lib/armv7-m/libc.a(lib_a-__atexit.o)
                0x0000000000087768                __register_exitproc
 .text.startup.register_fini
                0x0000000000087810       0x14 /home/n00b/.arduino15/packages/arduino/tools/arm-none-eabi-gcc/4.8.3-2014q1/bin/../lib/gcc/arm-none-eabi/4.8.3/../../../../arm-none-eabi/lib/armv7-m/libc.a(lib_a-__call_atexit.o)
 .text.abort    0x0000000000087824       0x10 /home/n00b/.arduino15/packages/arduino/tools/arm-none-eabi-gcc/4.8.3-2014q1/bin/../lib/gcc/arm-none-eabi/4.8.3/../../../../arm-none-eabi/lib/armv7-m/libc.a(lib_a-abort.o)
                0x0000000000087824                abort
 .text.atexit   0x0000000000087834        0xc /home/n00b/.arduino15/packages/arduino/tools/arm-none-eabi-gcc/4.8.3-2014q1/bin/../lib/gcc/arm-none-eabi/4.8.3/../../../../arm-none-eabi/lib/armv7-m/libc.a(lib_a-atexit.o)
                0x0000000000087834                atexit
 .text._close_r
                0x0000000000087840       0x24 /home/n00b/.arduino15/packages/arduino/tools/arm-none-eabi-gcc/4.8.3-2014q1/bin/../lib/gcc/arm-none-eabi/4.8.3/../../../../arm-none-eabi/lib/armv7-m/libc.a(lib_a-closer.o)
                0x0000000000087840                _close_r
 .text.quorem   0x0000000000087864      0x134 /home/n00b/.arduino15/packages/arduino/tools/arm-none-eabi-gcc/4.8.3-2014q1/bin/../lib/gcc/arm-none-eabi/4.8.3/../../../../arm-none-eabi/lib/armv7-m/libc.a(lib_a-dtoa.o)
 .text._dtoa_r  0x0000000000087998      0xe38 /home/n00b/.arduino15/packages/arduino/tools/arm-none-eabi-gcc/4.8.3-2014q1/bin/../lib/gcc/arm-none-eabi/4.8.3/../../../../arm-none-eabi/lib/armv7-m/libc.a(lib_a-dtoa.o)
                0x0000000000087998                _dtoa_r
 .text._fclose_r
                0x00000000000887d0       0x80 /home/n00b/.arduino15/packages/arduino/tools/arm-none-eabi-gcc/4.8.3-2014q1/bin/../lib/gcc/arm-none-eabi/4.8.3/../../../../arm-none-eabi/lib/armv7-m/libc.a(lib_a-fclose.o)
                0x00000000000887d0                _fclose_r
 .text.fclose   0x0000000000088850       0x10 /home/n00b/.arduino15/packages/arduino/tools/arm-none-eabi-gcc/4.8.3-2014q1/bin/../lib/gcc/arm-none-eabi/4.8.3/../../../../arm-none-eabi/lib/armv7-m/libc.a(lib_a-fclose.o)
                0x0000000000088850                fclose
 .text.__libc_fini_array
                0x0000000000088860       0x30 /home/n00b/.arduino15/packages/arduino/tools/arm-none-eabi-gcc/4.8.3-2014q1/bin/../lib/gcc/arm-none-eabi/4.8.3/../../../../arm-none-eabi/lib/armv7-m/libc.a(lib_a-fini.o)
                0x0000000000088860                __libc_fini_array
 .text._fputwc_r
                0x0000000000088890       0xc0 /home/n00b/.arduino15/packages/arduino/tools/arm-none-eabi-gcc/4.8.3-2014q1/bin/../lib/gcc/arm-none-eabi/4.8.3/../../../../arm-none-eabi/lib/armv7-m/libc.a(lib_a-fputwc.o)
                0x0000000000088890                _fputwc_r
 .text.__sfvwrite_r
                0x0000000000088950      0x314 /home/n00b/.arduino15/packages/arduino/tools/arm-none-eabi-gcc/4.8.3-2014q1/bin/../lib/gcc/arm-none-eabi/4.8.3/../../../../arm-none-eabi/lib/armv7-m/libc.a(lib_a-fvwrite.o)
                0x0000000000088950                __sfvwrite_r
 .text.__locale_charset
                0x0000000000088c64        0x8 /home/n00b/.arduino15/packages/arduino/tools/arm-none-eabi-gcc/4.8.3-2014q1/bin/../lib/gcc/arm-none-eabi/4.8.3/../../../../arm-none-eabi/lib/armv7-m/libc.a(lib_a-locale.o)
                0x0000000000088c64                __locale_charset
 .text.__locale_mb_cur_max
                0x0000000000088c6c        0xc /home/n00b/.arduino15/packages/arduino/tools/arm-none-eabi-gcc/4.8.3-2014q1/bin/../lib/gcc/arm-none-eabi/4.8.3/../../../../arm-none-eabi/lib/armv7-m/libc.a(lib_a-locale.o)
                0x0000000000088c6c                __locale_mb_cur_max
 .text._localeconv_r
                0x0000000000088c78        0x8 /home/n00b/.arduino15/packages/arduino/tools/arm-none-eabi-gcc/4.8.3-2014q1/bin/../lib/gcc/arm-none-eabi/4.8.3/../../../../arm-none-eabi/lib/armv7-m/libc.a(lib_a-locale.o)
                0x0000000000088c78                _localeconv_r
 .text._lseek_r
                0x0000000000088c80       0x28 /home/n00b/.arduino15/packages/arduino/tools/arm-none-eabi-gcc/4.8.3-2014q1/bin/../lib/gcc/arm-none-eabi/4.8.3/../../../../arm-none-eabi/lib/armv7-m/libc.a(lib_a-lseekr.o)
                0x0000000000088c80                _lseek_r
 .text.__smakebuf_r
                0x0000000000088ca8       0xe0 /home/n00b/.arduino15/packages/arduino/tools/arm-none-eabi-gcc/4.8.3-2014q1/bin/../lib/gcc/arm-none-eabi/4.8.3/../../../../arm-none-eabi/lib/armv7-m/libc.a(lib_a-makebuf.o)
                0x0000000000088ca8                __smakebuf_r
 .text.memchr   0x0000000000088d88       0x94 /home/n00b/.arduino15/packages/arduino/tools/arm-none-eabi-gcc/4.8.3-2014q1/bin/../lib/gcc/arm-none-eabi/4.8.3/../../../../arm-none-eabi/lib/armv7-m/libc.a(lib_a-memchr-stub.o)
                0x0000000000088d88                memchr
 .text._Balloc  0x0000000000088e1c       0x4c /home/n00b/.arduino15/packages/arduino/tools/arm-none-eabi-gcc/4.8.3-2014q1/bin/../lib/gcc/arm-none-eabi/4.8.3/../../../../arm-none-eabi/lib/armv7-m/libc.a(lib_a-mprec.o)
                0x0000000000088e1c                _Balloc
 .text._Bfree   0x0000000000088e68       0x14 /home/n00b/.arduino15/packages/arduino/tools/arm-none-eabi-gcc/4.8.3-2014q1/bin/../lib/gcc/arm-none-eabi/4.8.3/../../../../arm-none-eabi/lib/armv7-m/libc.a(lib_a-mprec.o)
                0x0000000000088e68                _Bfree
 .text.__multadd
                0x0000000000088e7c       0x94 /home/n00b/.arduino15/packages/arduino/tools/arm-none-eabi-gcc/4.8.3-2014q1/bin/../lib/gcc/arm-none-eabi/4.8.3/../../../../arm-none-eabi/lib/armv7-m/libc.a(lib_a-mprec.o)
                0x0000000000088e7c                __multadd
 .text.__hi0bits
                0x0000000000088f10       0x40 /home/n00b/.arduino15/packages/arduino/tools/arm-none-eabi-gcc/4.8.3-2014q1/bin/../lib/gcc/arm-none-eabi/4.8.3/../../../../arm-none-eabi/lib/armv7-m/libc.a(lib_a-mprec.o)
                0x0000000000088f10                __hi0bits
 .text.__lo0bits
                0x0000000000088f50       0x5c /home/n00b/.arduino15/packages/arduino/tools/arm-none-eabi-gcc/4.8.3-2014q1/bin/../lib/gcc/arm-none-eabi/4.8.3/../../../../arm-none-eabi/lib/armv7-m/libc.a(lib_a-mprec.o)
                0x0000000000088f50                __lo0bits
 .text.__i2b    0x0000000000088fac       0x14 /home/n00b/.arduino15/packages/arduino/tools/arm-none-eabi-gcc/4.8.3-2014q1/bin/../lib/gcc/arm-none-eabi/4.8.3/../../../../arm-none-eabi/lib/armv7-m/libc.a(lib_a-mprec.o)
                0x0000000000088fac                __i2b
 .text.__multiply
                0x0000000000088fc0      0x13c /home/n00b/.arduino15/packages/arduino/tools/arm-none-eabi-gcc/4.8.3-2014q1/bin/../lib/gcc/arm-none-eabi/4.8.3/../../../../arm-none-eabi/lib/armv7-m/libc.a(lib_a-mprec.o)
                0x0000000000088fc0                __multiply
 .text.__pow5mult
                0x00000000000890fc       0x9c /home/n00b/.arduino15/packages/arduino/tools/arm-none-eabi-gcc/4.8.3-2014q1/bin/../lib/gcc/arm-none-eabi/4.8.3/../../../../arm-none-eabi/lib/armv7-m/libc.a(lib_a-mprec.o)
                0x00000000000890fc                __pow5mult
 .text.__lshift
                0x0000000000089198       0xbc /home/n00b/.arduino15/packages/arduino/tools/arm-none-eabi-gcc/4.8.3-2014q1/bin/../lib/gcc/arm-none-eabi/4.8.3/../../../../arm-none-eabi/lib/armv7-m/libc.a(lib_a-mprec.o)
                0x0000000000089198                __lshift
 .text.__mcmp   0x0000000000089254       0x48 /home/n00b/.arduino15/packages/arduino/tools/arm-none-eabi-gcc/4.8.3-2014q1/bin/../lib/gcc/arm-none-eabi/4.8.3/../../../../arm-none-eabi/lib/armv7-m/libc.a(lib_a-mprec.o)
                0x0000000000089254                __mcmp
 .text.__mdiff  0x000000000008929c       0xd8 /home/n00b/.arduino15/packages/arduino/tools/arm-none-eabi-gcc/4.8.3-2014q1/bin/../lib/gcc/arm-none-eabi/4.8.3/../../../../arm-none-eabi/lib/armv7-m/libc.a(lib_a-mprec.o)
                0x000000000008929c                __mdiff
 .text.__d2b    0x0000000000089374       0xbc /home/n00b/.arduino15/packages/arduino/tools/arm-none-eabi-gcc/4.8.3-2014q1/bin/../lib/gcc/arm-none-eabi/4.8.3/../../../../arm-none-eabi/lib/armv7-m/libc.a(lib_a-mprec.o)
                0x0000000000089374                __d2b
 .text._read_r  0x0000000000089430       0x28 /home/n00b/.arduino15/packages/arduino/tools/arm-none-eabi-gcc/4.8.3-2014q1/bin/../lib/gcc/arm-none-eabi/4.8.3/../../../../arm-none-eabi/lib/armv7-m/libc.a(lib_a-readr.o)
                0x0000000000089430                _read_r
 .text._raise_r
                0x0000000000089458       0x58 /home/n00b/.arduino15/packages/arduino/tools/arm-none-eabi-gcc/4.8.3-2014q1/bin/../lib/gcc/arm-none-eabi/4.8.3/../../../../arm-none-eabi/lib/armv7-m/libc.a(lib_a-signal.o)
                0x0000000000089458                _raise_r
 .text.raise    0x00000000000894b0       0x10 /home/n00b/.arduino15/packages/arduino/tools/arm-none-eabi-gcc/4.8.3-2014q1/bin/../lib/gcc/arm-none-eabi/4.8.3/../../../../arm-none-eabi/lib/armv7-m/libc.a(lib_a-signal.o)
                0x00000000000894b0                raise
 .text._kill_r  0x00000000000894c0       0x28 /home/n00b/.arduino15/packages/arduino/tools/arm-none-eabi-gcc/4.8.3-2014q1/bin/../lib/gcc/arm-none-eabi/4.8.3/../../../../arm-none-eabi/lib/armv7-m/libc.a(lib_a-signalr.o)
                0x00000000000894c0                _kill_r
 .text._getpid_r
                0x00000000000894e8        0x4 /home/n00b/.arduino15/packages/arduino/tools/arm-none-eabi-gcc/4.8.3-2014q1/bin/../lib/gcc/arm-none-eabi/4.8.3/../../../../arm-none-eabi/lib/armv7-m/libc.a(lib_a-signalr.o)
                0x00000000000894e8                _getpid_r
 .text.__ssprint_r
                0x00000000000894ec      0x100 /home/n00b/.arduino15/packages/arduino/tools/arm-none-eabi-gcc/4.8.3-2014q1/bin/../lib/gcc/arm-none-eabi/4.8.3/../../../../arm-none-eabi/lib/armv7-m/libc.a(lib_a-svfiprintf.o)
                0x00000000000894ec                __ssprint_r
 .text.__swbuf_r
                0x00000000000895ec       0xa8 /home/n00b/.arduino15/packages/arduino/tools/arm-none-eabi-gcc/4.8.3-2014q1/bin/../lib/gcc/arm-none-eabi/4.8.3/../../../../arm-none-eabi/lib/armv7-m/libc.a(lib_a-wbuf.o)
                0x00000000000895ec                __swbuf_r
 .text._wcrtomb_r