Archive member included because of file (symbol)

/home/n00b/.arduino15/packages/arduino/hardware/sam/1.6.12/variants/arduino_due_x/libsam_sam3x8e_gcc_rel.a(pio.o)
                              /home/n00b/Code/Develop/Indoorino.3.0.6/build/build/temp-DUE/libraries/Wire/Wire.cpp.o (PIO_Configure)
/home/n00b/.arduino15/packages/arduino/hardware/sam/1.6.12/variants/arduino_due_x/libsam_sam3x8e_gcc_rel.a(pmc.o)
                              /home/n00b/Code/Develop/Indoorino.3.0.6/build/build/temp-DUE/libraries/Wire/Wire.cpp.o (pmc_enable_periph_clk)
/home/n00b/.arduino15/packages/arduino/hardware/sam/1.6.12/variants/arduino_due_x/libsam_sam3x8e_gcc_rel.a(twi.o)
                              /home/n00b/Code/Develop/Indoorino.3.0.6/build/build/temp-DUE/libraries/Wire/Wire.cpp.o (TWI_SetClock)
/home/n00b/.arduino15/packages/arduino/hardware/sam/1.6.12/variants/arduino_due_x/libsam_sam3x8e_gcc_rel.a(system_sam3xa.o)
                              /home/n00b/Code/Develop/Indoorino.3.0.6/build/build/temp-DUE/core/variant.cpp.o (SystemInit)
/home/n00b/.arduino15/packages/arduino/hardware/sam/1.6.12/variants/arduino_due_x/libsam_sam3x8e_gcc_rel.a(startup_sam3xa.o)
                              (Reset_Handler)
/home/n00b/.arduino15/packages/arduino/hardware/sam/1.6.12/variants/arduino_due_x/libsam_sam3x8e_gcc_rel.a(adc.o)
                              /home/n00b/Code/Develop/Indoorino.3.0.6/build/build/temp-DUE/core/variant.cpp.o (adc_init)
/home/n00b/.arduino15/packages/arduino/hardware/sam/1.6.12/variants/arduino_due_x/libsam_sam3x8e_gcc_rel.a(uotghs.o)
                              /home/n00b/.arduino15/packages/arduino/hardware/sam/1.6.12/variants/arduino_due_x/libsam_sam3x8e_gcc_rel.a(startup_sam3xa.o) (UOTGHS_Handler)
/home/n00b/Code/Develop/Indoorino.3.0.6/build/build/temp-DUE/core/core.a(WInterrupts.c.o)
                              /home/n00b/.arduino15/packages/arduino/hardware/sam/1.6.12/variants/arduino_due_x/libsam_sam3x8e_gcc_rel.a(startup_sam3xa.o) (PIOA_Handler)
/home/n00b/Code/Develop/Indoorino.3.0.6/build/build/temp-DUE/core/core.a(cortex_handlers.c.o)
                              /home/n00b/.arduino15/packages/arduino/hardware/sam/1.6.12/variants/arduino_due_x/libsam_sam3x8e_gcc_rel.a(startup_sam3xa.o) (NMI_Handler)
/home/n00b/Code/Develop/Indoorino.3.0.6/build/build/temp-DUE/core/core.a(hooks.c.o)
                              /home/n00b/Code/Develop/Indoorino.3.0.6/build/build/temp-DUE/core/core.a(cortex_handlers.c.o) (sysTickHook)
/home/n00b/Code/Develop/Indoorino.3.0.6/build/build/temp-DUE/core/core.a(syscalls_sam3.c.o)
                              (_sbrk)
/home/n00b/Code/Develop/Indoorino.3.0.6/build/build/temp-DUE/core/core.a(wiring.c.o)
                              /home/n00b/Code/Develop/Indoorino.3.0.6/build/build/temp-DUE/sketch/sampler.ino.cpp.o (millis)
/home/n00b/Code/Develop/Indoorino.3.0.6/build/build/temp-DUE/core/core.a(wiring_analog.c.o)
                              /home/n00b/Code/Develop/Indoorino.3.0.6/build/build/temp-DUE/core/variant.cpp.o (analogOutputInit)
/home/n00b/Code/Develop/Indoorino.3.0.6/build/build/temp-DUE/core/core.a(wiring_digital.c.o)
                              /home/n00b/Code/Develop/Indoorino.3.0.6/build/build/temp-DUE/libraries/devices/stddev.cpp.o (pinMode)
/home/n00b/Code/Develop/Indoorino.3.0.6/build/build/temp-DUE/core/core.a(Print.cpp.o)
                              /home/n00b/Code/Develop/Indoorino.3.0.6/build/build/temp-DUE/libraries/Wire/Wire.cpp.o (Print::write(unsigned char const*, unsigned int))
/home/n00b/Code/Develop/Indoorino.3.0.6/build/build/temp-DUE/core/core.a(Reset.cpp.o)
                              /home/n00b/Code/Develop/Indoorino.3.0.6/build/build/temp-DUE/core/core.a(cortex_handlers.c.o) (tickReset)
/home/n00b/Code/Develop/Indoorino.3.0.6/build/build/temp-DUE/core/core.a(RingBuffer.cpp.o)
                              /home/n00b/Code/Develop/Indoorino.3.0.6/build/build/temp-DUE/core/variant.cpp.o (RingBuffer::RingBuffer())
/home/n00b/Code/Develop/Indoorino.3.0.6/build/build/temp-DUE/core/core.a(Stream.cpp.o)
                              /home/n00b/Code/Develop/Indoorino.3.0.6/build/build/temp-DUE/libraries/indoorino/packetUtils.cpp.o (Stream::setTimeout(unsigned long))
/home/n00b/Code/Develop/Indoorino.3.0.6/build/build/temp-DUE/core/core.a(UARTClass.cpp.o)
                              /home/n00b/Code/Develop/Indoorino.3.0.6/build/build/temp-DUE/libraries/indoorino/packetUtils.cpp.o (UARTClass::available())
/home/n00b/Code/Develop/Indoorino.3.0.6/build/build/temp-DUE/core/core.a(USARTClass.cpp.o)
                              /home/n00b/Code/Develop/Indoorino.3.0.6/build/build/temp-DUE/sketch/sampler.ino.cpp.o (USARTClass::begin(unsigned long))
/home/n00b/Code/Develop/Indoorino.3.0.6/build/build/temp-DUE/core/core.a(WString.cpp.o)
                              /home/n00b/Code/Develop/Indoorino.3.0.6/build/build/temp-DUE/core/core.a(Stream.cpp.o) (String::String(char const*))
[...]
Memory Configuration

Name             Origin             Length             Attributes
rom              0x0000000000080000 0x0000000000080000 xr
sram0            0x0000000020000000 0x0000000000010000 xrw
sram1            0x0000000020080000 0x0000000000008000 xrw
ram              0x0000000020070000 0x0000000000018000 xrw
*default*        0x0000000000000000 0xffffffffffffffff

Linker script and memory map

LOAD /home/n00b/.arduino15/packages/arduino/tools/arm-none-eabi-gcc/4.8.3-2014q1/bin/../lib/gcc/arm-none-eabi/4.8.3/armv7-m/crti.o
LOAD /home/n00b/.arduino15/packages/arduino/tools/arm-none-eabi-gcc/4.8.3-2014q1/bin/../lib/gcc/arm-none-eabi/4.8.3/armv7-m/crtbegin.o
LOAD /home/n00b/.arduino15/packages/arduino/tools/arm-none-eabi-gcc/4.8.3-2014q1/bin/../lib/gcc/arm-none-eabi/4.8.3/../../../../arm-none-eabi/lib/armv7-m/crt0.o
START GROUP
LOAD /home/n00b/Code/Develop/Indoorino.3.0.6/build/build/temp-DUE/sketch/sampler.ino.cpp.o
LOAD /home/n00b/Code/Develop/Indoorino.3.0.6/build/build/temp-DUE/libraries/indoorino/benchmark.cpp.o
LOAD /home/n00b/Code/Develop/Indoorino.3.0.6/build/build/temp-DUE/libraries/indoorino/packeTemplate.cpp.o
LOAD /home/n00b/Code/Develop/Indoorino.3.0.6/build/build/temp-DUE/libraries/indoorino/packetParse.cpp.o
LOAD /home/n00b/Code/Develop/Indoorino.3.0.6/build/build/temp-DUE/libraries/indoorino/packetSend.cpp.o
LOAD /home/n00b/Code/Develop/Indoorino.3.0.6/build/build/temp-DUE/libraries/indoorino/packetStubs.cpp.o
LOAD /home/n00b/Code/Develop/Indoorino.3.0.6/build/build/temp-DUE/libraries/indoorino/packetUtils.cpp.o
LOAD /home/n00b/Code/Develop/Indoorino.3.0.6/build/build/temp-DUE/libraries/indoorino/utils.cpp.o
LOAD /home/n00b/Code/Develop/Indoorino.3.0.6/build/build/temp-DUE/libraries/RTC/RTClib.cpp.o
LOAD /home/n00b/Code/Develop/Indoorino.3.0.6/build/build/temp-DUE/libraries/devices/boardconf.cpp.o
LOAD /home/n00b/Code/Develop/Indoorino.3.0.6/build/build/temp-DUE/libraries/devices/stddev.cpp.o
LOAD /home/n00b/Code/Develop/Indoorino.3.0.6/build/build/temp-DUE/libraries/DHT/DHT.cpp.o
LOAD /home/n00b/Code/Develop/Indoorino.3.0.6/build/build/temp-DUE/libraries/Wire/Wire.cpp.o
LOAD /home/n00b/Code/Develop/Indoorino.3.0.6/build/build/temp-DUE/libraries/OneWire/OneWire.cpp.o
LOAD /home/n00b/Code/Develop/Indoorino.3.0.6/build/build/temp-DUE/libraries/DallasTemperature/DallasTemperature.cpp.o
LOAD /home/n00b/Code/Develop/Indoorino.3.0.6/build/build/temp-DUE/core/variant.cpp.o
LOAD /home/n00b/.arduino15/packages/arduino/hardware/sam/1.6.12/variants/arduino_due_x/libsam_sam3x8e_gcc_rel.a
LOAD /home/n00b/Code/Develop/Indoorino.3.0.6/build/build/temp-DUE/core/core.a
END GROUP
LOAD /home/n00b/.arduino15/packages/arduino/tools/arm-none-eabi-gcc/4.8.3-2014q1/bin/../lib/gcc/arm-none-eabi/4.8.3/../../../../arm-none-eabi/lib/armv7-m/libm.a
LOAD /home/n00b/.arduino15/packages/arduino/tools/arm-none-eabi-gcc/4.8.3-2014q1/bin/../lib/gcc/arm-none-eabi/4.8.3/armv7-m/libgcc.a
START GROUP
LOAD /home/n00b/.arduino15/packages/arduino/tools/arm-none-eabi-gcc/4.8.3-2014q1/bin/../lib/gcc/arm-none-eabi/4.8.3/armv7-m/libgcc.a
LOAD /home/n00b/.arduino15/packages/arduino/tools/arm-none-eabi-gcc/4.8.3-2014q1/bin/../lib/gcc/arm-none-eabi/4.8.3/../../../../arm-none-eabi/lib/armv7-m/libc.a
END GROUP
LOAD /home/n00b/.arduino15/packages/arduino/tools/arm-none-eabi-gcc/4.8.3-2014q1/bin/../lib/gcc/arm-none-eabi/4.8.3/armv7-m/crtend.o
LOAD /home/n00b/.arduino15/packages/arduino/tools/arm-none-eabi-gcc/4.8.3-2014q1/bin/../lib/gcc/arm-none-eabi/4.8.3/armv7-m/crtn.o

.text           0x0000000000080000     0xcd84
                0x0000000000080000                . = ALIGN (0x4)
                0x0000000000080000                _sfixed = .
 *(.vectors .vectors.*)
 .vectors       0x0000000000080000       0xf4 /home/n00b/.arduino15/packages/arduino/hardware/sam/1.6.12/variants/arduino_due_x/libsam_sam3x8e_gcc_rel.a(startup_sam3xa.o)
                0x0000000000080000                exception_table
 *(.text .text.* .gnu.linkonce.t.*)
 .text          0x00000000000800f4       0x54 /home/n00b/.arduino15/packages/arduino/tools/arm-none-eabi-gcc/4.8.3-2014q1/bin/../lib/gcc/arm-none-eabi/4.8.3/armv7-m/crtbegin.o
 .text._ZN12ConfBase_AVRD2Ev
                0x0000000000080148       0x14 /home/n00b/Code/Develop/Indoorino.3.0.6/build/build/temp-DUE/sketch/sampler.ino.cpp.o
                0x0000000000080148                ConfBase_AVR::~ConfBase_AVR()
                0x0000000000080148                ConfBase_AVR::~ConfBase_AVR()
 .text._ZN12ConfBase_AVRD0Ev
                0x000000000008015c       0x12 /home/n00b/Code/Develop/Indoorino.3.0.6/build/build/temp-DUE/sketch/sampler.ino.cpp.o
                0x000000000008015c                ConfBase_AVR::~ConfBase_AVR()
 *fill*         0x000000000008016e        0x2 
 .text._ZN11ConfSamplerD2Ev
                0x0000000000080170       0x14 /home/n00b/Code/Develop/Indoorino.3.0.6/build/build/temp-DUE/sketch/sampler.ino.cpp.o
                0x0000000000080170                ConfSampler::~ConfSampler()
                0x0000000000080170                ConfSampler::~ConfSampler()
 .text._ZN11ConfSamplerD0Ev
                0x0000000000080184       0x12 /home/n00b/Code/Develop/Indoorino.3.0.6/build/build/temp-DUE/sketch/sampler.ino.cpp.o
                0x0000000000080184                ConfSampler::~ConfSampler()
 *fill*         0x0000000000080196        0x2 
 .text.startup._GLOBAL__sub_I_blinker
                0x0000000000080198       0x68 /home/n00b/Code/Develop/Indoorino.3.0.6/build/build/temp-DUE/sketch/sampler.ino.cpp.o
 .text.setup    0x0000000000080200       0xa0 /home/n00b/Code/Develop/Indoorino.3.0.6/build/build/temp-DUE/sketch/sampler.ino.cpp.o
                0x0000000000080200                setup
 .text.loop     0x00000000000802a0       0x4c /home/n00b/Code/Develop/Indoorino.3.0.6/build/build/temp-DUE/sketch/sampler.ino.cpp.o
                0x00000000000802a0                loop
 .text._ZN7ipacket7commandEv
                0x00000000000802ec       0x28 /home/n00b/Code/Develop/Indoorino.3.0.6/build/build/temp-DUE/libraries/indoorino/packeTemplate.cpp.o
                0x00000000000802ec                ipacket::command()
 .text._ZN7ipacket5labelEv
                0x0000000000080314        0x6 /home/n00b/Code/Develop/Indoorino.3.0.6/build/build/temp-DUE/libraries/indoorino/packeTemplate.cpp.o
                0x0000000000080314                ipacket::label()
 *fill*         0x000000000008031a        0x2 
 .text._ZN7ipacket9data_sizeEv
                0x000000000008031c       0x5c /home/n00b/Code/Develop/Indoorino.3.0.6/build/build/temp-DUE/libraries/indoorino/packeTemplate.cpp.o
                0x000000000008031c                ipacket::data_size()
 .text._ZN7ipacketC2Et
                0x0000000000080378       0x68 /home/n00b/Code/Develop/Indoorino.3.0.6/build/build/temp-DUE/libraries/indoorino/packeTemplate.cpp.o
                0x0000000000080378                ipacket::ipacket(unsigned short)
                0x0000000000080378                ipacket::ipacket(unsigned short)
 .text._ZN7ipacket9full_sizeEv
                0x00000000000803e0        0xc /home/n00b/Code/Develop/Indoorino.3.0.6/build/build/temp-DUE/libraries/indoorino/packeTemplate.cpp.o
                0x00000000000803e0                ipacket::full_size()
 .text._ZN7ipacket5forgeEPcPKc
                0x00000000000803ec       0x94 /home/n00b/Code/Develop/Indoorino.3.0.6/build/build/temp-DUE/libraries/indoorino/packeTemplate.cpp.o
                0x00000000000803ec                ipacket::forge(char*, char const*)
 .text._ZN7ipacket5clearEv
                0x0000000000080480       0x1a /home/n00b/Code/Develop/Indoorino.3.0.6/build/build/temp-DUE/libraries/indoorino/packeTemplate.cpp.o
                0x0000000000080480                ipacket::clear()
 .text._ZN7ipacket6appendEh
                0x000000000008049a       0x24 /home/n00b/Code/Develop/Indoorino.3.0.6/build/build/temp-DUE/libraries/indoorino/packeTemplate.cpp.o
                0x000000000008049a                ipacket::append(unsigned char)
 *fill*         0x00000000000804be        0x2 
 .text._ZN11packetParse5beginEv
                0x00000000000804c0       0x40 /home/n00b/Code/Develop/Indoorino.3.0.6/build/build/temp-DUE/libraries/indoorino/packetParse.cpp.o
                0x00000000000804c0                packetParse::begin()
 .text._ZN11packetParse4loopEv
                0x0000000000080500       0x18 /home/n00b/Code/Develop/Indoorino.3.0.6/build/build/temp-DUE/libraries/indoorino/packetParse.cpp.o
                0x0000000000080500                packetParse::loop()
 .text._ZN11packetParseD2Ev
                0x0000000000080518       0x34 /home/n00b/Code/Develop/Indoorino.3.0.6/build/build/temp-DUE/libraries/indoorino/packetParse.cpp.o
                0x0000000000080518                packetParse::~packetParse()
                0x0000000000080518                packetParse::~packetParse()
 .text._ZN11packetParseD0Ev
                0x000000000008054c       0x12 /home/n00b/Code/Develop/Indoorino.3.0.6/build/build/temp-DUE/libraries/indoorino/packetParse.cpp.o
                0x000000000008054c                packetParse::~packetParse()
 *fill*         0x000000000008055e        0x2 
 .text._ZN11packetParseC2Eb
                0x0000000000080560       0x2c /home/n00b/Code/Develop/Indoorino.3.0.6/build/build/temp-DUE/libraries/indoorino/packetParse.cpp.o
                0x0000000000080560                packetParse::packetParse(bool)
                0x0000000000080560                packetParse::packetParse(bool)
 .text._ZN11packetParse6packetEv
                0x000000000008058c       0x14 /home/n00b/Code/Develop/Indoorino.3.0.6/build/build/temp-DUE/libraries/indoorino/packetParse.cpp.o
                0x000000000008058c                packetParse::packet()
 .text._ZN11packetParse14parse_preambleEh
                0x00000000000805a0       0x4c /home/n00b/Code/Develop/Indoorino.3.0.6/build/build/temp-DUE/libraries/indoorino/packetParse.cpp.o
                0x00000000000805a0                packetParse::parse_preamble(unsigned char)
 .text._ZN11packetParse10parse_nameEh
                0x00000000000805ec       0xa8 /home/n00b/Code/Develop/Indoorino.3.0.6/build/build/temp-DUE/libraries/indoorino/packetParse.cpp.o
                0x00000000000805ec                packetParse::parse_name(unsigned char)
 .text._ZN11packetParse14parse_commbyteEh
                0x0000000000080694       0x70 /home/n00b/Code/Develop/Indoorino.3.0.6/build/build/temp-DUE/libraries/indoorino/packetParse.cpp.o
                0x0000000000080694                packetParse::parse_commbyte(unsigned char)
 .text._ZN11packetParse12parse_plbyteEh
                0x0000000000080704       0x88 /home/n00b/Code/Develop/Indoorino.3.0.6/build/build/temp-DUE/libraries/indoorino/packetParse.cpp.o
                0x0000000000080704                packetParse::parse_plbyte(unsigned char)
 .text._ZN11packetParse6appendEh
                0x000000000008078c       0x1c /home/n00b/Code/Develop/Indoorino.3.0.6/build/build/temp-DUE/libraries/indoorino/packetParse.cpp.o
                0x000000000008078c                packetParse::append(unsigned char)
 .text._ZN14packetTransmit10sendSerialEP7ipacketPKc
                0x00000000000807a8       0x3a /home/n00b/Code/Develop/Indoorino.3.0.6/build/build/temp-DUE/libraries/indoorino/packetSend.cpp.o
                0x00000000000807a8                packetTransmit::sendSerial(ipacket*, char const*)
 .text._ZN14packetTransmit4sendEP7ipacketPKc
                0x00000000000807e2       0x10 /home/n00b/Code/Develop/Indoorino.3.0.6/build/build/temp-DUE/libraries/indoorino/packetSend.cpp.o
                0x00000000000807e2                packetTransmit::send(ipacket*, char const*)
 *fill*         0x00000000000807f2        0x2 
 .text._ZN14packetTransmit4sendEP7ipacket
                0x00000000000807f4       0x24 /home/n00b/Code/Develop/Indoorino.3.0.6/build/build/temp-DUE/libraries/indoorino/packetSend.cpp.o
                0x00000000000807f4                packetTransmit::send(ipacket*)
 .text._ZN7ipacket9p_messageEv
                0x0000000000080818       0x12 /home/n00b/Code/Develop/Indoorino.3.0.6/build/build/temp-DUE/libraries/indoorino/packetStubs.cpp.o
                0x0000000000080818                ipacket::p_message()
 .text._ZN7ipacket6p_nameEv
                0x000000000008082a       0x3c /home/n00b/Code/Develop/Indoorino.3.0.6/build/build/temp-DUE/libraries/indoorino/packetStubs.cpp.o
                0x000000000008082a                ipacket::p_name()
 .text._ZN7ipacket6p_typeEv
                0x0000000000080866       0x3e /home/n00b/Code/Develop/Indoorino.3.0.6/build/build/temp-DUE/libraries/indoorino/packetStubs.cpp.o
                0x0000000000080866                ipacket::p_type()
 .text._ZN7ipacket7p_boardEv
                0x00000000000808a4       0x30 /home/n00b/Code/Develop/Indoorino.3.0.6/build/build/temp-DUE/libraries/indoorino/packetStubs.cpp.o
                0x00000000000808a4                ipacket::p_board()
 .text._ZN7ipacket9p_devnameEv
                0x00000000000808d4       0xa2 /home/n00b/Code/Develop/Indoorino.3.0.6/build/build/temp-DUE/libraries/indoorino/packetStubs.cpp.o
                0x00000000000808d4                ipacket::p_devname()
 .text._ZN7ipacket7p_epochEv
                0x0000000000080976       0x54 /home/n00b/Code/Develop/Indoorino.3.0.6/build/build/temp-DUE/libraries/indoorino/packetStubs.cpp.o
                0x0000000000080976                ipacket::p_epoch()
 .text._ZN7ipacket8p_param1Ev
                0x00000000000809ca       0x3a /home/n00b/Code/Develop/Indoorino.3.0.6/build/build/temp-DUE/libraries/indoorino/packetStubs.cpp.o
                0x00000000000809ca                ipacket::p_param1()
 .text._ZN7ipacket8p_param3Ev
                0x0000000000080a04       0x18 /home/n00b/Code/Develop/Indoorino.3.0.6/build/build/temp-DUE/libraries/indoorino/packetStubs.cpp.o
                0x0000000000080a04                ipacket::p_param3()
 .text._ZN7ipacket10p_stepday1Ev
                0x0000000000080a1c       0x26 /home/n00b/Code/Develop/Indoorino.3.0.6/build/build/temp-DUE/libraries/indoorino/packetStubs.cpp.o
                0x0000000000080a1c                ipacket::p_stepday1()
 .text._ZN7ipacket11p_stephour1Ev
                0x0000000000080a42       0x18 /home/n00b/Code/Develop/Indoorino.3.0.6/build/build/temp-DUE/libraries/indoorino/packetStubs.cpp.o
                0x0000000000080a42                ipacket::p_stephour1()
 .text._ZN7ipacket7p_levelEv
                0x0000000000080a5a       0x4c /home/n00b/Code/Develop/Indoorino.3.0.6/build/build/temp-DUE/libraries/indoorino/packetStubs.cpp.o
                0x0000000000080a5a                ipacket::p_level()
 .text._ZN7ipacket8p_devnumEv
                0x0000000000080aa6       0x18 /home/n00b/Code/Develop/Indoorino.3.0.6/build/build/temp-DUE/libraries/indoorino/packetStubs.cpp.o
                0x0000000000080aa6                ipacket::p_devnum()
 .text._ZN7ipacket5p_pinEv
                0x0000000000080abe       0x60 /home/n00b/Code/Develop/Indoorino.3.0.6/build/build/temp-DUE/libraries/indoorino/packetStubs.cpp.o
                0x0000000000080abe                ipacket::p_pin()
 .text._ZN7ipacketD2Ev
                0x0000000000080b1e       0x10 /home/n00b/Code/Develop/Indoorino.3.0.6/build/build/temp-DUE/libraries/indoorino/packetUtils.cpp.o
                0x0000000000080b1e                ipacket::~ipacket()
                0x0000000000080b1e                ipacket::~ipacket()
 .text._ZN7BoardIOC2Eb
                0x0000000000080b2e       0x2a /home/n00b/Code/Develop/Indoorino.3.0.6/build/build/temp-DUE/libraries/indoorino/packetUtils.cpp.o
                0x0000000000080b2e                BoardIO::BoardIO(bool)
                0x0000000000080b2e                BoardIO::BoardIO(bool)
 .text._Z11_sendreporthPKcS0_St9__va_list
                0x0000000000080b58       0x88 /home/n00b/Code/Develop/Indoorino.3.0.6/build/build/temp-DUE/libraries/indoorino/packetUtils.cpp.o
                0x0000000000080b58                _sendreport(unsigned char, char const*, char const*, std::__va_list)
 .text._Z10sendReporthPK19__FlashStringHelperS1_z
                0x0000000000080be0       0x2c /home/n00b/Code/Develop/Indoorino.3.0.6/build/build/temp-DUE/libraries/indoorino/packetUtils.cpp.o
                0x0000000000080be0                sendReport(unsigned char, __FlashStringHelper const*, __FlashStringHelper const*, ...)
 .text._Z10sendReporthPK19__FlashStringHelperz
                0x0000000000080c0c       0x34 /home/n00b/Code/Develop/Indoorino.3.0.6/build/build/temp-DUE/libraries/indoorino/packetUtils.cpp.o
                0x0000000000080c0c                sendReport(unsigned char, __FlashStringHelper const*, ...)
 .text._Z13reallocPacketP7ipackett
                0x0000000000080c40       0x44 /home/n00b/Code/Develop/Indoorino.3.0.6/build/build/temp-DUE/libraries/indoorino/packetUtils.cpp.o
                0x0000000000080c40                reallocPacket(ipacket*, unsigned short)
 .text._Z10sendConfigv
                0x0000000000080c84      0x124 /home/n00b/Code/Develop/Indoorino.3.0.6/build/build/temp-DUE/libraries/indoorino/packetUtils.cpp.o
                0x0000000000080c84                sendConfig()
 .text._Z15is_type_devconfP7ipacket
                0x0000000000080da8       0x24 /home/n00b/Code/Develop/Indoorino.3.0.6/build/build/temp-DUE/libraries/indoorino/packetUtils.cpp.o
                0x0000000000080da8                is_type_devconf(ipacket*)
 .text._ZN7BoardIO5beginEv
                0x0000000000080dcc       0x28 /home/n00b/Code/Develop/Indoorino.3.0.6/build/build/temp-DUE/libraries/indoorino/packetUtils.cpp.o
                0x0000000000080dcc                BoardIO::begin()
 .text._ZN7BoardIO4loopEv
                0x0000000000080df4       0x34 /home/n00b/Code/Develop/Indoorino.3.0.6/build/build/temp-DUE/libraries/indoorino/packetUtils.cpp.o
                0x0000000000080df4                BoardIO::loop()
 .text._Z11debughelperPK19__FlashStringHelperz
                0x0000000000080e28       0x40 /home/n00b/Code/Develop/Indoorino.3.0.6/build/build/temp-DUE/libraries/indoorino/utils.cpp.o
                0x0000000000080e28                debughelper(__FlashStringHelper const*, ...)
 .text._Z11time_stringPcm
                0x0000000000080e68       0x24 /home/n00b/Code/Develop/Indoorino.3.0.6/build/build/temp-DUE/libraries/indoorino/utils.cpp.o
                0x0000000000080e68                time_string(char*, unsigned long)
 .text._Z17is_string_devnamePKchh
                0x0000000000080e8c       0x4a /home/n00b/Code/Develop/Indoorino.3.0.6/build/build/temp-DUE/libraries/indoorino/utils.cpp.o
                0x0000000000080e8c                is_string_devname(char const*, unsigned char, unsigned char)
 *fill*         0x0000000000080ed6        0x2 
 .text._Z11serialwritePct
                0x0000000000080ed8       0x38 /home/n00b/Code/Develop/Indoorino.3.0.6/build/build/temp-DUE/libraries/indoorino/utils.cpp.o
                0x0000000000080ed8                serialwrite(char*, unsigned short)
 .text._ZL9date2daysthh
                0x0000000000080f10       0x50 /home/n00b/Code/Develop/Indoorino.3.0.6/build/build/temp-DUE/libraries/RTC/RTClib.cpp.o
 .text._ZL6conv2dPKc
                0x0000000000080f60       0x1c /home/n00b/Code/Develop/Indoorino.3.0.6/build/build/temp-DUE/libraries/RTC/RTClib.cpp.o
 .text._ZN8DateTimeC2Em
                0x0000000000080f7c       0x88 /home/n00b/Code/Develop/Indoorino.3.0.6/build/build/temp-DUE/libraries/RTC/RTClib.cpp.o
                0x0000000000080f7c                DateTime::DateTime(unsigned long)
                0x0000000000080f7c                DateTime::DateTime(unsigned long)
 .text._ZN8DateTimeC2EPK19__FlashStringHelperS2_
                0x0000000000081004       0xc2 /home/n00b/Code/Develop/Indoorino.3.0.6/build/build/temp-DUE/libraries/RTC/RTClib.cpp.o
                0x0000000000081004                DateTime::DateTime(__FlashStringHelper const*, __FlashStringHelper const*)
                0x0000000000081004                DateTime::DateTime(__FlashStringHelper const*, __FlashStringHelper const*)
 *fill*         0x00000000000810c6        0x2 
 .text._ZNK8DateTime8unixtimeEv
                0x00000000000810c8       0x30 /home/n00b/Code/Develop/Indoorino.3.0.6/build/build/temp-DUE/libraries/RTC/RTClib.cpp.o
                0x00000000000810c8                DateTime::unixtime() const
 .text._ZNK8DateTime7isValidEv
                0x00000000000810f8       0x5c /home/n00b/Code/Develop/Indoorino.3.0.6/build/build/temp-DUE/libraries/RTC/RTClib.cpp.o
                0x00000000000810f8                DateTime::isValid() const
 .text._ZN8DateTime9timestampEPcNS_12timestampOptE
                0x0000000000081154       0x58 /home/n00b/Code/Develop/Indoorino.3.0.6/build/build/temp-DUE/libraries/RTC/RTClib.cpp.o
                0x0000000000081154                DateTime::timestamp(char*, DateTime::timestampOpt)
 .text._ZN10RTC_Millis6adjustERK8DateTime
                0x00000000000811ac       0x20 /home/n00b/Code/Develop/Indoorino.3.0.6/build/build/temp-DUE/libraries/RTC/RTClib.cpp.o
                0x00000000000811ac                RTC_Millis::adjust(DateTime const&)
 .text._ZN10RTC_Millis3nowEv
                0x00000000000811cc       0x38 /home/n00b/Code/Develop/Indoorino.3.0.6/build/build/temp-DUE/libraries/RTC/RTClib.cpp.o
                0x00000000000811cc                RTC_Millis::now()
 .text._ZN10RTC_DS32315beginEv
                0x0000000000081204       0x28 /home/n00b/Code/Develop/Indoorino.3.0.6/build/build/temp-DUE/libraries/RTC/RTClib.cpp.o
                0x0000000000081204                RTC_DS3231::begin()
 .text._ZL18write_i2c_registerhhh.constprop.6
                0x000000000008122c       0x30 /home/n00b/Code/Develop/Indoorino.3.0.6/build/build/temp-DUE/libraries/RTC/RTClib.cpp.o
 .text._ZN10RTC_DS32313nowEv
                0x000000000008125c       0xc8 /home/n00b/Code/Develop/Indoorino.3.0.6/build/build/temp-DUE/libraries/RTC/RTClib.cpp.o
                0x000000000008125c                RTC_DS3231::now()
 .text._ZL17read_i2c_registerhh.constprop.7
                0x0000000000081324       0x34 /home/n00b/Code/Develop/Indoorino.3.0.6/build/build/temp-DUE/libraries/RTC/RTClib.cpp.o
 .text._ZN10RTC_DS32316adjustERK8DateTime
                0x0000000000081358       0xc4 /home/n00b/Code/Develop/Indoorino.3.0.6/build/build/temp-DUE/libraries/RTC/RTClib.cpp.o
                0x0000000000081358                RTC_DS3231::adjust(DateTime const&)
 .text._ZN10RTC_DS32319lostPowerEv
                0x000000000008141c        0xe /home/n00b/Code/Develop/Indoorino.3.0.6/build/build/temp-DUE/libraries/RTC/RTClib.cpp.o
                0x000000000008141c                RTC_DS3231::lostPower()
 *fill*         0x000000000008142a        0x2 
 .text._ZN19StaticSpaceTemplateD2Ev
                0x000000000008142c        0xc /home/n00b/Code/Develop/Indoorino.3.0.6/build/build/temp-DUE/libraries/devices/boardconf.cpp.o
                0x000000000008142c                StaticSpaceTemplate::~StaticSpaceTemplate()
                0x000000000008142c                StaticSpaceTemplate::~StaticSpaceTemplate()
 .text._ZN19StaticSpaceTemplate5beginEv
                0x0000000000081438        0x2 /home/n00b/Code/Develop/Indoorino.3.0.6/build/build/temp-DUE/libraries/devices/boardconf.cpp.o
                0x0000000000081438                StaticSpaceTemplate::begin()
 .text._ZN19StaticSpaceTemplate4readEt
                0x000000000008143a        0x4 /home/n00b/Code/Develop/Indoorino.3.0.6/build/build/temp-DUE/libraries/devices/boardconf.cpp.o
                0x000000000008143a                StaticSpaceTemplate::read(unsigned short)
 .text._ZN19StaticSpaceTemplate5writeEth
                0x000000000008143e        0x2 /home/n00b/Code/Develop/Indoorino.3.0.6/build/build/temp-DUE/libraries/devices/boardconf.cpp.o
                0x000000000008143e                StaticSpaceTemplate::write(unsigned short, unsigned char)
 .text._ZN19StaticSpaceTemplate6updateEih
                0x0000000000081440        0x2 /home/n00b/Code/Develop/Indoorino.3.0.6/build/build/temp-DUE/libraries/devices/boardconf.cpp.o
                0x0000000000081440                StaticSpaceTemplate::update(int, unsigned char)
 .text._ZN19StaticSpaceTemplate6updateEv
                0x0000000000081442        0x2 /home/n00b/Code/Develop/Indoorino.3.0.6/build/build/temp-DUE/libraries/devices/boardconf.cpp.o
                0x0000000000081442                StaticSpaceTemplate::update()
 .text._ZN13StaticSpaceSDD2Ev
                0x0000000000081444        0xc /home/n00b/Code/Develop/Indoorino.3.0.6/build/build/temp-DUE/libraries/devices/boardconf.cpp.o
                0x0000000000081444                StaticSpaceSD::~StaticSpaceSD()
                0x0000000000081444                StaticSpaceSD::~StaticSpaceSD()
 .text._ZN13StaticSpaceSD5beginEv
                0x0000000000081450        0x2 /home/n00b/Code/Develop/Indoorino.3.0.6/build/build/temp-DUE/libraries/devices/boardconf.cpp.o
                0x0000000000081450                StaticSpaceSD::begin()
 .text._ZN13StaticSpaceSD4readEt
                0x0000000000081452        0x4 /home/n00b/Code/Develop/Indoorino.3.0.6/build/build/temp-DUE/libraries/devices/boardconf.cpp.o
                0x0000000000081452                StaticSpaceSD::read(unsigned short)
 .text._ZN13StaticSpaceSD5writeEth
                0x0000000000081456        0x2 /home/n00b/Code/Develop/Indoorino.3.0.6/build/build/temp-DUE/libraries/devices/boardconf.cpp.o
                0x0000000000081456                StaticSpaceSD::write(unsigned short, unsigned char)
 .text._ZN13StaticSpaceSD6updateEih
                0x0000000000081458        0x2 /home/n00b/Code/Develop/Indoorino.3.0.6/build/build/temp-DUE/libraries/devices/boardconf.cpp.o
                0x0000000000081458                StaticSpaceSD::update(int, unsigned char)
 .text._ZN13StaticSpaceSD6updateEv
                0x000000000008145a        0x2 /home/n00b/Code/Develop/Indoorino.3.0.6/build/build/temp-DUE/libraries/devices/boardconf.cpp.o
                0x000000000008145a                StaticSpaceSD::update()
 .text._ZN19StaticSpaceTemplateD0Ev
                0x000000000008145c       0x14 /home/n00b/Code/Develop/Indoorino.3.0.6/build/build/temp-DUE/libraries/devices/boardconf.cpp.o
                0x000000000008145c                StaticSpaceTemplate::~StaticSpaceTemplate()
 .text._ZN13StaticSpaceSDD0Ev
                0x0000000000081470       0x14 /home/n00b/Code/Develop/Indoorino.3.0.6/build/build/temp-DUE/libraries/devices/boardconf.cpp.o
                0x0000000000081470                StaticSpaceSD::~StaticSpaceSD()
 .text._ZN8ConfBaseD2Ev
                0x0000000000081484       0x24 /home/n00b/Code/Develop/Indoorino.3.0.6/build/build/temp-DUE/libraries/devices/boardconf.cpp.o
                0x0000000000081484                ConfBase::~ConfBase()
                0x0000000000081484                ConfBase::~ConfBase()
 .text._ZN8ConfBaseD0Ev
                0x00000000000814a8       0x12 /home/n00b/Code/Develop/Indoorino.3.0.6/build/build/temp-DUE/libraries/devices/boardconf.cpp.o
                0x00000000000814a8                ConfBase::~ConfBase()
 *fill*         0x00000000000814ba        0x2 
 .text._ZN8ConfBase7factoryEv
                0x00000000000814bc       0x9c /home/n00b/Code/Develop/Indoorino.3.0.6/build/build/temp-DUE/libraries/devices/boardconf.cpp.o
                0x00000000000814bc                ConfBase::factory()
 .text._ZN8ConfBase5beginEv
                0x0000000000081558       0xbc /home/n00b/Code/Develop/Indoorino.3.0.6/build/build/temp-DUE/libraries/devices/boardconf.cpp.o
                0x0000000000081558                ConfBase::begin()
 .text._ZN8ConfBase6devRemEPKc
                0x0000000000081614       0x18 /home/n00b/Code/Develop/Indoorino.3.0.6/build/build/temp-DUE/libraries/devices/boardconf.cpp.o
                0x0000000000081614                ConfBase::devRem(char const*)
 .text._ZN12ConfBase_AVR6devModEPKcP7ipacket
                0x000000000008162c       0x24 /home/n00b/Code/Develop/Indoorino.3.0.6/build/build/temp-DUE/libraries/devices/boardconf.cpp.o
                0x000000000008162c                ConfBase_AVR::devMod(char const*, ipacket*)
 .text._ZN12ConfBase_AVR10devSetNameEPKcS1_
                0x0000000000081650       0x24 /home/n00b/Code/Develop/Indoorino.3.0.6/build/build/temp-DUE/libraries/devices/boardconf.cpp.o
                0x0000000000081650                ConfBase_AVR::devSetName(char const*, char const*)
 .text._ZN8ConfBase6devModEPKcP7ipacket
                0x0000000000081674       0x1e /home/n00b/Code/Develop/Indoorino.3.0.6/build/build/temp-DUE/libraries/devices/boardconf.cpp.o
                0x0000000000081674                ConfBase::devMod(char const*, ipacket*)
 .text._ZN8ConfBase10devSetNameEPKcS1_
                0x0000000000081692        0xa /home/n00b/Code/Develop/Indoorino.3.0.6/build/build/temp-DUE/libraries/devices/boardconf.cpp.o
                0x0000000000081692                ConfBase::devSetName(char const*, char const*)
 .text._ZN8ConfBase6devAddEP7ipacket
                0x000000000008169c       0x80 /home/n00b/Code/Develop/Indoorino.3.0.6/build/build/temp-DUE/libraries/devices/boardconf.cpp.o
                0x000000000008169c                ConfBase::devAdd(ipacket*)
 .text._ZN12ConfBase_AVR6devAddEP7ipacket
                0x000000000008171c       0xa4 /home/n00b/Code/Develop/Indoorino.3.0.6/build/build/temp-DUE/libraries/devices/boardconf.cpp.o
                0x000000000008171c                ConfBase_AVR::devAdd(ipacket*)
 .text._ZN8ConfBase8validateEP7ipacket
                0x00000000000817c0       0x50 /home/n00b/Code/Develop/Indoorino.3.0.6/build/build/temp-DUE/libraries/devices/boardconf.cpp.o
                0x00000000000817c0                ConfBase::validate(ipacket*)
 .text._ZN12ConfBase_AVR8validateEP7ipacket
                0x0000000000081810       0x1a /home/n00b/Code/Develop/Indoorino.3.0.6/build/build/temp-DUE/libraries/devices/boardconf.cpp.o
                0x0000000000081810                ConfBase_AVR::validate(ipacket*)
 *fill*         0x000000000008182a        0x2 
 .text._ZN11ConfSampler7factoryEv
                0x000000000008182c       0xd8 /home/n00b/Code/Develop/Indoorino.3.0.6/build/build/temp-DUE/libraries/devices/boardconf.cpp.o
                0x000000000008182c                ConfSampler::factory()
 .text._ZN8ConfBaseC2Ev
                0x0000000000081904       0x2c /home/n00b/Code/Develop/Indoorino.3.0.6/build/build/temp-DUE/libraries/devices/boardconf.cpp.o
                0x0000000000081904                ConfBase::ConfBase()
                0x0000000000081904                ConfBase::ConfBase()
 .text._ZN8ConfBase6devnumEv
                0x0000000000081930        0x4 /home/n00b/Code/Develop/Indoorino.3.0.6/build/build/temp-DUE/libraries/devices/boardconf.cpp.o
                0x0000000000081930                ConfBase::devnum()
 .text._ZN8ConfBase7initdevEt
                0x0000000000081934       0x2c /home/n00b/Code/Develop/Indoorino.3.0.6/build/build/temp-DUE/libraries/devices/boardconf.cpp.o
                0x0000000000081934                ConfBase::initdev(unsigned short)
 .text._ZN11ConfSampler5beginEv
                0x0000000000081960       0x8c /home/n00b/Code/Develop/Indoorino.3.0.6/build/build/temp-DUE/libraries/devices/boardconf.cpp.o
                0x0000000000081960                ConfSampler::begin()
 .text._ZN8ConfBase6deviceEP7ipacketh
                0x00000000000819ec       0x14 /home/n00b/Code/Develop/Indoorino.3.0.6/build/build/temp-DUE/libraries/devices/boardconf.cpp.o
                0x00000000000819ec                ConfBase::device(ipacket*, unsigned char)
 .text._ZN11ConfSampler4stepEv
                0x0000000000081a00        0x4 /home/n00b/Code/Develop/Indoorino.3.0.6/build/build/temp-DUE/libraries/devices/boardconf.cpp.o
                0x0000000000081a00                ConfSampler::step()
 .text._ZN11ConfSampler4coolEv
                0x0000000000081a04        0x4 /home/n00b/Code/Develop/Indoorino.3.0.6/build/build/temp-DUE/libraries/devices/boardconf.cpp.o
                0x0000000000081a04                ConfSampler::cool()
 .text._ZN7rtclockD2Ev
                0x0000000000081a08        0xc /home/n00b/Code/Develop/Indoorino.3.0.6/build/build/temp-DUE/libraries/devices/stddev.cpp.o
                0x0000000000081a08                rtclock::~rtclock()
                0x0000000000081a08                rtclock::~rtclock()
 .text._ZN11ClockDS32315epochEv
                0x0000000000081a14        0x4 /home/n00b/Code/Develop/Indoorino.3.0.6/build/build/temp-DUE/libraries/devices/stddev.cpp.o
                0x0000000000081a14                ClockDS3231::epoch()
 .text._ZN11ClockDS32316statusEv
                0x0000000000081a18        0x4 /home/n00b/Code/Develop/Indoorino.3.0.6/build/build/temp-DUE/libraries/devices/stddev.cpp.o
                0x0000000000081a18                ClockDS3231::status()
 .text._ZN7rtclockD0Ev
                0x0000000000081a1c       0x14 /home/n00b/Code/Develop/Indoorino.3.0.6/build/build/temp-DUE/libraries/devices/stddev.cpp.o
                0x0000000000081a1c                rtclock::~rtclock()
 .text._ZN11ClockDS3231D2Ev
                0x0000000000081a30       0x20 /home/n00b/Code/Develop/Indoorino.3.0.6/build/build/temp-DUE/libraries/devices/stddev.cpp.o
                0x0000000000081a30                ClockDS3231::~ClockDS3231()
                0x0000000000081a30                ClockDS3231::~ClockDS3231()
 .text._ZN11ClockDS3231D0Ev
                0x0000000000081a50       0x12 /home/n00b/Code/Develop/Indoorino.3.0.6/build/build/temp-DUE/libraries/devices/stddev.cpp.o
                0x0000000000081a50                ClockDS3231::~ClockDS3231()
 .text._ZN11ClockDS32313setE8DateTime
                0x0000000000081a62        0xe /home/n00b/Code/Develop/Indoorino.3.0.6/build/build/temp-DUE/libraries/devices/stddev.cpp.o
                0x0000000000081a62                ClockDS3231::set(DateTime)
 .text._ZN11blinkingLed5beginEh
                0x0000000000081a70       0x36 /home/n00b/Code/Develop/Indoorino.3.0.6/build/build/temp-DUE/libraries/devices/stddev.cpp.o
                0x0000000000081a70                blinkingLed::begin(unsigned char)
 .text._ZN11blinkingLed5startEh
                0x0000000000081aa6        0x8 /home/n00b/Code/Develop/Indoorino.3.0.6/build/build/temp-DUE/libraries/devices/stddev.cpp.o
                0x0000000000081aa6                blinkingLed::start(unsigned char)
 .text._ZN11blinkingLed4stopEv
                0x0000000000081aae        0x8 /home/n00b/Code/Develop/Indoorino.3.0.6/build/build/temp-DUE/libraries/devices/stddev.cpp.o
                0x0000000000081aae                blinkingLed::stop()
 .text._ZN11blinkingLed4loopEv
                0x0000000000081ab6       0x58 /home/n00b/Code/Develop/Indoorino.3.0.6/build/build/temp-DUE/libraries/devices/stddev.cpp.o
                0x0000000000081ab6                blinkingLed::loop()
 *fill*         0x0000000000081b0e        0x2 
 .text._ZN11ClockDS3231C2Ev
                0x0000000000081b10       0x4c /home/n00b/Code/Develop/Indoorino.3.0.6/build/build/temp-DUE/libraries/devices/stddev.cpp.o
                0x0000000000081b10                ClockDS3231::ClockDS3231()
                0x0000000000081b10                ClockDS3231::ClockDS3231()
 .text._ZN11ClockDS323112request_timeEv
                0x0000000000081b5c       0x90 /home/n00b/Code/Develop/Indoorino.3.0.6/build/build/temp-DUE/libraries/devices/stddev.cpp.o
                0x0000000000081b5c                ClockDS3231::request_time()
 .text._ZN11ClockDS32315beginEv
                0x0000000000081bec      0x128 /home/n00b/Code/Develop/Indoorino.3.0.6/build/build/temp-DUE/libraries/devices/stddev.cpp.o
                0x0000000000081bec                ClockDS3231::begin()
 .text._ZN11ClockDS32314loopEv
                0x0000000000081d14       0x40 /home/n00b/Code/Develop/Indoorino.3.0.6/build/build/temp-DUE/libraries/devices/stddev.cpp.o
                0x0000000000081d14                ClockDS3231::loop()
 .text._ZN7TwoWire5writeEPKhj
                0x0000000000081d54       0x50 /home/n00b/Code/Develop/Indoorino.3.0.6/build/build/temp-DUE/libraries/Wire/Wire.cpp.o
                0x0000000000081d54                TwoWire::write(unsigned char const*, unsigned int)
 .text._ZN7TwoWire9availableEv
                0x0000000000081da4        0xc /home/n00b/Code/Develop/Indoorino.3.0.6/build/build/temp-DUE/libraries/Wire/Wire.cpp.o
                0x0000000000081da4                TwoWire::available()
 .text._ZN7TwoWire4readEv
                0x0000000000081db0       0x1e /home/n00b/Code/Develop/Indoorino.3.0.6/build/build/temp-DUE/libraries/Wire/Wire.cpp.o
                0x0000000000081db0                TwoWire::read()
 .text._ZN7TwoWire4peekEv
                0x0000000000081dce       0x16 /home/n00b/Code/Develop/Indoorino.3.0.6/build/build/temp-DUE/libraries/Wire/Wire.cpp.o
                0x0000000000081dce                TwoWire::peek()
 .text._ZN7TwoWire5flushEv
                0x0000000000081de4        0x2 /home/n00b/Code/Develop/Indoorino.3.0.6/build/build/temp-DUE/libraries/Wire/Wire.cpp.o
                0x0000000000081de4                TwoWire::flush()
 .text._ZN7TwoWire5writeEh
                0x0000000000081de6       0x3a /home/n00b/Code/Develop/Indoorino.3.0.6/build/build/temp-DUE/libraries/Wire/Wire.cpp.o
                0x0000000000081de6                TwoWire::write(unsigned char)
 .text._ZL16TWI_WaitByteSentP3Twim.constprop.3
                0x0000000000081e20       0x2c /home/n00b/Code/Develop/Indoorino.3.0.6/build/build/temp-DUE/libraries/Wire/Wire.cpp.o
 .text._ZL24TWI_WaitTransferCompleteP3Twim.constprop.4
                0x0000000000081e4c       0x2c /home/n00b/Code/Develop/Indoorino.3.0.6/build/build/temp-DUE/libraries/Wire/Wire.cpp.o
 .text._ZL9Wire_Initv
                0x0000000000081e78       0x54 /home/n00b/Code/Develop/Indoorino.3.0.6/build/build/temp-DUE/libraries/Wire/Wire.cpp.o
 .text._ZL12Wire1_Deinitv
                0x0000000000081ecc       0x18 /home/n00b/Code/Develop/Indoorino.3.0.6/build/build/temp-DUE/libraries/Wire/Wire.cpp.o
 .text._ZL11Wire_Deinitv
                0x0000000000081ee4       0x18 /home/n00b/Code/Develop/Indoorino.3.0.6/build/build/temp-DUE/libraries/Wire/Wire.cpp.o
 .text._ZL10Wire1_Initv
                0x0000000000081efc       0x54 /home/n00b/Code/Develop/Indoorino.3.0.6/build/build/temp-DUE/libraries/Wire/Wire.cpp.o
 .text._ZN7TwoWireC2EP3TwiPFvvES3_
                0x0000000000081f50       0x48 /home/n00b/Code/Develop/Indoorino.3.0.6/build/build/temp-DUE/libraries/Wire/Wire.cpp.o
                0x0000000000081f50                TwoWire::TwoWire(Twi*, void (*)(), void (*)())
                0x0000000000081f50                TwoWire::TwoWire(Twi*, void (*)(), void (*)())
 .text._ZN7TwoWire5beginEv
                0x0000000000081f98       0x30 /home/n00b/Code/Develop/Indoorino.3.0.6/build/build/temp-DUE/libraries/Wire/Wire.cpp.o
                0x0000000000081f98                TwoWire::begin()
 .text._ZN7TwoWire11requestFromEhhmhh
                0x0000000000081fc8       0x78 /home/n00b/Code/Develop/Indoorino.3.0.6/build/build/temp-DUE/libraries/Wire/Wire.cpp.o
                0x0000000000081fc8                TwoWire::requestFrom(unsigned char, unsigned char, unsigned long, unsigned char, unsigned char)
 .text._ZN7TwoWire11requestFromEhhh
                0x0000000000082040       0x12 /home/n00b/Code/Develop/Indoorino.3.0.6/build/build/temp-DUE/libraries/Wire/Wire.cpp.o
                0x0000000000082040                TwoWire::requestFrom(unsigned char, unsigned char, unsigned char)
 .text._ZN7TwoWire11requestFromEhh
                0x0000000000082052        0x6 /home/n00b/Code/Develop/Indoorino.3.0.6/build/build/temp-DUE/libraries/Wire/Wire.cpp.o
                0x0000000000082052                TwoWire::requestFrom(unsigned char, unsigned char)
 .text._ZN7TwoWire11requestFromEii
                0x0000000000082058        0xa /home/n00b/Code/Develop/Indoorino.3.0.6/build/build/temp-DUE/libraries/Wire/Wire.cpp.o
                0x0000000000082058                TwoWire::requestFrom(int, int)
 .text._ZN7TwoWire17beginTransmissionEh
                0x0000000000082062       0x12 /home/n00b/Code/Develop/Indoorino.3.0.6/build/build/temp-DUE/libraries/Wire/Wire.cpp.o
                0x0000000000082062                TwoWire::beginTransmission(unsigned char)
 .text._ZN7TwoWire17beginTransmissionEi
                0x0000000000082074       0x12 /home/n00b/Code/Develop/Indoorino.3.0.6/build/build/temp-DUE/libraries/Wire/Wire.cpp.o
                0x0000000000082074                TwoWire::beginTransmission(int)
 .text._ZN7TwoWire15endTransmissionEh
                0x0000000000082086       0x82 /home/n00b/Code/Develop/Indoorino.3.0.6/build/build/temp-DUE/libraries/Wire/Wire.cpp.o
                0x0000000000082086                TwoWire::endTransmission(unsigned char)
 .text._ZN7TwoWire15endTransmissionEv
                0x0000000000082108        0x6 /home/n00b/Code/Develop/Indoorino.3.0.6/build/build/temp-DUE/libraries/Wire/Wire.cpp.o
                0x0000000000082108                TwoWire::endTransmission()
 .text._ZN7TwoWire9onServiceEv
                0x000000000008210e      0x118 /home/n00b/Code/Develop/Indoorino.3.0.6/build/build/temp-DUE/libraries/Wire/Wire.cpp.o
                0x000000000008210e                TwoWire::onService()
 *fill*         0x0000000000082226        0x2 
 .text.TWI1_Handler
                0x0000000000082228        0xc /home/n00b/Code/Develop/Indoorino.3.0.6/build/build/temp-DUE/libraries/Wire/Wire.cpp.o
                0x0000000000082228                TWI1_Handler
 .text.TWI0_Handler
                0x0000000000082234        0xc /home/n00b/Code/Develop/Indoorino.3.0.6/build/build/temp-DUE/libraries/Wire/Wire.cpp.o
                0x0000000000082234                TWI0_Handler
 .text.startup._GLOBAL__sub_I__ZN7TwoWireC2EP3TwiPFvvES3_
                0x0000000000082240       0x40 /home/n00b/Code/Develop/Indoorino.3.0.6/build/build/temp-DUE/libraries/Wire/Wire.cpp.o
 .text._Z11serialEventv
                0x0000000000082280        0x2 /home/n00b/Code/Develop/Indoorino.3.0.6/build/build/temp-DUE/core/variant.cpp.o
                0x0000000000082280                serialEvent()
 *fill*         0x0000000000082282        0x2 
 .text.UART_Handler
                0x0000000000082284        0xc /home/n00b/Code/Develop/Indoorino.3.0.6/build/build/temp-DUE/core/variant.cpp.o
                0x0000000000082284                UART_Handler
 .text._Z12serialEvent1v
                0x0000000000082290        0x2 /home/n00b/Code/Develop/Indoorino.3.0.6/build/build/temp-DUE/core/variant.cpp.o
                0x0000000000082290                serialEvent1()
 .text._Z12serialEvent2v
                0x0000000000082292        0x2 /home/n00b/Code/Develop/Indoorino.3.0.6/build/build/temp-DUE/core/variant.cpp.o
                0x0000000000082292                serialEvent2()
 .text._Z12serialEvent3v
                0x0000000000082294        0x2 /home/n00b/Code/Develop/Indoorino.3.0.6/build/build/temp-DUE/core/variant.cpp.o
                0x0000000000082294                serialEvent3()
 *fill*         0x0000000000082296        0x2 
 .text.USART0_Handler
                0x0000000000082298        0xc /home/n00b/Code/Develop/Indoorino.3.0.6/build/build/temp-DUE/core/variant.cpp.o
                0x0000000000082298                USART0_Handler
 .text.USART1_Handler
                0x00000000000822a4        0xc /home/n00b/Code/Develop/Indoorino.3.0.6/build/build/temp-DUE/core/variant.cpp.o
                0x00000000000822a4                USART1_Handler
 .text.USART3_Handler
                0x00000000000822b0        0xc /home/n00b/Code/Develop/Indoorino.3.0.6/build/build/temp-DUE/core/variant.cpp.o
                0x00000000000822b0                USART3_Handler
 .text.init     0x00000000000822bc      0x128 /home/n00b/Code/Develop/Indoorino.3.0.6/build/build/temp-DUE/core/variant.cpp.o
                0x00000000000822bc                init
 .text.startup._GLOBAL__sub_I_g_APinDescription
                0x00000000000823e4       0xd4 /home/n00b/Code/Develop/Indoorino.3.0.6/build/build/temp-DUE/core/variant.cpp.o
 .text._Z14serialEventRunv
                0x00000000000824b8       0x44 /home/n00b/Code/Develop/Indoorino.3.0.6/build/build/temp-DUE/core/variant.cpp.o
                0x00000000000824b8                serialEventRun()
 .text.PIO_PullUp
                0x00000000000824fc        0xa /home/n00b/.arduino15/packages/arduino/hardware/sam/1.6.12/variants/arduino_due_x/libsam_sam3x8e_gcc_rel.a(pio.o)
                0x00000000000824fc                PIO_PullUp
 .text.PIO_SetPeripheral
                0x0000000000082506       0x26 /home/n00b/.arduino15/packages/arduino/hardware/sam/1.6.12/variants/arduino_due_x/libsam_sam3x8e_gcc_rel.a(pio.o)
                0x0000000000082506                PIO_SetPeripheral
 .text.PIO_SetInput
                0x000000000008252c       0x26 /home/n00b/.arduino15/packages/arduino/hardware/sam/1.6.12/variants/arduino_due_x/libsam_sam3x8e_gcc_rel.a(pio.o)
                0x000000000008252c                PIO_SetInput
 .text.PIO_SetOutput
                0x0000000000082552       0x24 /home/n00b/.arduino15/packages/arduino/hardware/sam/1.6.12/variants/arduino_due_x/libsam_sam3x8e_gcc_rel.a(pio.o)
                0x0000000000082552                PIO_SetOutput
 *fill*         0x0000000000082576        0x2 
 .text.PIO_Configure
                0x0000000000082578       0x64 /home/n00b/.arduino15/packages/arduino/hardware/sam/1.6.12/variants/arduino_due_x/libsam_sam3x8e_gcc_rel.a(pio.o)
                0x0000000000082578                PIO_Configure
 .text.PIO_GetOutputDataStatus
                0x00000000000825dc       0x14 /home/n00b/.arduino15/packages/arduino/hardware/sam/1.6.12/variants/arduino_due_x/libsam_sam3x8e_gcc_rel.a(pio.o)
                0x00000000000825dc                PIO_GetOutputDataStatus
 .text.pmc_enable_upll_clock
                0x00000000000825f0       0x14 /home/n00b/.arduino15/packages/arduino/hardware/sam/1.6.12/variants/arduino_due_x/libsam_sam3x8e_gcc_rel.a(pmc.o)
                0x00000000000825f0                pmc_enable_upll_clock
 .text.pmc_enable_periph_clk
                0x0000000000082604       0x44 /home/n00b/.arduino15/packages/arduino/hardware/sam/1.6.12/variants/arduino_due_x/libsam_sam3x8e_gcc_rel.a(pmc.o)
                0x0000000000082604                pmc_enable_periph_clk
 .text.pmc_disable_periph_clk
                0x0000000000082648       0x40 /home/n00b/.arduino15/packages/arduino/hardware/sam/1.6.12/variants/arduino_due_x/libsam_sam3x8e_gcc_rel.a(pmc.o)
                0x0000000000082648                pmc_disable_periph_clk
 .text.pmc_switch_udpck_to_upllck
                0x0000000000082688       0x14 /home/n00b/.arduino15/packages/arduino/hardware/sam/1.6.12/variants/arduino_due_x/libsam_sam3x8e_gcc_rel.a(pmc.o)
                0x0000000000082688                pmc_switch_udpck_to_upllck
 .text.pmc_enable_udpck
                0x000000000008269c        0xc /home/n00b/.arduino15/packages/arduino/hardware/sam/1.6.12/variants/arduino_due_x/libsam_sam3x8e_gcc_rel.a(pmc.o)
                0x000000000008269c                pmc_enable_udpck
 .text.TWI_SetClock
                0x00000000000826a8       0x58 /home/n00b/.arduino15/packages/arduino/hardware/sam/1.6.12/variants/arduino_due_x/libsam_sam3x8e_gcc_rel.a(twi.o)
                0x00000000000826a8                TWI_SetClock
 .text.TWI_Disable
                0x0000000000082700       0x2c /home/n00b/.arduino15/packages/arduino/hardware/sam/1.6.12/variants/arduino_due_x/libsam_sam3x8e_gcc_rel.a(twi.o)
                0x0000000000082700                TWI_Disable
 .text.TWI_ConfigureMaster
                0x000000000008272c       0x48 /home/n00b/.arduino15/packages/arduino/hardware/sam/1.6.12/variants/arduino_due_x/libsam_sam3x8e_gcc_rel.a(twi.o)
                0x000000000008272c                TWI_ConfigureMaster
 .text.TWI_Stop
                0x0000000000082774       0x28 /home/n00b/.arduino15/packages/arduino/hardware/sam/1.6.12/variants/arduino_due_x/libsam_sam3x8e_gcc_rel.a(twi.o)
                0x0000000000082774                TWI_Stop
 .text.TWI_StartRead
                0x000000000008279c       0x70 /home/n00b/.arduino15/packages/arduino/hardware/sam/1.6.12/variants/arduino_due_x/libsam_sam3x8e_gcc_rel.a(twi.o)
                0x000000000008279c                TWI_StartRead
 .text.TWI_ReadByte
                0x000000000008280c       0x28 /home/n00b/.arduino15/packages/arduino/hardware/sam/1.6.12/variants/arduino_due_x/libsam_sam3x8e_gcc_rel.a(twi.o)
                0x000000000008280c                TWI_ReadByte
 .text.TWI_WriteByte
                0x0000000000082834       0x24 /home/n00b/.arduino15/packages/arduino/hardware/sam/1.6.12/variants/arduino_due_x/libsam_sam3x8e_gcc_rel.a(twi.o)
                0x0000000000082834                TWI_WriteByte
 .text.TWI_StartWrite
                0x0000000000082858       0x7c /home/n00b/.arduino15/packages/arduino/hardware/sam/1.6.12/variants/arduino_due_x/libsam_sam3x8e_gcc_rel.a(twi.o)
                0x0000000000082858                TWI_StartWrite
 .text.TWI_EnableIt
                0x00000000000828d4       0x40 /home/n00b/.arduino15/packages/arduino/hardware/sam/1.6.12/variants/arduino_due_x/libsam_sam3x8e_gcc_rel.a(twi.o)
                0x00000000000828d4                TWI_EnableIt
 .text.TWI_DisableIt
                0x0000000000082914       0x40 /home/n00b/.arduino15/packages/arduino/hardware/sam/1.6.12/variants/arduino_due_x/libsam_sam3x8e_gcc_rel.a(twi.o)
                0x0000000000082914                TWI_DisableIt
 .text.TWI_GetStatus
                0x0000000000082954       0x28 /home/n00b/.arduino15/packages/arduino/hardware/sam/1.6.12/variants/arduino_due_x/libsam_sam3x8e_gcc_rel.a(twi.o)
                0x0000000000082954                TWI_GetStatus
 .text.TWI_SendSTOPCondition
                0x000000000008297c       0x2c /home/n00b/.arduino15/packages/arduino/hardware/sam/1.6.12/variants/arduino_due_x/libsam_sam3x8e_gcc_rel.a(twi.o)
                0x000000000008297c                TWI_SendSTOPCondition
 .text.SystemInit
                0x00000000000829a8       0x88 /home/n00b/.arduino15/packages/arduino/hardware/sam/1.6.12/variants/arduino_due_x/libsam_sam3x8e_gcc_rel.a(system_sam3xa.o)
                0x00000000000829a8                SystemInit
 .text.Reset_Handler
                0x0000000000082a30       0x78 /home/n00b/.arduino15/packages/arduino/hardware/sam/1.6.12/variants/arduino_due_x/libsam_sam3x8e_gcc_rel.a(startup_sam3xa.o)
                0x0000000000082a30                Reset_Handler
 .text.adc_init
                0x0000000000082aa8       0x98 /home/n00b/.arduino15/packages/arduino/hardware/sam/1.6.12/variants/arduino_due_x/libsam_sam3x8e_gcc_rel.a(adc.o)
                0x0000000000082aa8                adc_init
 .text.adc_configure_trigger
                0x0000000000082b40        0xe /home/n00b/.arduino15/packages/arduino/hardware/sam/1.6.12/variants/arduino_due_x/libsam_sam3x8e_gcc_rel.a(adc.o)
                0x0000000000082b40                adc_configure_trigger
 .text.adc_configure_timing
                0x0000000000082b4e       0x1a /home/n00b/.arduino15/packages/arduino/hardware/sam/1.6.12/variants/arduino_due_x/libsam_sam3x8e_gcc_rel.a(adc.o)
                0x0000000000082b4e                adc_configure_timing
 .text.adc_disable_channel
                0x0000000000082b68        0xa /home/n00b/.arduino15/packages/arduino/hardware/sam/1.6.12/variants/arduino_due_x/libsam_sam3x8e_gcc_rel.a(adc.o)
                0x0000000000082b68                adc_disable_channel
 .text.adc_disable_all_channel
                0x0000000000082b72        0x8 /home/n00b/.arduino15/packages/arduino/hardware/sam/1.6.12/variants/arduino_due_x/libsam_sam3x8e_gcc_rel.a(adc.o)
                0x0000000000082b72                adc_disable_all_channel
 .text.adc_disable_interrupt
                0x0000000000082b7a        0x4 /home/n00b/.arduino15/packages/arduino/hardware/sam/1.6.12/variants/arduino_due_x/libsam_sam3x8e_gcc_rel.a(adc.o)
                0x0000000000082b7a                adc_disable_interrupt
 *fill*         0x0000000000082b7e        0x2 
 .text.UOTGHS_Handler
                0x0000000000082b80       0x10 /home/n00b/.arduino15/packages/arduino/hardware/sam/1.6.12/variants/arduino_due_x/libsam_sam3x8e_gcc_rel.a(uotghs.o)
                0x0000000000082b80                UOTGHS_Handler
 .text.PIOA_Handler
                0x0000000000082b90       0x38 /home/n00b/Code/Develop/Indoorino.3.0.6/build/build/temp-DUE/core/core.a(WInterrupts.c.o)
                0x0000000000082b90                PIOA_Handler
 .text.PIOB_Handler
                0x0000000000082bc8       0x38 /home/n00b/Code/Develop/Indoorino.3.0.6/build/build/temp-DUE/core/core.a(WInterrupts.c.o)
                0x0000000000082bc8                PIOB_Handler
 .text.PIOC_Handler
                0x0000000000082c00       0x38 /home/n00b/Code/Develop/Indoorino.3.0.6/build/build/temp-DUE/core/core.a(WInterrupts.c.o)
                0x0000000000082c00                PIOC_Handler
 .text.PIOD_Handler
                0x0000000000082c38       0x38 /home/n00b/Code/Develop/Indoorino.3.0.6/build/build/temp-DUE/core/core.a(WInterrupts.c.o)
                0x0000000000082c38                PIOD_Handler
 .text.__halt   0x0000000000082c70        0x2 /home/n00b/Code/Develop/Indoorino.3.0.6/build/build/temp-DUE/core/core.a(cortex_handlers.c.o)
                0x0000000000082c70                DACC_Handler
                0x0000000000082c70                DebugMon_Handler
                0x0000000000082c70                DMAC_Handler
                0x0000000000082c70                TRNG_Handler
                0x0000000000082c70                HardFault_Handler
                0x0000000000082c70                TC2_Handler
                0x0000000000082c70                NMI_Handler
                0x0000000000082c70                TC7_Handler
                0x0000000000082c70                ADC_Handler
                0x0000000000082c70                SMC_Handler
                0x0000000000082c70                RTT_Handler
                0x0000000000082c70                EFC1_Handler
                0x0000000000082c70                RTC_Handler
                0x0000000000082c70                UsageFault_Handler
                0x0000000000082c70                TC6_Handler
                0x0000000000082c70                WDT_Handler
                0x0000000000082c70                CAN0_Handler
                0x0000000000082c70                TC4_Handler
                0x0000000000082c70                TC1_Handler
                0x0000000000082c70                HSMCI_Handler
                0x0000000000082c70                TC3_Handler
                0x0000000000082c70                SSC_Handler
                0x0000000000082c70                EFC0_Handler
                0x0000000000082c70                PMC_Handler
                0x0000000000082c70                PWM_Handler
                0x0000000000082c70                CAN1_Handler
                0x0000000000082c70                MemManage_Handler
                0x0000000000082c70                SUPC_Handler
                0x0000000000082c70                TC8_Handler
                0x0000000000082c70                USART2_Handler
                0x0000000000082c70                EMAC_Handler
                0x0000000000082c70                BusFault_Handler
                0x0000000000082c70                RSTC_Handler
                0x0000000000082c70                TC0_Handler
                0x0000000000082c70                TC5_Handler
                0x0000000000082c70                SPI0_Handler
 .text.SVC_Handler
                0x0000000000082c72        0x4 /home/n00b/Code/Develop/Indoorino.3.0.6/build/build/temp-DUE/core/core.a(cortex_handlers.c.o)
                0x0000000000082c72                SVC_Handler
 .text.PendSV_Handler
                0x0000000000082c76        0x4 /home/n00b/Code/Develop/Indoorino.3.0.6/build/build/temp-DUE/core/core.a(cortex_handlers.c.o)
                0x0000000000082c76                PendSV_Handler
 .text.SysTick_Handler
                0x0000000000082c7a       0x16 /home/n00b/Code/Develop/Indoorino.3.0.6/build/build/temp-DUE/core/core.a(cortex_handlers.c.o)
                0x0000000000082c7a                SysTick_Handler
 .text.__empty  0x0000000000082c90        0x2 /home/n00b/Code/Develop/Indoorino.3.0.6/build/build/temp-DUE/core/core.a(hooks.c.o)
                0x0000000000082c90                yield
 .text.__false  0x0000000000082c92        0x4 /home/n00b/Code/Develop/Indoorino.3.0.6/build/build/temp-DUE/core/core.a(hooks.c.o)
                0x0000000000082c92                sysTickHook
 .text.__halt   0x0000000000082c96        0x2 /home/n00b/Code/Develop/Indoorino.3.0.6/build/build/temp-DUE/core/core.a(hooks.c.o)
                0x0000000000082c96                pendSVHook
                0x0000000000082c96                svcHook
 .text._sbrk    0x0000000000082c98       0x1c /home/n00b/Code/Develop/Indoorino.3.0.6/build/build/temp-DUE/core/core.a(syscalls_sam3.c.o)
                0x0000000000082c98                _sbrk
 .text.link     0x0000000000082cb4        0x6 /home/n00b/Code/Develop/Indoorino.3.0.6/build/build/temp-DUE/core/core.a(syscalls_sam3.c.o)
                0x0000000000082cb4                link
 .text._close   0x0000000000082cba        0x6 /home/n00b/Code/Develop/Indoorino.3.0.6/build/build/temp-DUE/core/core.a(syscalls_sam3.c.o)
                0x0000000000082cba                _close
 .text._fstat   0x0000000000082cc0        0xa /home/n00b/Code/Develop/Indoorino.3.0.6/build/build/temp-DUE/core/core.a(syscalls_sam3.c.o)
                0x0000000000082cc0                _fstat
 .text._isatty  0x0000000000082cca        0x4 /home/n00b/Code/Develop/Indoorino.3.0.6/build/build/temp-DUE/core/core.a(syscalls_sam3.c.o)
                0x0000000000082cca                _isatty
 .text._lseek   0x0000000000082cce        0x4 /home/n00b/Code/Develop/Indoorino.3.0.6/build/build/temp-DUE/core/core.a(syscalls_sam3.c.o)
                0x0000000000082cce                _lseek
 .text._read    0x0000000000082cd2        0x4 /home/n00b/Code/Develop/Indoorino.3.0.6/build/build/temp-DUE/core/core.a(syscalls_sam3.c.o)
                0x0000000000082cd2                _read
 *fill*         0x0000000000082cd6        0x2 
 .text._write   0x0000000000082cd8       0x24 /home/n00b/Code/Develop/Indoorino.3.0.6/build/build/temp-DUE/core/core.a(syscalls_sam3.c.o)
                0x0000000000082cd8                _write
 .text._exit    0x0000000000082cfc        0x2 /home/n00b/Code/Develop/Indoorino.3.0.6/build/build/temp-DUE/core/core.a(syscalls_sam3.c.o)
                0x0000000000082cfc                _exit
 .text._kill    0x0000000000082cfe        0x2 /home/n00b/Code/Develop/Indoorino.3.0.6/build/build/temp-DUE/core/core.a(syscalls_sam3.c.o)
                0x0000000000082cfe                _kill
 .text._getpid  0x0000000000082d00        0x6 /home/n00b/Code/Develop/Indoorino.3.0.6/build/build/temp-DUE/core/core.a(syscalls_sam3.c.o)
                0x0000000000082d00                _getpid
 .text.millis   0x0000000000082d06        0x4 /home/n00b/Code/Develop/Indoorino.3.0.6/build/build/temp-DUE/core/core.a(wiring.c.o)
                0x0000000000082d06                millis
 *fill*         0x0000000000082d0a        0x2 
 .text.micros   0x0000000000082d0c       0x74 /home/n00b/Code/Develop/Indoorino.3.0.6/build/build/temp-DUE/core/core.a(wiring.c.o)
                0x0000000000082d0c                micros
 .text.delay    0x0000000000082d80       0x1c /home/n00b/Code/Develop/Indoorino.3.0.6/build/build/temp-DUE/core/core.a(wiring.c.o)
                0x0000000000082d80                delay
 .text.analogOutputInit
                0x0000000000082d9c        0x2 /home/n00b/Code/Develop/Indoorino.3.0.6/build/build/temp-DUE/core/core.a(wiring_analog.c.o)
                0x0000000000082d9c                analogOutputInit
 *fill*         0x0000000000082d9e        0x2 
 .text.pinMode  0x0000000000082da0      0x108 /home/n00b/Code/Develop/Indoorino.3.0.6/build/build/temp-DUE/core/core.a(wiring_digital.c.o)
                0x0000000000082da0                pinMode
 .text.digitalWrite
                0x0000000000082ea8       0x70 /home/n00b/Code/Develop/Indoorino.3.0.6/build/build/temp-DUE/core/core.a(wiring_digital.c.o)
                0x0000000000082ea8                digitalWrite
 .text._ZN5Print5writeEPKhj
                0x0000000000082f18       0x22 /home/n00b/Code/Develop/Indoorino.3.0.6/build/build/temp-DUE/core/core.a(Print.cpp.o)
                0x0000000000082f18                Print::write(unsigned char const*, unsigned int)
 .text._ZN5Print5printEmi.part.3
                0x0000000000082f3a        0xc /home/n00b/Code/Develop/Indoorino.3.0.6/build/build/temp-DUE/core/core.a(Print.cpp.o)
 .text._ZN5Print5writeEPKc
                0x0000000000082f46       0x1e /home/n00b/Code/Develop/Indoorino.3.0.6/build/build/temp-DUE/core/core.a(Print.cpp.o)
                0x0000000000082f46                Print::write(char const*)
 .text._ZN5Print5printEPKc
                0x0000000000082f64        0x8 /home/n00b/Code/Develop/Indoorino.3.0.6/build/build/temp-DUE/core/core.a(Print.cpp.o)
                0x0000000000082f64                Print::print(char const*)
 .text._ZN5Print11printNumberEmh
                0x0000000000082f6c       0x3e /home/n00b/Code/Develop/Indoorino.3.0.6/build/build/temp-DUE/core/core.a(Print.cpp.o)
                0x0000000000082f6c                Print::printNumber(unsigned long, unsigned char)
 .text._ZN5Print5printEmi
                0x0000000000082faa        0xc /home/n00b/Code/Develop/Indoorino.3.0.6/build/build/temp-DUE/core/core.a(Print.cpp.o)
                0x0000000000082faa                Print::print(unsigned long, int)
 .text._ZN5Print5printEhi
                0x0000000000082fb6        0x4 /home/n00b/Code/Develop/Indoorino.3.0.6/build/build/temp-DUE/core/core.a(Print.cpp.o)
                0x0000000000082fb6                Print::print(unsigned char, int)
 *fill*         0x0000000000082fba        0x2 
 .text.initiateReset
                0x0000000000082fbc        0xc /home/n00b/Code/Develop/Indoorino.3.0.6/build/build/temp-DUE/core/core.a(Reset.cpp.o)
                0x0000000000082fbc                initiateReset
 .text.cancelReset
                0x0000000000082fc8       0x10 /home/n00b/Code/Develop/Indoorino.3.0.6/build/build/temp-DUE/core/core.a(Reset.cpp.o)
                0x0000000000082fc8                cancelReset
 .text.tickReset
                0x0000000000082fd8       0x20 /home/n00b/Code/Develop/Indoorino.3.0.6/build/build/temp-DUE/core/core.a(Reset.cpp.o)
                0x0000000000082fd8                tickReset
 .text._ZN10RingBufferC2Ev
                0x0000000000082ff8       0x1a /home/n00b/Code/Develop/Indoorino.3.0.6/build/build/temp-DUE/core/core.a(RingBuffer.cpp.o)
                0x0000000000082ff8                RingBuffer::RingBuffer()
                0x0000000000082ff8                RingBuffer::RingBuffer()
 .text._ZN10RingBuffer10store_charEh
                0x0000000000083012       0x1e /home/n00b/Code/Develop/Indoorino.3.0.6/build/build/temp-DUE/core/core.a(RingBuffer.cpp.o)
                0x0000000000083012                RingBuffer::store_char(unsigned char)
 .text._ZN6Stream10setTimeoutEm
                0x0000000000083030        0x4 /home/n00b/Code/Develop/Indoorino.3.0.6/build/build/temp-DUE/core/core.a(Stream.cpp.o)
                0x0000000000083030                Stream::setTimeout(unsigned long)
 .text._ZN9UARTClasscvbEv
                0x0000000000083034        0x4 /home/n00b/Code/Develop/Indoorino.3.0.6/build/build/temp-DUE/core/core.a(UARTClass.cpp.o)
                0x0000000000083034                UARTClass::operator bool()
 .text._ZN9UARTClass9availableEv
                0x0000000000083038       0x12 /home/n00b/Code/Develop/Indoorino.3.0.6/build/build/temp-DUE/core/core.a(UARTClass.cpp.o)
                0x0000000000083038                UARTClass::available()
 .text._ZN9UARTClass4peekEv
                0x000000000008304a       0x1c /home/n00b/Code/Develop/Indoorino.3.0.6/build/build/temp-DUE/core/core.a(UARTClass.cpp.o)
                0x000000000008304a                UARTClass::peek()
 .text._ZN9UARTClass4readEv
                0x0000000000083066       0x2a /home/n00b/Code/Develop/Indoorino.3.0.6/build/build/temp-DUE/core/core.a(UARTClass.cpp.o)
                0x0000000000083066                UARTClass::read()
 .text._ZN9UARTClass5flushEv
                0x0000000000083090       0x18 /home/n00b/Code/Develop/Indoorino.3.0.6/build/build/temp-DUE/core/core.a(UARTClass.cpp.o)
                0x0000000000083090                UARTClass::flush()
 .text._ZN9UARTClass5writeEh
                0x00000000000830a8       0x54 /home/n00b/Code/Develop/Indoorino.3.0.6/build/build/temp-DUE/core/core.a(UARTClass.cpp.o)
                0x00000000000830a8                UARTClass::write(unsigned char)
 .text._ZN9UARTClass3endEv
                0x00000000000830fc       0x3c /home/n00b/Code/Develop/Indoorino.3.0.6/build/build/temp-DUE/core/core.a(UARTClass.cpp.o)
                0x00000000000830fc                UARTClass::end()
 .text._ZN9UARTClassC2EP4Uart4IRQnmP10RingBufferS4_
                0x0000000000083138       0x24 /home/n00b/Code/Develop/Indoorino.3.0.6/build/build/temp-DUE/core/core.a(UARTClass.cpp.o)
                0x0000000000083138                UARTClass::UARTClass(Uart*, IRQn, unsigned long, RingBuffer*, RingBuffer*)
                0x0000000000083138                UARTClass::UARTClass(Uart*, IRQn, unsigned long, RingBuffer*, RingBuffer*)
 .text._ZN9UARTClass4initEmm
                0x000000000008315c       0x70 /home/n00b/Code/Develop/Indoorino.3.0.6/build/build/temp-DUE/core/core.a(UARTClass.cpp.o)
                0x000000000008315c                UARTClass::init(unsigned long, unsigned long)
 .text._ZN9UARTClass5beginEm
                0x00000000000831cc        0x8 /home/n00b/Code/Develop/Indoorino.3.0.6/build/build/temp-DUE/core/core.a(UARTClass.cpp.o)
                0x00000000000831cc                UARTClass::begin(unsigned long)
 .text._ZN9UARTClass17availableForWriteEv
                0x00000000000831d4       0x1e /home/n00b/Code/Develop/Indoorino.3.0.6/build/build/temp-DUE/core/core.a(UARTClass.cpp.o)
                0x00000000000831d4                UARTClass::availableForWrite()
 .text._ZN9UARTClass10IrqHandlerEv
                0x00000000000831f2       0x5a /home/n00b/Code/Develop/Indoorino.3.0.6/build/build/temp-DUE/core/core.a(UARTClass.cpp.o)
                0x00000000000831f2                UARTClass::IrqHandler()
 .text._ZN10USARTClass5beginEm
                0x000000000008324c        0x8 /home/n00b/Code/Develop/Indoorino.3.0.6/build/build/temp-DUE/core/core.a(USARTClass.cpp.o)
                0x000000000008324c                USARTClass::begin(unsigned long)
 .text._ZN10USARTClassC2EP5Usart4IRQnmP10RingBufferS4_
                0x0000000000083254       0x24 /home/n00b/Code/Develop/Indoorino.3.0.6/build/build/temp-DUE/core/core.a(USARTClass.cpp.o)
                0x0000000000083254                USARTClass::USARTClass(Usart*, IRQn, unsigned long, RingBuffer*, RingBuffer*)
                0x0000000000083254                USARTClass::USARTClass(Usart*, IRQn, unsigned long, RingBuffer*, RingBuffer*)
 .text.__cxa_pure_virtual
                0x0000000000083278        0x2 /home/n00b/Code/Develop/Indoorino.3.0.6/build/build/temp-DUE/core/core.a(abi.cpp.o)
                0x0000000000083278                __cxa_pure_virtual
 .text.initVariant
                0x000000000008327a        0x2 /home/n00b/Code/Develop/Indoorino.3.0.6/build/build/temp-DUE/core/core.a(main.cpp.o)
                0x000000000008327a                initVariant
 .text.startup.main
                0x000000000008327c       0x38 /home/n00b/Code/Develop/Indoorino.3.0.6/build/build/temp-DUE/core/core.a(main.cpp.o)
                0x000000000008327c                main
 .text._Znwj    0x00000000000832b4        0x4 /home/n00b/Code/Develop/Indoorino.3.0.6/build/build/temp-DUE/core/core.a(new.cpp.o)
                0x00000000000832b4                operator new(unsigned int)
 .text._ZdlPv   0x00000000000832b8        0x4 /home/n00b/Code/Develop/Indoorino.3.0.6/build/build/temp-DUE/core/core.a(new.cpp.o)
                0x00000000000832b8                operator delete(void*)
 .text._watchdogDefaultSetup
                0x00000000000832bc        0xc /home/n00b/Code/Develop/Indoorino.3.0.6/build/build/temp-DUE/core/core.a(watchdog.cpp.o)
                0x00000000000832bc                watchdogSetup()
                0x00000000000832bc                _watchdogDefaultSetup
 .text.unlikely._ZL11USB_SendZlpv
                0x00000000000832c8       0x20 /home/n00b/Code/Develop/Indoorino.3.0.6/build/build/temp-DUE/core/core.a(USBCore.cpp.o)
 .text._Z14USBD_Availablem
                0x00000000000832e8       0x2c /home/n00b/Code/Develop/Indoorino.3.0.6/build/build/temp-DUE/core/core.a(USBCore.cpp.o)
                0x00000000000832e8                USBD_Available(unsigned long)
 .text._Z9USBD_RecvmPvm
                0x0000000000083314       0x7c /home/n00b/Code/Develop/Indoorino.3.0.6/build/build/temp-DUE/core/core.a(USBCore.cpp.o)
                0x0000000000083314                USBD_Recv(unsigned long, void*, unsigned long)
 .text._Z9USBD_Recvm
                0x0000000000083390       0x22 /home/n00b/Code/Develop/Indoorino.3.0.6/build/build/temp-DUE/core/core.a(USBCore.cpp.o)
                0x0000000000083390                USBD_Recv(unsigned long)
 *fill*         0x00000000000833b2        0x2 
 .text._Z9USBD_SendmPKvm
                0x00000000000833b4       0x4c /home/n00b/Code/Develop/Indoorino.3.0.6/build/build/temp-DUE/core/core.a(USBCore.cpp.o)
                0x00000000000833b4                USBD_Send(unsigned long, void const*, unsigned long)
 .text._Z16USBD_SendControlhPKvm
                0x0000000000083400       0x40 /home/n00b/Code/Develop/Indoorino.3.0.6/build/build/temp-DUE/core/core.a(USBCore.cpp.o)
                0x0000000000083400                USBD_SendControl(unsigned char, void const*, unsigned long)
 .text.unlikely._ZL24USB_SendStringDescriptorPKhi
                0x0000000000083440       0x64 /home/n00b/Code/Develop/Indoorino.3.0.6/build/build/temp-DUE/core/core.a(USBCore.cpp.o)
 .text._Z16USBD_RecvControlPvm
                0x00000000000834a4       0x1c /home/n00b/Code/Develop/Indoorino.3.0.6/build/build/temp-DUE/core/core.a(USBCore.cpp.o)
                0x00000000000834a4                USBD_RecvControl(void*, unsigned long)
 .text._Z26USBD_ClassInterfaceRequestR8USBSetup
                0x00000000000834c0       0x1e /home/n00b/Code/Develop/Indoorino.3.0.6/build/build/temp-DUE/core/core.a(USBCore.cpp.o)
                0x00000000000834c0                USBD_ClassInterfaceRequest(USBSetup&)
 .text._Z19USBD_SendInterfacesv
                0x00000000000834de       0x22 /home/n00b/Code/Develop/Indoorino.3.0.6/build/build/temp-DUE/core/core.a(USBCore.cpp.o)
                0x00000000000834de                USBD_SendInterfaces()
 .text._Z24USBD_SendOtherInterfacesv
                0x0000000000083500       0x22 /home/n00b/Code/Develop/Indoorino.3.0.6/build/build/temp-DUE/core/core.a(USBCore.cpp.o)
                0x0000000000083500                USBD_SendOtherInterfaces()
 .text._Z10USBD_Flushm
                0x0000000000083522       0x16 /home/n00b/Code/Develop/Indoorino.3.0.6/build/build/temp-DUE/core/core.a(USBCore.cpp.o)
                0x0000000000083522                USBD_Flush(unsigned long)
 .text._ZN10USBDevice_C2Ev
                0x0000000000083538       0x24 /home/n00b/Code/Develop/Indoorino.3.0.6/build/build/temp-DUE/core/core.a(USBCore.cpp.o)
                0x0000000000083538                USBDevice_::USBDevice_()
                0x0000000000083538                USBDevice_::USBDevice_()
 .text._ZN10USBDevice_6attachEv
                0x000000000008355c       0x20 /home/n00b/Code/Develop/Indoorino.3.0.6/build/build/temp-DUE/core/core.a(USBCore.cpp.o)
                0x000000000008355c                USBDevice_::attach()
 .text.startup._GLOBAL__sub_I_EndPoints
                0x000000000008357c        0xc /home/n00b/Code/Develop/Indoorino.3.0.6/build/build/temp-DUE/core/core.a(USBCore.cpp.o)
 .text._ZL7USB_ISRv
                0x0000000000083588      0x454 /home/n00b/Code/Develop/Indoorino.3.0.6/build/build/temp-DUE/core/core.a(USBCore.cpp.o)
 .text._ZN7Serial_9availableEv
                0x00000000000839dc       0x18 /home/n00b/Code/Develop/Indoorino.3.0.6/build/build/temp-DUE/core/core.a(CDC.cpp.o)
                0x00000000000839dc                Serial_::available()
 .text._ZN7Serial_17availableForWriteEv
                0x00000000000839f4        0x6 /home/n00b/Code/Develop/Indoorino.3.0.6/build/build/temp-DUE/core/core.a(CDC.cpp.o)
                0x00000000000839f4                Serial_::availableForWrite()
 *fill*         0x00000000000839fa        0x2 
 .text._ZN7Serial_4peekEv
                0x00000000000839fc       0x20 /home/n00b/Code/Develop/Indoorino.3.0.6/build/build/temp-DUE/core/core.a(CDC.cpp.o)
                0x00000000000839fc                Serial_::peek()
 .text._ZN7Serial_5writeEh
                0x0000000000083a1c       0x16 /home/n00b/Code/Develop/Indoorino.3.0.6/build/build/temp-DUE/core/core.a(CDC.cpp.o)
                0x0000000000083a1c                Serial_::write(unsigned char)
 *fill*         0x0000000000083a32        0x2 
 .text._ZN7Serial_4readEv
                0x0000000000083a34       0x44 /home/n00b/Code/Develop/Indoorino.3.0.6/build/build/temp-DUE/core/core.a(CDC.cpp.o)
                0x0000000000083a34                Serial_::read()
 .text._ZN7Serial_5flushEv
                0x0000000000083a78        0x6 /home/n00b/Code/Develop/Indoorino.3.0.6/build/build/temp-DUE/core/core.a(CDC.cpp.o)
                0x0000000000083a78                Serial_::flush()
 *fill*         0x0000000000083a7e        0x2 
 .text._ZN7Serial_6acceptEv
                0x0000000000083a80       0x70 /home/n00b/Code/Develop/Indoorino.3.0.6/build/build/temp-DUE/core/core.a(CDC.cpp.o)
                0x0000000000083a80                Serial_::accept()
 .text._ZN7Serial_5writeEPKhj
                0x0000000000083af0       0x2c /home/n00b/Code/Develop/Indoorino.3.0.6/build/build/temp-DUE/core/core.a(CDC.cpp.o)
                0x0000000000083af0                Serial_::write(unsigned char const*, unsigned int)
 .text._Z16CDC_GetInterfacePh
                0x0000000000083b1c       0x14 /home/n00b/Code/Develop/Indoorino.3.0.6/build/build/temp-DUE/core/core.a(CDC.cpp.o)
                0x0000000000083b1c                CDC_GetInterface(unsigned char*)
 .text._Z21CDC_GetOtherInterfacePh
                0x0000000000083b30       0x14 /home/n00b/Code/Develop/Indoorino.3.0.6/build/build/temp-DUE/core/core.a(CDC.cpp.o)
                0x0000000000083b30                CDC_GetOtherInterface(unsigned char*)
 .text._Z9CDC_SetupR8USBSetup
                0x0000000000083b44       0x78 /home/n00b/Code/Develop/Indoorino.3.0.6/build/build/temp-DUE/core/core.a(CDC.cpp.o)
                0x0000000000083b44                CDC_Setup(USBSetup&)
 .text.startup._GLOBAL__sub_I_cdc_rx_buffer
                0x0000000000083bbc       0x1c /home/n00b/Code/Develop/Indoorino.3.0.6/build/build/temp-DUE/core/core.a(CDC.cpp.o)
 .text._ZN13PluggableUSB_12getInterfaceEPh
                0x0000000000083bd8       0x28 /home/n00b/Code/Develop/Indoorino.3.0.6/build/build/temp-DUE/core/core.a(PluggableUSB.cpp.o)
                0x0000000000083bd8                PluggableUSB_::getInterface(unsigned char*)
 .text._ZN13PluggableUSB_13getDescriptorER8USBSetup
                0x0000000000083c00       0x1c /home/n00b/Code/Develop/Indoorino.3.0.6/build/build/temp-DUE/core/core.a(PluggableUSB.cpp.o)
                0x0000000000083c00                PluggableUSB_::getDescriptor(USBSetup&)
 .text._ZN13PluggableUSB_12getShortNameEPc
                0x0000000000083c1c       0x1c /home/n00b/Code/Develop/Indoorino.3.0.6/build/build/temp-DUE/core/core.a(PluggableUSB.cpp.o)
                0x0000000000083c1c                PluggableUSB_::getShortName(char*)
 .text._ZN13PluggableUSB_5setupER8USBSetup
                0x0000000000083c38       0x20 /home/n00b/Code/Develop/Indoorino.3.0.6/build/build/temp-DUE/core/core.a(PluggableUSB.cpp.o)
                0x0000000000083c38                PluggableUSB_::setup(USBSetup&)
 .text._Z12PluggableUSBv
                0x0000000000083c58       0x28 /home/n00b/Code/Develop/Indoorino.3.0.6/build/build/temp-DUE/core/core.a(PluggableUSB.cpp.o)
                0x0000000000083c58                PluggableUSB()
 .text.TimeTick_Increment
                0x0000000000083c80       0x10 /home/n00b/.arduino15/packages/arduino/hardware/sam/1.6.12/variants/arduino_due_x/libsam_sam3x8e_gcc_rel.a(timetick.o)
                0x0000000000083c80                TimeTick_Increment
 .text.GetTickCount
                0x0000000000083c90        0xc /home/n00b/.arduino15/packages/arduino/hardware/sam/1.6.12/variants/arduino_due_x/libsam_sam3x8e_gcc_rel.a(timetick.o)
                0x0000000000083c90                GetTickCount
 .text.WDT_Disable
                0x0000000000083c9c        0x8 /home/n00b/.arduino15/packages/arduino/hardware/sam/1.6.12/variants/arduino_due_x/libsam_sam3x8e_gcc_rel.a(wdt.o)
                0x0000000000083c9c                WDT_Disable
 .text.UDD_SetStack
                0x0000000000083ca4        0xc /home/n00b/.arduino15/packages/arduino/hardware/sam/1.6.12/variants/arduino_due_x/libsam_sam3x8e_gcc_rel.a(uotghs_device.o)
                0x0000000000083ca4                UDD_SetStack
 .text.UDD_Init
                0x0000000000083cb0       0xd0 /home/n00b/.arduino15/packages/arduino/hardware/sam/1.6.12/variants/arduino_due_x/libsam_sam3x8e_gcc_rel.a(uotghs_device.o)
                0x0000000000083cb0                UDD_Init
 .text.UDD_Attach
                0x0000000000083d80       0x50 /home/n00b/.arduino15/packages/arduino/hardware/sam/1.6.12/variants/arduino_due_x/libsam_sam3x8e_gcc_rel.a(uotghs_device.o)
                0x0000000000083d80                UDD_Attach
 .text.UDD_InitEP
                0x0000000000083dd0       0x2c /home/n00b/.arduino15/packages/arduino/hardware/sam/1.6.12/variants/arduino_due_x/libsam_sam3x8e_gcc_rel.a(uotghs_device.o)
                0x0000000000083dd0                UDD_InitEP
 .text.UDD_InitEndpoints
                0x0000000000083dfc       0x3c /home/n00b/.arduino15/packages/arduino/hardware/sam/1.6.12/variants/arduino_due_x/libsam_sam3x8e_gcc_rel.a(uotghs_device.o)
                0x0000000000083dfc                UDD_InitEndpoints
 .text.UDD_WaitIN
                0x0000000000083e38       0x10 /home/n00b/.arduino15/packages/arduino/hardware/sam/1.6.12/variants/arduino_due_x/libsam_sam3x8e_gcc_rel.a(uotghs_device.o)
                0x0000000000083e38                UDD_WaitIN
 .text.UDD_WaitOUT
                0x0000000000083e48       0x10 /home/n00b/.arduino15/packages/arduino/hardware/sam/1.6.12/variants/arduino_due_x/libsam_sam3x8e_gcc_rel.a(uotghs_device.o)
                0x0000000000083e48                UDD_WaitOUT
 .text.UDD_ClearIN
                0x0000000000083e58       0x18 /home/n00b/.arduino15/packages/arduino/hardware/sam/1.6.12/variants/arduino_due_x/libsam_sam3x8e_gcc_rel.a(uotghs_device.o)
                0x0000000000083e58                UDD_ClearIN
 .text.UDD_ClearOUT
                0x0000000000083e70       0x18 /home/n00b/.arduino15/packages/arduino/hardware/sam/1.6.12/variants/arduino_due_x/libsam_sam3x8e_gcc_rel.a(uotghs_device.o)
                0x0000000000083e70                UDD_ClearOUT
 .text.UDD_ReceivedSetupInt
                0x0000000000083e88       0x10 /home/n00b/.arduino15/packages/arduino/hardware/sam/1.6.12/variants/arduino_due_x/libsam_sam3x8e_gcc_rel.a(uotghs_device.o)
                0x0000000000083e88                UDD_ReceivedSetupInt
 .text.UDD_ClearSetupInt
                0x0000000000083e98       0x10 /home/n00b/.arduino15/packages/arduino/hardware/sam/1.6.12/variants/arduino_due_x/libsam_sam3x8e_gcc_rel.a(uotghs_device.o)
                0x0000000000083e98                UDD_ClearSetupInt
 .text.UDD_Send
                0x0000000000083ea8       0x88 /home/n00b/.arduino15/packages/arduino/hardware/sam/1.6.12/variants/arduino_due_x/libsam_sam3x8e_gcc_rel.a(uotghs_device.o)
                0x0000000000083ea8                UDD_Send
 .text.UDD_Send8
                0x0000000000083f30       0x24 /home/n00b/.arduino15/packages/arduino/hardware/sam/1.6.12/variants/arduino_due_x/libsam_sam3x8e_gcc_rel.a(uotghs_device.o)
                0x0000000000083f30                UDD_Send8
 .text.UDD_Recv8
                0x0000000000083f54       0x28 /home/n00b/.arduino15/packages/arduino/hardware/sam/1.6.12/variants/arduino_due_x/libsam_sam3x8e_gcc_rel.a(uotghs_device.o)
                0x0000000000083f54                UDD_Recv8
 .text.UDD_Recv
                0x0000000000083f7c       0x34 /home/n00b/.arduino15/packages/arduino/hardware/sam/1.6.12/variants/arduino_due_x/libsam_sam3x8e_gcc_rel.a(uotghs_device.o)
                0x0000000000083f7c                UDD_Recv
 .text.UDD_Stall
                0x0000000000083fb0       0x14 /home/n00b/.arduino15/packages/arduino/hardware/sam/1.6.12/variants/arduino_due_x/libsam_sam3x8e_gcc_rel.a(uotghs_device.o)
                0x0000000000083fb0                UDD_Stall
 .text.UDD_FifoByteCount
                0x0000000000083fc4       0x14 /home/n00b/.arduino15/packages/arduino/hardware/sam/1.6.12/variants/arduino_due_x/libsam_sam3x8e_gcc_rel.a(uotghs_device.o)
                0x0000000000083fc4                UDD_FifoByteCount
 .text.UDD_ReleaseRX
                0x0000000000083fd8       0x28 /home/n00b/.arduino15/packages/arduino/hardware/sam/1.6.12/variants/arduino_due_x/libsam_sam3x8e_gcc_rel.a(uotghs_device.o)
                0x0000000000083fd8                UDD_ReleaseRX
 .text.UDD_ReleaseTX
                0x0000000000084000       0x28 /home/n00b/.arduino15/packages/arduino/hardware/sam/1.6.12/variants/arduino_due_x/libsam_sam3x8e_gcc_rel.a(uotghs_device.o)
                0x0000000000084000                UDD_ReleaseTX
 .text.UDD_SetAddress
                0x0000000000084028       0x20 /home/n00b/.arduino15/packages/arduino/hardware/sam/1.6.12/variants/arduino_due_x/libsam_sam3x8e_gcc_rel.a(uotghs_device.o)
                0x0000000000084028                UDD_SetAddress
 .text.__fpclassifyd
                0x0000000000084048       0x50 /home/n00b/.arduino15/packages/arduino/tools/arm-none-eabi-gcc/4.8.3-2014q1/bin/../lib/gcc/arm-none-eabi/4.8.3/../../../../arm-none-eabi/lib/armv7-m/libm.a(lib_a-s_fpclassify.o)
                0x0000000000084048                __fpclassifyd
 .text          0x0000000000084098      0x370 /home/n00b/.arduino15/packages/arduino/tools/arm-none-eabi-gcc/4.8.3-2014q1/bin/../lib/gcc/arm-none-eabi/4.8.3/armv7-m/libgcc.a(_arm_addsubdf3.o)
                0x0000000000084098                __aeabi_drsub
                0x00000000000840a0                __aeabi_dsub
                0x00000000000840a0                __subdf3
                0x00000000000840a4                __adddf3
                0x00000000000840a4                __aeabi_dadd
                0x000000000008431c                __aeabi_ui2d
                0x000000000008431c                __floatunsidf
                0x000000000008433c                __floatsidf
                0x000000000008433c                __aeabi_i2d
                0x0000000000084360                __extendsfdf2
                0x0000000000084360                __aeabi_f2d
                0x000000000008439c                __aeabi_ul2d
                0x000000000008439c                __floatundidf
                0x00000000000843ac                __floatdidf
                0x00000000000843ac                __aeabi_l2d
 .text          0x0000000000084408      0x424 /home/n00b/.arduino15/packages/arduino/tools/arm-none-eabi-gcc/4.8.3-2014q1/bin/../lib/gcc/arm-none-eabi/4.8.3/armv7-m/libgcc.a(_arm_muldivdf3.o)
                0x0000000000084408                __aeabi_dmul
                0x0000000000084408                __muldf3
                0x000000000008465c                __aeabi_ddiv
                0x000000000008465c                __divdf3
 .text          0x000000000008482c      0x110 /home/n00b/.arduino15/packages/arduino/tools/arm-none-eabi-gcc/4.8.3-2014q1/bin/../lib/gcc/arm-none-eabi/4.8.3/armv7-m/libgcc.a(_arm_cmpdf2.o)
                0x000000000008482c                __gtdf2
                0x000000000008482c                __gedf2
                0x0000000000084834                __ltdf2
                0x0000000000084834                __ledf2
                0x000000000008483c                __cmpdf2
                0x000000000008483c                __eqdf2
                0x000000000008483c                __nedf2
                0x00000000000848b8                __aeabi_cdrcmple
                0x00000000000848c8                __aeabi_cdcmple
                0x00000000000848c8                __aeabi_cdcmpeq
                0x00000000000848d8                __aeabi_dcmpeq
                0x00000000000848ec                __aeabi_dcmplt
                0x0000000000084900                __aeabi_dcmple
                0x0000000000084914                __aeabi_dcmpge
                0x0000000000084928                __aeabi_dcmpgt
 .text.__aeabi_atexit
                0x000000000008493c        0xc /home/n00b/.arduino15/packages/arduino/tools/arm-none-eabi-gcc/4.8.3-2014q1/bin/../lib/gcc/arm-none-eabi/4.8.3/../../../../arm-none-eabi/lib/armv7-m/libc.a(lib_a-aeabi_atexit.o)
                0x000000000008493c                __aeabi_atexit
 .text.__assert_func
                0x0000000000084948       0x3c /home/n00b/.arduino15/packages/arduino/tools/arm-none-eabi-gcc/4.8.3-2014q1/bin/../lib/gcc/arm-none-eabi/4.8.3/../../../../arm-none-eabi/lib/armv7-m/libc.a(lib_a-assert.o)
                0x0000000000084948                __assert_func
 .text.calloc   0x0000000000084984       0x10 /home/n00b/.arduino15/packages/arduino/tools/arm-none-eabi-gcc/4.8.3-2014q1/bin/../lib/gcc/arm-none-eabi/4.8.3/../../../../arm-none-eabi/lib/armv7-m/libc.a(lib_a-calloc.o)
                0x0000000000084984                calloc
 .text._calloc_r
                0x0000000000084994       0x60 /home/n00b/.arduino15/packages/arduino/tools/arm-none-eabi-gcc/4.8.3-2014q1/bin/../lib/gcc/arm-none-eabi/4.8.3/../../../../arm-none-eabi/lib/armv7-m/libc.a(lib_a-callocr.o)
                0x0000000000084994                _calloc_r
 .text.__cxa_atexit
                0x00000000000849f4       0x14 /home/n00b/.arduino15/packages/arduino/tools/arm-none-eabi-gcc/4.8.3-2014q1/bin/../lib/gcc/arm-none-eabi/4.8.3/../../../../arm-none-eabi/lib/armv7-m/libc.a(lib_a-cxa_atexit.o)
                0x00000000000849f4                __cxa_atexit
 .text.__sflush_r
                0x0000000000084a08      0x148 /home/n00b/.arduino15/packages/arduino/tools/arm-none-eabi-gcc/4.8.3-2014q1/bin/../lib/gcc/arm-none-eabi/4.8.3/../../../../arm-none-eabi/lib/armv7-m/libc.a(lib_a-fflush.o)
                0x0000000000084a08                __sflush_r
 .text._fflush_r
                0x0000000000084b50       0x2c /home/n00b/.arduino15/packages/arduino/tools/arm-none-eabi-gcc/4.8.3-2014q1/bin/../lib/gcc/arm-none-eabi/4.8.3/../../../../arm-none-eabi/lib/armv7-m/libc.a(lib_a-fflush.o)
                0x0000000000084b50                _fflush_r
 .text._cleanup_r
                0x0000000000084b7c        0xc /home/n00b/.arduino15/packages/arduino/tools/arm-none-eabi-gcc/4.8.3-2014q1/bin/../lib/gcc/arm-none-eabi/4.8.3/../../../../arm-none-eabi/lib/armv7-m/libc.a(lib_a-findfp.o)
                0x0000000000084b7c                _cleanup_r
 .text.__sinit  0x0000000000084b88       0xf4 /home/n00b/.arduino15/packages/arduino/tools/arm-none-eabi-gcc/4.8.3-2014q1/bin/../lib/gcc/arm-none-eabi/4.8.3/../../../../arm-none-eabi/lib/armv7-m/libc.a(lib_a-findfp.o)
                0x0000000000084b88                __sinit
 .text.__sfp_lock_acquire
                0x0000000000084c7c        0x4 /home/n00b/.arduino15/packages/arduino/tools/arm-none-eabi-gcc/4.8.3-2014q1/bin/../lib/gcc/arm-none-eabi/4.8.3/../../../../arm-none-eabi/lib/armv7-m/libc.a(lib_a-findfp.o)
                0x0000000000084c7c                __sfp_lock_acquire
 .text.__sfp_lock_release
                0x0000000000084c80        0x4 /home/n00b/.arduino15/packages/arduino/tools/arm-none-eabi-gcc/4.8.3-2014q1/bin/../lib/gcc/arm-none-eabi/4.8.3/../../../../arm-none-eabi/lib/armv7-m/libc.a(lib_a-findfp.o)
                0x0000000000084c80                __sfp_lock_release
 .text.fiprintf
                0x0000000000084c84       0x28 /home/n00b/.arduino15/packages/arduino/tools/arm-none-eabi-gcc/4.8.3-2014q1/bin/../lib/gcc/arm-none-eabi/4.8.3/../../../../arm-none-eabi/lib/armv7-m/libc.a(lib_a-fiprintf.o)
                0x0000000000084c84                fiprintf
 .text._malloc_trim_r
                0x0000000000084cac       0x9c /home/n00b/.arduino15/packages/arduino/tools/arm-none-eabi-gcc/4.8.3-2014q1/bin/../lib/gcc/arm-none-eabi/4.8.3/../../../../arm-none-eabi/lib/armv7-m/libc.a(lib_a-freer.o)
                0x0000000000084cac                _malloc_trim_r
 .text._free_r  0x0000000000084d48      0x198 /home/n00b/.arduino15/packages/arduino/tools/arm-none-eabi-gcc/4.8.3-2014q1/bin/../lib/gcc/arm-none-eabi/4.8.3/../../../../arm-none-eabi/lib/armv7-m/libc.a(lib_a-freer.o)
                0x0000000000084d48                _free_r
 .text._fwalk   0x0000000000084ee0       0x48 /home/n00b/.arduino15/packages/arduino/tools/arm-none-eabi-gcc/4.8.3-2014q1/bin/../lib/gcc/arm-none-eabi/4.8.3/../../../../arm-none-eabi/lib/armv7-m/libc.a(lib_a-fwalk.o)
                0x0000000000084ee0                _fwalk
 .text.__libc_init_array
                0x0000000000084f28       0x50 /home/n00b/.arduino15/packages/arduino/tools/arm-none-eabi-gcc/4.8.3-2014q1/bin/../lib/gcc/arm-none-eabi/4.8.3/../../../../arm-none-eabi/lib/armv7-m/libc.a(lib_a-init.o)
                0x0000000000084f28                __libc_init_array
 .text.isalpha  0x0000000000084f78       0x14 /home/n00b/.arduino15/packages/arduino/tools/arm-none-eabi-gcc/4.8.3-2014q1/bin/../lib/gcc/arm-none-eabi/4.8.3/../../../../arm-none-eabi/lib/armv7-m/libc.a(lib_a-isalpha.o)
                0x0000000000084f78                isalpha
 .text.malloc   0x0000000000084f8c       0x10 /home/n00b/.arduino15/packages/arduino/tools/arm-none-eabi-gcc/4.8.3-2014q1/bin/../lib/gcc/arm-none-eabi/4.8.3/../../../../arm-none-eabi/lib/armv7-m/libc.a(lib_a-malloc.o)
                0x0000000000084f8c                malloc
 .text.free     0x0000000000084f9c       0x10 /home/n00b/.arduino15/packages/arduino/tools/arm-none-eabi-gcc/4.8.3-2014q1/bin/../lib/gcc/arm-none-eabi/4.8.3/../../../../arm-none-eabi/lib/armv7-m/libc.a(lib_a-malloc.o)
                0x0000000000084f9c                free
 .text._malloc_r
                0x0000000000084fac      0x538 /home/n00b/.arduino15/packages/arduino/tools/arm-none-eabi-gcc/4.8.3-2014q1/bin/../lib/gcc/arm-none-eabi/4.8.3/../../../../arm-none-eabi/lib/armv7-m/libc.a(lib_a-mallocr.o)
                0x0000000000084fac                _malloc_r
 .text.memcmp   0x00000000000854e4       0x68 /home/n00b/.arduino15/packages/arduino/tools/arm-none-eabi-gcc/4.8.3-2014q1/bin/../lib/gcc/arm-none-eabi/4.8.3/../../../../arm-none-eabi/lib/armv7-m/libc.a(lib_a-memcmp.o)
                0x00000000000854e4                memcmp
 .text          0x000000000008554c       0xec /home/n00b/.arduino15/packages/arduino/tools/arm-none-eabi-gcc/4.8.3-2014q1/bin/../lib/gcc/arm-none-eabi/4.8.3/../../../../arm-none-eabi/lib/armv7-m/libc.a(lib_a-memcpy.o)
                0x000000000008554c                memcpy
 .text.memmove  0x0000000000085638       0xcc /home/n00b/.arduino15/packages/arduino/tools/arm-none-eabi-gcc/4.8.3-2014q1/bin/../lib/gcc/arm-none-eabi/4.8.3/../../../../arm-none-eabi/lib/armv7-m/libc.a(lib_a-memmove.o)
                0x0000000000085638                memmove
 .text.memset   0x0000000000085704       0x94 /home/n00b/.arduino15/packages/arduino/tools/arm-none-eabi-gcc/4.8.3-2014q1/bin/../lib/gcc/arm-none-eabi/4.8.3/../../../../arm-none-eabi/lib/armv7-m/libc.a(lib_a-memset.o)
                0x0000000000085704                memset
 .text.__malloc_lock
                0x0000000000085798        0x4 /home/n00b/.arduino15/packages/arduino/tools/arm-none-eabi-gcc/4.8.3-2014q1/bin/../lib/gcc/arm-none-eabi/4.8.3/../../../../arm-none-eabi/lib/armv7-m/libc.a(lib_a-mlock.o)
                0x0000000000085798                __malloc_lock
 .text.__malloc_unlock
                0x000000000008579c        0x4 /home/n00b/.arduino15/packages/arduino/tools/arm-none-eabi-gcc/4.8.3-2014q1/bin/../lib/gcc/arm-none-eabi/4.8.3/../../../../arm-none-eabi/lib/armv7-m/libc.a(lib_a-mlock.o)
                0x000000000008579c                __malloc_unlock
 .text._realloc_r
                0x00000000000857a0      0x3c0 /home/n00b/.arduino15/packages/arduino/tools/arm-none-eabi-gcc/4.8.3-2014q1/bin/../lib/gcc/arm-none-eabi/4.8.3/../../../../arm-none-eabi/lib/armv7-m/libc.a(lib_a-reallocr.o)
                0x00000000000857a0                _realloc_r
 .text._sbrk_r  0x0000000000085b60       0x24 /home/n00b/.arduino15/packages/arduino/tools/arm-none-eabi-gcc/4.8.3-2014q1/bin/../lib/gcc/arm-none-eabi/4.8.3/../../../../arm-none-eabi/lib/armv7-m/libc.a(lib_a-sbrkr.o)
                0x0000000000085b60                _sbrk_r
 .text.sprintf  0x0000000000085b84       0x4c /home/n00b/.arduino15/packages/arduino/tools/arm-none-eabi-gcc/4.8.3-2014q1/bin/../lib/gcc/arm-none-eabi/4.8.3/../../../../arm-none-eabi/lib/armv7-m/libc.a(lib_a-sprintf.o)
                0x0000000000085b84                sprintf
 .text.__sread  0x0000000000085bd0       0x24 /home/n00b/.arduino15/packages/arduino/tools/arm-none-eabi-gcc/4.8.3-2014q1/bin/../lib/gcc/arm-none-eabi/4.8.3/../../../../arm-none-eabi/lib/armv7-m/libc.a(lib_a-stdio.o)
                0x0000000000085bd0                __sread
 .text.__swrite